2026-03-19 20:39:44,972 [INFO] Logging initialized. Output writing to C:\Dev\GannTesting\gann-visualizer\backend\logs\backend_session_20260319_203944.log
2026-03-19 20:39:44,973 [INFO] Successfully loaded ticker configuration from C:\Dev\GannTesting\gann-visualizer\backend\ticker_config.json
2026-03-19 20:39:44,974 [INFO] --- BACKEND RESTART v4 - PNL TRACKING ---
2026-03-19 20:39:44,974 [INFO] Middleware Stack: [Middleware(BaseHTTPMiddleware, dispatch=<function cors_middleware at 0x000001FEFDA36340>)]
2026-03-19 20:39:45,231 [INFO] 
2026-03-19 20:39:45,232 [INFO] ============================================================
2026-03-19 20:39:45,234 [INFO] [UDF_HISTORY] === NEW REQUEST ===
2026-03-19 20:39:45,234 [INFO] [UDF_HISTORY] symbol=^NSEI:YF, resolution=1
2026-03-19 20:39:45,234 [INFO] [UDF_HISTORY] from_=1773932382, to=1773932982, data_source=dhan
2026-03-19 20:39:45,234 [INFO] ============================================================
2026-03-19 20:39:45,235 [INFO] [YFinance] Client initialized
2026-03-19 20:39:45,236 [INFO] 
2026-03-19 20:39:45,237 [INFO] ============================================================
2026-03-19 20:39:45,237 [INFO] [UDF_HISTORY] INCOMING REQUEST
2026-03-19 20:39:45,237 [INFO]   Symbol: ^NSEI
2026-03-19 20:39:45,238 [INFO]   Data Source: yfinance
2026-03-19 20:39:45,238 [INFO]   Resolution: 1
2026-03-19 20:39:45,239 [INFO]   From (Unix): 1773932382 -> 2026-03-19 20:29:42
2026-03-19 20:39:45,239 [INFO]   To (Unix): 1773932982 -> 2026-03-19 20:39:42
2026-03-19 20:39:45,239 [INFO] ============================================================
2026-03-19 20:39:45,239 [INFO] [UDF_HISTORY] Calling client.fetch_data(^NSEI, 2026-03-19 20:29:42, 2026-03-19 20:39:42, interval=1)
2026-03-19 20:39:45,239 [INFO] Cache MISS: ^NSEI:1:2026-03-19 20:29:42:2026-03-19 20:39:42
2026-03-19 20:39:45,240 [INFO] [YFinance] Fetching ^NSEI | interval=1 -> 1m | 2026-03-19 20:29:42 to 2026-03-19 20:39:42
2026-03-19 20:39:45,240 [INFO] [YFinance] Using period=8d to get maximum available 1m data
2026-03-19 20:39:46,615 [INFO] [YFinance] Received 3000 bars
2026-03-19 20:39:46,627 [INFO] [YFinance] Returning 3000 bars, range: 2026-03-10 09:15:00 to 2026-03-19 15:29:00
2026-03-19 20:39:46,627 [INFO] Cache PUT: ^NSEI:1:2026-03-19 20:29:42:2026-03-19 20:39:42 (TTL: 300.0s, 3000 rows)
2026-03-19 20:39:46,628 [INFO] [UDF_HISTORY] fetch_data returned: type=<class 'pandas.core.frame.DataFrame'>, empty=False
2026-03-19 20:39:46,629 [INFO] [UDF_HISTORY] Raw data shape: (3000, 6), columns: ['timestamp', 'open', 'high', 'low', 'close', 'volume']
2026-03-19 20:39:46,629 [INFO] [UDF_HISTORY] Raw timestamp range: 1773114300 - 1773914340
2026-03-19 20:39:46,630 [INFO] [UDF_HISTORY] Raw date range: 2026-03-10 09:15:00 - 2026-03-19 15:29:00
2026-03-19 20:39:46,631 [INFO] DEBUG: fetch_data result type: <class 'pandas.core.frame.DataFrame'>
2026-03-19 20:39:46,631 [INFO] DEBUG: fetch_data result shape: (3000, 6)
2026-03-19 20:39:46,637 [INFO] DEBUG: Data Head:
2026-03-19 20:39:46,637 [INFO]     timestamp          open  ...         close  volume
2026-03-19 20:39:46,638 [INFO] 0  1773114300  24287.099609  ...  24195.800781       0
2026-03-19 20:39:46,638 [INFO] 1  1773114360  24197.099609  ...  24200.349609       0
2026-03-19 20:39:46,638 [INFO] 
2026-03-19 20:39:46,639 [INFO] [2 rows x 6 columns]
2026-03-19 20:39:46,639 [INFO] DEBUG: from_=1773932382 (2026-03-19 20:29:42)
2026-03-19 20:39:46,639 [INFO] DEBUG: to=1773932982 (2026-03-19 20:39:42)
2026-03-19 20:39:46,639 [INFO] DEBUG: df['timestamp'] dtype=int64
2026-03-19 20:39:46,639 [INFO] DEBUG: df timestamp range: 1773114300 - 1773914340
2026-03-19 20:39:46,640 [INFO] DEBUG: df timestamp as dates: 2026-03-10T09:15:00 - 2026-03-19T15:29:00
2026-03-19 20:39:46,640 [INFO] [LazyLoadFix] Intraday interval (1). Returning all 3000 bars without filtering.
2026-03-19 20:39:46,640 [INFO] PAGINATION: Returning 3000 bars for ^NSEI (1)
2026-03-19 20:39:46,661 [INFO] DEBUG CORS: Origin header received: 'http://localhost:5173'
2026-03-19 20:39:52,877 [INFO] 
2026-03-19 20:39:52,878 [INFO] ============================================================
2026-03-19 20:39:52,878 [INFO] [UDF_HISTORY] === NEW REQUEST ===
2026-03-19 20:39:52,879 [INFO] [UDF_HISTORY] symbol=^NSEI:YF, resolution=1
2026-03-19 20:39:52,879 [INFO] [UDF_HISTORY] from_=1773932392, to=1773932992, data_source=dhan
2026-03-19 20:39:52,880 [INFO] ============================================================
2026-03-19 20:39:52,880 [INFO] [YFinance] Client initialized
2026-03-19 20:39:52,881 [INFO] 
2026-03-19 20:39:52,881 [INFO] ============================================================
2026-03-19 20:39:52,881 [INFO] [UDF_HISTORY] INCOMING REQUEST
2026-03-19 20:39:52,882 [INFO]   Symbol: ^NSEI
2026-03-19 20:39:52,882 [INFO]   Data Source: yfinance
2026-03-19 20:39:52,882 [INFO]   Resolution: 1
2026-03-19 20:39:52,882 [INFO]   From (Unix): 1773932392 -> 2026-03-19 20:29:52
2026-03-19 20:39:52,882 [INFO]   To (Unix): 1773932992 -> 2026-03-19 20:39:52
2026-03-19 20:39:52,882 [INFO] ============================================================
2026-03-19 20:39:52,882 [INFO] [UDF_HISTORY] Calling client.fetch_data(^NSEI, 2026-03-19 20:29:52, 2026-03-19 20:39:52, interval=1)
2026-03-19 20:39:52,883 [INFO] Cache MISS: ^NSEI:1:2026-03-19 20:29:52:2026-03-19 20:39:52
2026-03-19 20:39:52,883 [INFO] [YFinance] Fetching ^NSEI | interval=1 -> 1m | 2026-03-19 20:29:52 to 2026-03-19 20:39:52
2026-03-19 20:39:52,883 [INFO] [YFinance] Using period=8d to get maximum available 1m data
2026-03-19 20:39:53,045 [INFO] [YFinance] Received 3000 bars
2026-03-19 20:39:53,052 [INFO] [YFinance] Returning 3000 bars, range: 2026-03-10 09:15:00 to 2026-03-19 15:29:00
2026-03-19 20:39:53,053 [INFO] Cache PUT: ^NSEI:1:2026-03-19 20:29:52:2026-03-19 20:39:52 (TTL: 300.0s, 3000 rows)
2026-03-19 20:39:53,054 [INFO] [UDF_HISTORY] fetch_data returned: type=<class 'pandas.core.frame.DataFrame'>, empty=False
2026-03-19 20:39:53,054 [INFO] [UDF_HISTORY] Raw data shape: (3000, 6), columns: ['timestamp', 'open', 'high', 'low', 'close', 'volume']
2026-03-19 20:39:53,055 [INFO] [UDF_HISTORY] Raw timestamp range: 1773114300 - 1773914340
2026-03-19 20:39:53,056 [INFO] [UDF_HISTORY] Raw date range: 2026-03-10 09:15:00 - 2026-03-19 15:29:00
2026-03-19 20:39:53,057 [INFO] DEBUG: fetch_data result type: <class 'pandas.core.frame.DataFrame'>
2026-03-19 20:39:53,057 [INFO] DEBUG: fetch_data result shape: (3000, 6)
2026-03-19 20:39:53,062 [INFO] DEBUG: Data Head:
2026-03-19 20:39:53,062 [INFO]     timestamp          open  ...         close  volume
2026-03-19 20:39:53,063 [INFO] 0  1773114300  24287.099609  ...  24195.800781       0
2026-03-19 20:39:53,063 [INFO] 1  1773114360  24197.099609  ...  24200.349609       0
2026-03-19 20:39:53,063 [INFO] 
2026-03-19 20:39:53,063 [INFO] [2 rows x 6 columns]
2026-03-19 20:39:53,064 [INFO] DEBUG: from_=1773932392 (2026-03-19 20:29:52)
2026-03-19 20:39:53,064 [INFO] DEBUG: to=1773932992 (2026-03-19 20:39:52)
2026-03-19 20:39:53,064 [INFO] DEBUG: df['timestamp'] dtype=int64
2026-03-19 20:39:53,065 [INFO] DEBUG: df timestamp range: 1773114300 - 1773914340
2026-03-19 20:39:53,065 [INFO] DEBUG: df timestamp as dates: 2026-03-10T09:15:00 - 2026-03-19T15:29:00
2026-03-19 20:39:53,065 [INFO] [LazyLoadFix] Intraday interval (1). Returning all 3000 bars without filtering.
2026-03-19 20:39:53,066 [INFO] PAGINATION: Returning 3000 bars for ^NSEI (1)
2026-03-19 20:39:53,088 [INFO] DEBUG CORS: Origin header received: 'http://localhost:5173'
2026-03-19 20:40:03,193 [INFO] 
2026-03-19 20:40:03,194 [INFO] ============================================================
2026-03-19 20:40:03,195 [INFO] [UDF_HISTORY] === NEW REQUEST ===
2026-03-19 20:40:03,196 [INFO] [UDF_HISTORY] symbol=^NSEI:YF, resolution=1
2026-03-19 20:40:03,196 [INFO] [UDF_HISTORY] from_=1773932402, to=1773933002, data_source=dhan
2026-03-19 20:40:03,197 [INFO] ============================================================
2026-03-19 20:40:03,197 [INFO] [YFinance] Client initialized
2026-03-19 20:40:03,198 [INFO] 
2026-03-19 20:40:03,198 [INFO] ============================================================
2026-03-19 20:40:03,198 [INFO] [UDF_HISTORY] INCOMING REQUEST
2026-03-19 20:40:03,199 [INFO]   Symbol: ^NSEI
2026-03-19 20:40:03,199 [INFO]   Data Source: yfinance
2026-03-19 20:40:03,199 [INFO]   Resolution: 1
2026-03-19 20:40:03,200 [INFO]   From (Unix): 1773932402 -> 2026-03-19 20:30:02
2026-03-19 20:40:03,200 [INFO]   To (Unix): 1773933002 -> 2026-03-19 20:40:02
2026-03-19 20:40:03,200 [INFO] ============================================================
2026-03-19 20:40:03,200 [INFO] [UDF_HISTORY] Calling client.fetch_data(^NSEI, 2026-03-19 20:30:02, 2026-03-19 20:40:02, interval=1)
2026-03-19 20:40:03,201 [INFO] Cache MISS: ^NSEI:1:2026-03-19 20:30:02:2026-03-19 20:40:02
2026-03-19 20:40:03,201 [INFO] [YFinance] Fetching ^NSEI | interval=1 -> 1m | 2026-03-19 20:30:02 to 2026-03-19 20:40:02
2026-03-19 20:40:03,201 [INFO] [YFinance] Using period=8d to get maximum available 1m data
2026-03-19 20:40:04,335 [INFO] [YFinance] Received 3000 bars
2026-03-19 20:40:04,349 [INFO] [YFinance] Returning 3000 bars, range: 2026-03-10 09:15:00 to 2026-03-19 15:29:00
2026-03-19 20:40:04,350 [INFO] Cache PUT: ^NSEI:1:2026-03-19 20:30:02:2026-03-19 20:40:02 (TTL: 300.0s, 3000 rows)
2026-03-19 20:40:04,351 [INFO] [UDF_HISTORY] fetch_data returned: type=<class 'pandas.core.frame.DataFrame'>, empty=False
2026-03-19 20:40:04,351 [INFO] [UDF_HISTORY] Raw data shape: (3000, 6), columns: ['timestamp', 'open', 'high', 'low', 'close', 'volume']
2026-03-19 20:40:04,352 [INFO] [UDF_HISTORY] Raw timestamp range: 1773114300 - 1773914340
2026-03-19 20:40:04,353 [INFO] [UDF_HISTORY] Raw date range: 2026-03-10 09:15:00 - 2026-03-19 15:29:00
2026-03-19 20:40:04,354 [INFO] DEBUG: fetch_data result type: <class 'pandas.core.frame.DataFrame'>
2026-03-19 20:40:04,354 [INFO] DEBUG: fetch_data result shape: (3000, 6)
2026-03-19 20:40:04,368 [INFO] DEBUG: Data Head:
2026-03-19 20:40:04,368 [INFO]     timestamp          open  ...         close  volume
2026-03-19 20:40:04,369 [INFO] 0  1773114300  24287.099609  ...  24195.800781       0
2026-03-19 20:40:04,369 [INFO] 1  1773114360  24197.099609  ...  24200.349609       0
2026-03-19 20:40:04,369 [INFO] 
2026-03-19 20:40:04,370 [INFO] [2 rows x 6 columns]
2026-03-19 20:40:04,370 [INFO] DEBUG: from_=1773932402 (2026-03-19 20:30:02)
2026-03-19 20:40:04,371 [INFO] DEBUG: to=1773933002 (2026-03-19 20:40:02)
2026-03-19 20:40:04,371 [INFO] DEBUG: df['timestamp'] dtype=int64
2026-03-19 20:40:04,372 [INFO] DEBUG: df timestamp range: 1773114300 - 1773914340
2026-03-19 20:40:04,372 [INFO] DEBUG: df timestamp as dates: 2026-03-10T09:15:00 - 2026-03-19T15:29:00
2026-03-19 20:40:04,374 [INFO] [LazyLoadFix] Intraday interval (1). Returning all 3000 bars without filtering.
2026-03-19 20:40:04,374 [INFO] PAGINATION: Returning 3000 bars for ^NSEI (1)
2026-03-19 20:40:04,422 [INFO] DEBUG CORS: Origin header received: 'http://localhost:5173'
2026-03-19 20:40:04,955 [INFO] DEBUG CORS: Origin header received: 'http://localhost:5173'
2026-03-19 20:40:04,972 [INFO] DEBUG CORS: Origin header received: 'http://localhost:5173'
2026-03-19 20:40:05,305 [INFO] [YFinance] Client initialized
2026-03-19 20:40:05,306 [INFO] DEBUG CORS: Origin header received: 'http://localhost:5173'
2026-03-19 20:40:05,379 [INFO] 
2026-03-19 20:40:05,380 [INFO] ============================================================
2026-03-19 20:40:05,380 [INFO] [UDF_HISTORY] === NEW REQUEST ===
2026-03-19 20:40:05,380 [INFO] [UDF_HISTORY] symbol=^NSEI:YF, resolution=1
2026-03-19 20:40:05,381 [INFO] [UDF_HISTORY] from_=1773863945, to=1773933065, data_source=yfinance
2026-03-19 20:40:05,381 [INFO] ============================================================
2026-03-19 20:40:05,381 [INFO] [YFinance] Client initialized
2026-03-19 20:40:05,382 [INFO] 
2026-03-19 20:40:05,382 [INFO] ============================================================
2026-03-19 20:40:05,382 [INFO] [UDF_HISTORY] INCOMING REQUEST
2026-03-19 20:40:05,383 [INFO]   Symbol: ^NSEI
2026-03-19 20:40:05,383 [INFO]   Data Source: yfinance
2026-03-19 20:40:05,384 [INFO]   Resolution: 1
2026-03-19 20:40:05,384 [INFO]   From (Unix): 1773863945 -> 2026-03-19 01:29:05
2026-03-19 20:40:05,384 [INFO]   To (Unix): 1773933065 -> 2026-03-19 20:41:05
2026-03-19 20:40:05,385 [INFO] ============================================================
2026-03-19 20:40:05,385 [INFO] [UDF_HISTORY] Calling client.fetch_data(^NSEI, 2026-03-19 01:29:05, 2026-03-19 20:41:05, interval=1)
2026-03-19 20:40:05,385 [INFO] Cache MISS: ^NSEI:1:2026-03-19 01:29:05:2026-03-19 20:41:05
2026-03-19 20:40:05,386 [INFO] [YFinance] Fetching ^NSEI | interval=1 -> 1m | 2026-03-19 01:29:05 to 2026-03-19 20:41:05
2026-03-19 20:40:05,386 [INFO] [YFinance] Using period=8d to get maximum available 1m data
2026-03-19 20:40:05,622 [INFO] [YFinance] Received 3000 bars
2026-03-19 20:40:05,636 [INFO] [YFinance] Returning 3000 bars, range: 2026-03-10 09:15:00 to 2026-03-19 15:29:00
2026-03-19 20:40:05,637 [INFO] Cache PUT: ^NSEI:1:2026-03-19 01:29:05:2026-03-19 20:41:05 (TTL: 300.0s, 3000 rows)
2026-03-19 20:40:05,638 [INFO] [UDF_HISTORY] fetch_data returned: type=<class 'pandas.core.frame.DataFrame'>, empty=False
2026-03-19 20:40:05,638 [INFO] [UDF_HISTORY] Raw data shape: (3000, 6), columns: ['timestamp', 'open', 'high', 'low', 'close', 'volume']
2026-03-19 20:40:05,639 [INFO] [UDF_HISTORY] Raw timestamp range: 1773114300 - 1773914340
2026-03-19 20:40:05,639 [INFO] [UDF_HISTORY] Raw date range: 2026-03-10 09:15:00 - 2026-03-19 15:29:00
2026-03-19 20:40:05,640 [INFO] DEBUG: fetch_data result type: <class 'pandas.core.frame.DataFrame'>
2026-03-19 20:40:05,640 [INFO] DEBUG: fetch_data result shape: (3000, 6)
2026-03-19 20:40:05,644 [INFO] DEBUG: Data Head:
2026-03-19 20:40:05,645 [INFO]     timestamp          open  ...         close  volume
2026-03-19 20:40:05,646 [INFO] 0  1773114300  24287.099609  ...  24195.800781       0
2026-03-19 20:40:05,646 [INFO] 1  1773114360  24197.099609  ...  24200.349609       0
2026-03-19 20:40:05,646 [INFO] 
2026-03-19 20:40:05,647 [INFO] [2 rows x 6 columns]
2026-03-19 20:40:05,647 [INFO] DEBUG: from_=1773863945 (2026-03-19 01:29:05)
2026-03-19 20:40:05,647 [INFO] DEBUG: to=1773933065 (2026-03-19 20:41:05)
2026-03-19 20:40:05,647 [INFO] DEBUG: df['timestamp'] dtype=int64
2026-03-19 20:40:05,648 [INFO] DEBUG: df timestamp range: 1773114300 - 1773914340
2026-03-19 20:40:05,648 [INFO] DEBUG: df timestamp as dates: 2026-03-10T09:15:00 - 2026-03-19T15:29:00
2026-03-19 20:40:05,648 [INFO] [LazyLoadFix] Intraday interval (1). Returning all 3000 bars without filtering.
2026-03-19 20:40:05,648 [INFO] PAGINATION: Returning 3000 bars for ^NSEI (1)
2026-03-19 20:40:05,678 [INFO] DEBUG CORS: Origin header received: 'http://localhost:5173'
2026-03-19 20:40:05,706 [INFO] DEBUG CORS: Origin header received: 'http://localhost:5173'
2026-03-19 20:40:10,610 [INFO] 
2026-03-19 20:40:10,611 [INFO] ============================================================
2026-03-19 20:40:10,612 [INFO] [UDF_HISTORY] === NEW REQUEST ===
2026-03-19 20:40:10,613 [INFO] [UDF_HISTORY] symbol=^NSEI:YF, resolution=4
2026-03-19 20:40:10,614 [INFO] [UDF_HISTORY] from_=1773656590, to=1773933070, data_source=yfinance
2026-03-19 20:40:10,614 [INFO] ============================================================
2026-03-19 20:40:10,614 [INFO] [YFinance] Client initialized
2026-03-19 20:40:10,616 [INFO] 
2026-03-19 20:40:10,616 [INFO] ============================================================
2026-03-19 20:40:10,617 [INFO] [UDF_HISTORY] INCOMING REQUEST
2026-03-19 20:40:10,617 [INFO]   Symbol: ^NSEI
2026-03-19 20:40:10,617 [INFO]   Data Source: yfinance
2026-03-19 20:40:10,617 [INFO]   Resolution: 4
2026-03-19 20:40:10,618 [INFO]   From (Unix): 1773656590 -> 2026-03-16 15:53:10
2026-03-19 20:40:10,618 [INFO]   To (Unix): 1773933070 -> 2026-03-19 20:41:10
2026-03-19 20:40:10,618 [INFO] ============================================================
2026-03-19 20:40:10,618 [INFO] [UDF_HISTORY] Calling client.fetch_data(^NSEI, 2026-03-16 15:53:10, 2026-03-19 20:41:10, interval=4)
2026-03-19 20:40:10,619 [INFO] Cache MISS: ^NSEI:4:2026-03-16 15:53:10:2026-03-19 20:41:10
2026-03-19 20:40:10,619 [INFO] [YFinance] Fetching ^NSEI | interval=4 -> 1m | 2026-03-16 15:53:10 to 2026-03-19 20:41:10
2026-03-19 20:40:10,620 [INFO] [YFinance] Using period=8d to get maximum available 4m data
2026-03-19 20:40:11,072 [INFO] [YFinance] Received 3000 bars
2026-03-19 20:40:11,085 [INFO] [YFinance] Aggregating 3000 1m bars into 4m candles...
2026-03-19 20:40:11,321 [INFO] [YFinance] Aggregated to 752 4m candles
2026-03-19 20:40:11,321 [INFO] [YFinance] Returning 752 bars, range: 2026-03-10 09:15:00 to 2026-03-19 15:27:00
2026-03-19 20:40:11,322 [INFO] Cache PUT: ^NSEI:4:2026-03-16 15:53:10:2026-03-19 20:41:10 (TTL: 300.0s, 752 rows)
2026-03-19 20:40:11,322 [INFO] [UDF_HISTORY] fetch_data returned: type=<class 'pandas.core.frame.DataFrame'>, empty=False
2026-03-19 20:40:11,323 [INFO] [UDF_HISTORY] Raw data shape: (752, 6), columns: ['timestamp', 'open', 'high', 'low', 'close', 'volume']
2026-03-19 20:40:11,323 [INFO] [UDF_HISTORY] Raw timestamp range: 1773114300 - 1773914220
2026-03-19 20:40:11,324 [INFO] [UDF_HISTORY] Raw date range: 2026-03-10 09:15:00 - 2026-03-19 15:27:00
2026-03-19 20:40:11,324 [INFO] DEBUG: fetch_data result type: <class 'pandas.core.frame.DataFrame'>
2026-03-19 20:40:11,325 [INFO] DEBUG: fetch_data result shape: (752, 6)
2026-03-19 20:40:11,332 [INFO] DEBUG: Data Head:
2026-03-19 20:40:11,332 [INFO]     timestamp          open  ...         close  volume
2026-03-19 20:40:11,333 [INFO] 0  1773114300  24287.099609  ...  24161.199219       0
2026-03-19 20:40:11,333 [INFO] 1  1773114540  24158.300781  ...  24163.400391       0
2026-03-19 20:40:11,333 [INFO] 
2026-03-19 20:40:11,334 [INFO] [2 rows x 6 columns]
2026-03-19 20:40:11,334 [INFO] DEBUG: from_=1773656590 (2026-03-16 15:53:10)
2026-03-19 20:40:11,335 [INFO] DEBUG: to=1773933070 (2026-03-19 20:41:10)
2026-03-19 20:40:11,335 [INFO] DEBUG: df['timestamp'] dtype=int64
2026-03-19 20:40:11,336 [INFO] DEBUG: df timestamp range: 1773114300 - 1773914220
2026-03-19 20:40:11,336 [INFO] DEBUG: df timestamp as dates: 2026-03-10T09:15:00 - 2026-03-19T15:27:00
2026-03-19 20:40:11,336 [INFO] [LazyLoadFix] Intraday interval (4). Returning all 752 bars without filtering.
2026-03-19 20:40:11,337 [INFO] PAGINATION: Returning 752 bars for ^NSEI (4)
2026-03-19 20:40:11,348 [INFO] DEBUG CORS: Origin header received: 'http://localhost:5173'
2026-03-19 20:40:12,051 [INFO] DEBUG CORS: Origin header received: 'http://localhost:5173'
2026-03-19 20:40:12,059 [INFO] [Step-by-Step] Fetching candles: ^NSEI [yfinance] from 2025-11-07 to 2026-03-19, resolution: 4
2026-03-19 20:40:12,060 [INFO] [Step-by-Step] Lookback bars requested: 5000
2026-03-19 20:40:12,060 [INFO] [YFinance] Client initialized
2026-03-19 20:40:12,061 [INFO] [Step-by-Step] Adjusted from_date: 2025-11-07 -> 2025-09-08 (expanded lookback: 60 days)
2026-03-19 20:40:12,061 [INFO] Cache MISS: ^NSEI:4:2025-09-08:2026-03-19
2026-03-19 20:40:12,062 [INFO] [YFinance] Fetching ^NSEI | interval=4 -> 1m | 2025-09-08 to 2026-03-19
2026-03-19 20:40:12,063 [INFO] [YFinance] Using period=8d to get maximum available 4m data
2026-03-19 20:40:12,421 [INFO] [YFinance] Received 3000 bars
2026-03-19 20:40:12,433 [INFO] [YFinance] Aggregating 3000 1m bars into 4m candles...
2026-03-19 20:40:12,624 [INFO] [YFinance] Aggregated to 752 4m candles
2026-03-19 20:40:12,624 [INFO] [YFinance] Returning 752 bars, range: 2026-03-10 09:15:00 to 2026-03-19 15:27:00
2026-03-19 20:40:12,625 [INFO] Cache PUT: ^NSEI:4:2025-09-08:2026-03-19 (TTL: 300.0s, 752 rows)
2026-03-19 20:40:12,628 [INFO] [FetchCandles] YFinance clamped date: requested 2025-11-07 (1762453800) -> actual 2026-03-10 (1773114300)
2026-03-19 20:40:12,628 [INFO] [FetchCandles] Pre-calculating historical state for angular_coverage
2026-03-19 20:40:12,648 [INFO] Initialized AngularPriceCoverageStudy v4.0. Config: {'left_bars': 5, 'right_bars': 5, 'line_extension_bars': 100, 'fraction_colors': {0.125: '#FF5252', 0.25: '#FF5252', 0.375: '#FF5252', 0.5: '#2196F3', 0.625: '#4CAF50', 0.75: '#4CAF50', 0.875: '#4CAF50', 1.0: '#FFFFFF'}, 'main_color': '#FFFFFF', 'main_line_width': 1, 'fraction_line_width': 2, 'scale_ratio': 1.0, 'breach_mode': 'wick', 'show_intersection_labels': False, 'max_historical_fans': 3, 'resolution': '4'}
2026-03-19 20:40:12,649 [INFO] [FetchCandles] Initializing study state on 752 bars...
2026-03-19 20:40:12,649 [INFO] [FetchCandles] Replay Start: 2025-11-07 (1762453800). Cutoff Index: -1 (Last Lookback Bar)
2026-03-19 20:40:12,650 [INFO] [FetchCandles] No lookback context found (cutoff_index=-1). Starting with empty state.
2026-03-19 20:40:12,650 [INFO] [Replay] Returning 752 candles, option_cache_ready: False, Initial Markers: 0
2026-03-19 20:40:12,670 [INFO] DEBUG CORS: Origin header received: 'http://localhost:5173'
2026-03-19 20:40:12,681 [INFO] DEBUG CORS: Origin header received: 'http://localhost:5173'
2026-03-19 20:40:12,685 [INFO] DEBUG CORS: Origin header received: 'http://localhost:5173'
2026-03-19 20:40:13,045 [INFO] DEBUG CORS: Origin header received: 'http://localhost:5173'
2026-03-19 20:40:13,050 [INFO] Initialized AngularPriceCoverageStudy v4.0. Config: {'left_bars': 5, 'right_bars': 5, 'line_extension_bars': 100, 'fraction_colors': {0.125: '#FF5252', 0.25: '#FF5252', 0.375: '#FF5252', 0.5: '#2196F3', 0.625: '#4CAF50', 0.75: '#4CAF50', 0.875: '#4CAF50', 1.0: '#FFFFFF'}, 'main_color': '#FFFFFF', 'main_line_width': 1, 'fraction_line_width': 2, 'scale_ratio': 3.6603, 'breach_mode': 'wick', 'show_intersection_labels': False, 'max_historical_fans': 3, 'resolution': '4', 'symbol': '^NSEI'}
2026-03-19 20:40:13,052 [INFO] [Study] Evaluating AngularPriceCoverageStudy (config: {'resolution': '4', 'symbol': '^NSEI', 'scale_ratio': 3.6603, 'left_bars': 5, 'right_bars': 5, 'show_intersection_labels': False})
2026-03-19 20:40:13,053 [INFO] [Study] Slow path: Rebuilding from 0 to 0
2026-03-19 20:40:13,053 [INFO] [IntDet] Bar 0 | 2026-03-10 09:15 | H=24296.90 L=24161.20 C=24161.20 | Fans=0 Lines=0
2026-03-19 20:40:13,053 [INFO] [Study] Index 0: Added 0 pivot markers from study
2026-03-19 20:40:13,054 [INFO] DEBUG CORS: Origin header received: 'http://localhost:5173'
2026-03-19 20:40:19,829 [INFO] DEBUG CORS: Origin header received: 'http://localhost:5173'
2026-03-19 20:40:19,834 [INFO] Initialized AngularPriceCoverageStudy v4.0. Config: {'left_bars': 5, 'right_bars': 5, 'line_extension_bars': 100, 'fraction_colors': {0.125: '#FF5252', 0.25: '#FF5252', 0.375: '#FF5252', 0.5: '#2196F3', 0.625: '#4CAF50', 0.75: '#4CAF50', 0.875: '#4CAF50', 1.0: '#FFFFFF'}, 'main_color': '#FFFFFF', 'main_line_width': 1, 'fraction_line_width': 2, 'scale_ratio': 3.6603, 'breach_mode': 'wick', 'show_intersection_labels': False, 'max_historical_fans': 3, 'resolution': '4', 'symbol': '^NSEI'}
2026-03-19 20:40:19,834 [INFO] [Study] Evaluating AngularPriceCoverageStudy (config: {'resolution': '4', 'symbol': '^NSEI', 'scale_ratio': 3.6603, 'left_bars': 5, 'right_bars': 5, 'show_intersection_labels': False})
2026-03-19 20:40:19,835 [INFO] [IntDet] Bar 1 | 2026-03-10 09:19 | H=24174.65 L=24138.60 C=24163.40 | Fans=0 Lines=0
2026-03-19 20:40:19,835 [INFO] DEBUG CORS: Origin header received: 'http://localhost:5173'
2026-03-19 20:40:21,084 [INFO] Initialized AngularPriceCoverageStudy v4.0. Config: {'left_bars': 5, 'right_bars': 5, 'line_extension_bars': 100, 'fraction_colors': {0.125: '#FF5252', 0.25: '#FF5252', 0.375: '#FF5252', 0.5: '#2196F3', 0.625: '#4CAF50', 0.75: '#4CAF50', 0.875: '#4CAF50', 1.0: '#FFFFFF'}, 'main_color': '#FFFFFF', 'main_line_width': 1, 'fraction_line_width': 2, 'scale_ratio': 3.6603, 'breach_mode': 'wick', 'show_intersection_labels': False, 'max_historical_fans': 3, 'resolution': '4', 'symbol': '^NSEI'}
2026-03-19 20:40:21,084 [INFO] [Study] Evaluating AngularPriceCoverageStudy (config: {'resolution': '4', 'symbol': '^NSEI', 'scale_ratio': 3.6603, 'left_bars': 5, 'right_bars': 5, 'show_intersection_labels': False})
2026-03-19 20:40:21,085 [INFO] [IntDet] Bar 2 | 2026-03-10 09:23 | H=24174.10 L=24126.60 C=24129.65 | Fans=0 Lines=0
2026-03-19 20:40:21,085 [INFO] DEBUG CORS: Origin header received: 'http://localhost:5173'
2026-03-19 20:40:22,035 [INFO] Initialized AngularPriceCoverageStudy v4.0. Config: {'left_bars': 5, 'right_bars': 5, 'line_extension_bars': 100, 'fraction_colors': {0.125: '#FF5252', 0.25: '#FF5252', 0.375: '#FF5252', 0.5: '#2196F3', 0.625: '#4CAF50', 0.75: '#4CAF50', 0.875: '#4CAF50', 1.0: '#FFFFFF'}, 'main_color': '#FFFFFF', 'main_line_width': 1, 'fraction_line_width': 2, 'scale_ratio': 3.6603, 'breach_mode': 'wick', 'show_intersection_labels': False, 'max_historical_fans': 3, 'resolution': '4', 'symbol': '^NSEI'}
2026-03-19 20:40:22,036 [INFO] [Study] Evaluating AngularPriceCoverageStudy (config: {'resolution': '4', 'symbol': '^NSEI', 'scale_ratio': 3.6603, 'left_bars': 5, 'right_bars': 5, 'show_intersection_labels': False})
2026-03-19 20:40:22,036 [INFO] [IntDet] Bar 3 | 2026-03-10 09:27 | H=24171.20 L=24126.05 C=24133.10 | Fans=0 Lines=0
2026-03-19 20:40:22,037 [INFO] DEBUG CORS: Origin header received: 'http://localhost:5173'
2026-03-19 20:40:22,906 [INFO] Initialized AngularPriceCoverageStudy v4.0. Config: {'left_bars': 5, 'right_bars': 5, 'line_extension_bars': 100, 'fraction_colors': {0.125: '#FF5252', 0.25: '#FF5252', 0.375: '#FF5252', 0.5: '#2196F3', 0.625: '#4CAF50', 0.75: '#4CAF50', 0.875: '#4CAF50', 1.0: '#FFFFFF'}, 'main_color': '#FFFFFF', 'main_line_width': 1, 'fraction_line_width': 2, 'scale_ratio': 3.6603, 'breach_mode': 'wick', 'show_intersection_labels': False, 'max_historical_fans': 3, 'resolution': '4', 'symbol': '^NSEI'}
2026-03-19 20:40:22,907 [INFO] [Study] Evaluating AngularPriceCoverageStudy (config: {'resolution': '4', 'symbol': '^NSEI', 'scale_ratio': 3.6603, 'left_bars': 5, 'right_bars': 5, 'show_intersection_labels': False})
2026-03-19 20:40:22,908 [INFO] [IntDet] Bar 4 | 2026-03-10 09:31 | H=24155.50 L=24121.30 C=24124.45 | Fans=0 Lines=0
2026-03-19 20:40:22,908 [INFO] DEBUG CORS: Origin header received: 'http://localhost:5173'
2026-03-19 20:40:23,958 [INFO] Initialized AngularPriceCoverageStudy v4.0. Config: {'left_bars': 5, 'right_bars': 5, 'line_extension_bars': 100, 'fraction_colors': {0.125: '#FF5252', 0.25: '#FF5252', 0.375: '#FF5252', 0.5: '#2196F3', 0.625: '#4CAF50', 0.75: '#4CAF50', 0.875: '#4CAF50', 1.0: '#FFFFFF'}, 'main_color': '#FFFFFF', 'main_line_width': 1, 'fraction_line_width': 2, 'scale_ratio': 3.6603, 'breach_mode': 'wick', 'show_intersection_labels': False, 'max_historical_fans': 3, 'resolution': '4', 'symbol': '^NSEI'}
2026-03-19 20:40:23,959 [INFO] [Study] Evaluating AngularPriceCoverageStudy (config: {'resolution': '4', 'symbol': '^NSEI', 'scale_ratio': 3.6603, 'left_bars': 5, 'right_bars': 5, 'show_intersection_labels': False})
2026-03-19 20:40:23,959 [INFO] [IntDet] Bar 5 | 2026-03-10 09:35 | H=24124.25 L=24086.40 C=24107.95 | Fans=0 Lines=0
2026-03-19 20:40:23,960 [INFO] DEBUG CORS: Origin header received: 'http://localhost:5173'
2026-03-19 20:40:24,988 [INFO] DEBUG CORS: Origin header received: 'http://localhost:5173'
2026-03-19 20:40:24,993 [INFO] Initialized AngularPriceCoverageStudy v4.0. Config: {'left_bars': 5, 'right_bars': 5, 'line_extension_bars': 100, 'fraction_colors': {0.125: '#FF5252', 0.25: '#FF5252', 0.375: '#FF5252', 0.5: '#2196F3', 0.625: '#4CAF50', 0.75: '#4CAF50', 0.875: '#4CAF50', 1.0: '#FFFFFF'}, 'main_color': '#FFFFFF', 'main_line_width': 1, 'fraction_line_width': 2, 'scale_ratio': 3.6603, 'breach_mode': 'wick', 'show_intersection_labels': False, 'max_historical_fans': 3, 'resolution': '4', 'symbol': '^NSEI'}
2026-03-19 20:40:24,995 [INFO] [Study] Evaluating AngularPriceCoverageStudy (config: {'resolution': '4', 'symbol': '^NSEI', 'scale_ratio': 3.6603, 'left_bars': 5, 'right_bars': 5, 'show_intersection_labels': False})
2026-03-19 20:40:24,995 [INFO] [IntDet] Bar 6 | 2026-03-10 09:39 | H=24117.40 L=24089.35 C=24117.40 | Fans=0 Lines=0
2026-03-19 20:40:24,996 [INFO] DEBUG CORS: Origin header received: 'http://localhost:5173'
2026-03-19 20:40:25,717 [INFO] Initialized AngularPriceCoverageStudy v4.0. Config: {'left_bars': 5, 'right_bars': 5, 'line_extension_bars': 100, 'fraction_colors': {0.125: '#FF5252', 0.25: '#FF5252', 0.375: '#FF5252', 0.5: '#2196F3', 0.625: '#4CAF50', 0.75: '#4CAF50', 0.875: '#4CAF50', 1.0: '#FFFFFF'}, 'main_color': '#FFFFFF', 'main_line_width': 1, 'fraction_line_width': 2, 'scale_ratio': 3.6603, 'breach_mode': 'wick', 'show_intersection_labels': False, 'max_historical_fans': 3, 'resolution': '4', 'symbol': '^NSEI'}
2026-03-19 20:40:25,718 [INFO] [Study] Evaluating AngularPriceCoverageStudy (config: {'resolution': '4', 'symbol': '^NSEI', 'scale_ratio': 3.6603, 'left_bars': 5, 'right_bars': 5, 'show_intersection_labels': False})
2026-03-19 20:40:25,718 [INFO] [IntDet] Bar 7 | 2026-03-10 09:43 | H=24157.20 L=24114.45 C=24149.30 | Fans=0 Lines=0
2026-03-19 20:40:25,719 [INFO] DEBUG CORS: Origin header received: 'http://localhost:5173'
2026-03-19 20:40:26,534 [INFO] Initialized AngularPriceCoverageStudy v4.0. Config: {'left_bars': 5, 'right_bars': 5, 'line_extension_bars': 100, 'fraction_colors': {0.125: '#FF5252', 0.25: '#FF5252', 0.375: '#FF5252', 0.5: '#2196F3', 0.625: '#4CAF50', 0.75: '#4CAF50', 0.875: '#4CAF50', 1.0: '#FFFFFF'}, 'main_color': '#FFFFFF', 'main_line_width': 1, 'fraction_line_width': 2, 'scale_ratio': 3.6603, 'breach_mode': 'wick', 'show_intersection_labels': False, 'max_historical_fans': 3, 'resolution': '4', 'symbol': '^NSEI'}
2026-03-19 20:40:26,535 [INFO] [Study] Evaluating AngularPriceCoverageStudy (config: {'resolution': '4', 'symbol': '^NSEI', 'scale_ratio': 3.6603, 'left_bars': 5, 'right_bars': 5, 'show_intersection_labels': False})
2026-03-19 20:40:26,536 [INFO] [IntDet] Bar 8 | 2026-03-10 09:47 | H=24150.60 L=24115.05 C=24138.60 | Fans=0 Lines=0
2026-03-19 20:40:26,536 [INFO] DEBUG CORS: Origin header received: 'http://localhost:5173'
2026-03-19 20:40:27,259 [INFO] Initialized AngularPriceCoverageStudy v4.0. Config: {'left_bars': 5, 'right_bars': 5, 'line_extension_bars': 100, 'fraction_colors': {0.125: '#FF5252', 0.25: '#FF5252', 0.375: '#FF5252', 0.5: '#2196F3', 0.625: '#4CAF50', 0.75: '#4CAF50', 0.875: '#4CAF50', 1.0: '#FFFFFF'}, 'main_color': '#FFFFFF', 'main_line_width': 1, 'fraction_line_width': 2, 'scale_ratio': 3.6603, 'breach_mode': 'wick', 'show_intersection_labels': False, 'max_historical_fans': 3, 'resolution': '4', 'symbol': '^NSEI'}
2026-03-19 20:40:27,260 [INFO] [Study] Evaluating AngularPriceCoverageStudy (config: {'resolution': '4', 'symbol': '^NSEI', 'scale_ratio': 3.6603, 'left_bars': 5, 'right_bars': 5, 'show_intersection_labels': False})
2026-03-19 20:40:27,261 [INFO] [IntDet] Bar 9 | 2026-03-10 09:51 | H=24139.20 L=24121.80 C=24131.40 | Fans=0 Lines=0
2026-03-19 20:40:27,262 [INFO] DEBUG CORS: Origin header received: 'http://localhost:5173'
2026-03-19 20:40:32,434 [INFO] DEBUG CORS: Origin header received: 'http://localhost:5173'
2026-03-19 20:40:32,438 [INFO] Initialized AngularPriceCoverageStudy v4.0. Config: {'left_bars': 5, 'right_bars': 5, 'line_extension_bars': 100, 'fraction_colors': {0.125: '#FF5252', 0.25: '#FF5252', 0.375: '#FF5252', 0.5: '#2196F3', 0.625: '#4CAF50', 0.75: '#4CAF50', 0.875: '#4CAF50', 1.0: '#FFFFFF'}, 'main_color': '#FFFFFF', 'main_line_width': 1, 'fraction_line_width': 2, 'scale_ratio': 3.6603, 'breach_mode': 'wick', 'show_intersection_labels': False, 'max_historical_fans': 3, 'resolution': '4', 'symbol': '^NSEI'}
2026-03-19 20:40:32,438 [INFO] [Study] Evaluating AngularPriceCoverageStudy (config: {'resolution': '4', 'symbol': '^NSEI', 'scale_ratio': 3.6603, 'left_bars': 5, 'right_bars': 5, 'show_intersection_labels': False})
2026-03-19 20:40:32,439 [INFO] [Study] First process_bar at index 10. Running initialize_history.
2026-03-19 20:40:32,439 [INFO] [Study] initialize_history called with 10 candles
2026-03-19 20:40:32,440 [INFO] [Study] Not enough candles for pivot detection
2026-03-19 20:40:32,440 [INFO] [IntDet] Bar 10 | 2026-03-10 09:55 | H=24131.95 L=24085.40 C=24085.70 | Fans=0 Lines=0
2026-03-19 20:40:32,441 [INFO] DEBUG CORS: Origin header received: 'http://localhost:5173'
2026-03-19 20:40:34,028 [INFO] Initialized AngularPriceCoverageStudy v4.0. Config: {'left_bars': 5, 'right_bars': 5, 'line_extension_bars': 100, 'fraction_colors': {0.125: '#FF5252', 0.25: '#FF5252', 0.375: '#FF5252', 0.5: '#2196F3', 0.625: '#4CAF50', 0.75: '#4CAF50', 0.875: '#4CAF50', 1.0: '#FFFFFF'}, 'main_color': '#FFFFFF', 'main_line_width': 1, 'fraction_line_width': 2, 'scale_ratio': 3.6603, 'breach_mode': 'wick', 'show_intersection_labels': False, 'max_historical_fans': 3, 'resolution': '4', 'symbol': '^NSEI'}
2026-03-19 20:40:34,029 [INFO] [Study] Evaluating AngularPriceCoverageStudy (config: {'resolution': '4', 'symbol': '^NSEI', 'scale_ratio': 3.6603, 'left_bars': 5, 'right_bars': 5, 'show_intersection_labels': False})
2026-03-19 20:40:34,029 [INFO] [IntDet] Bar 11 | 2026-03-10 09:59 | H=24132.75 L=24079.95 C=24131.00 | Fans=0 Lines=0
2026-03-19 20:40:34,030 [INFO] DEBUG CORS: Origin header received: 'http://localhost:5173'
2026-03-19 20:40:34,884 [INFO] Initialized AngularPriceCoverageStudy v4.0. Config: {'left_bars': 5, 'right_bars': 5, 'line_extension_bars': 100, 'fraction_colors': {0.125: '#FF5252', 0.25: '#FF5252', 0.375: '#FF5252', 0.5: '#2196F3', 0.625: '#4CAF50', 0.75: '#4CAF50', 0.875: '#4CAF50', 1.0: '#FFFFFF'}, 'main_color': '#FFFFFF', 'main_line_width': 1, 'fraction_line_width': 2, 'scale_ratio': 3.6603, 'breach_mode': 'wick', 'show_intersection_labels': False, 'max_historical_fans': 3, 'resolution': '4', 'symbol': '^NSEI'}
2026-03-19 20:40:34,885 [INFO] [Study] Evaluating AngularPriceCoverageStudy (config: {'resolution': '4', 'symbol': '^NSEI', 'scale_ratio': 3.6603, 'left_bars': 5, 'right_bars': 5, 'show_intersection_labels': False})
2026-03-19 20:40:34,886 [INFO] [IntDet] Bar 12 | 2026-03-10 10:03 | H=24138.65 L=24121.40 C=24127.65 | Fans=0 Lines=0
2026-03-19 20:40:34,888 [INFO] DEBUG CORS: Origin header received: 'http://localhost:5173'
2026-03-19 20:40:35,945 [INFO] Initialized AngularPriceCoverageStudy v4.0. Config: {'left_bars': 5, 'right_bars': 5, 'line_extension_bars': 100, 'fraction_colors': {0.125: '#FF5252', 0.25: '#FF5252', 0.375: '#FF5252', 0.5: '#2196F3', 0.625: '#4CAF50', 0.75: '#4CAF50', 0.875: '#4CAF50', 1.0: '#FFFFFF'}, 'main_color': '#FFFFFF', 'main_line_width': 1, 'fraction_line_width': 2, 'scale_ratio': 3.6603, 'breach_mode': 'wick', 'show_intersection_labels': False, 'max_historical_fans': 3, 'resolution': '4', 'symbol': '^NSEI'}
2026-03-19 20:40:35,946 [INFO] [Study] Evaluating AngularPriceCoverageStudy (config: {'resolution': '4', 'symbol': '^NSEI', 'scale_ratio': 3.6603, 'left_bars': 5, 'right_bars': 5, 'show_intersection_labels': False})
2026-03-19 20:40:35,947 [INFO] [IntDet] Bar 13 | 2026-03-10 10:07 | H=24147.50 L=24127.95 C=24140.00 | Fans=0 Lines=0
2026-03-19 20:40:35,947 [INFO] DEBUG CORS: Origin header received: 'http://localhost:5173'
2026-03-19 20:40:36,895 [INFO] Initialized AngularPriceCoverageStudy v4.0. Config: {'left_bars': 5, 'right_bars': 5, 'line_extension_bars': 100, 'fraction_colors': {0.125: '#FF5252', 0.25: '#FF5252', 0.375: '#FF5252', 0.5: '#2196F3', 0.625: '#4CAF50', 0.75: '#4CAF50', 0.875: '#4CAF50', 1.0: '#FFFFFF'}, 'main_color': '#FFFFFF', 'main_line_width': 1, 'fraction_line_width': 2, 'scale_ratio': 3.6603, 'breach_mode': 'wick', 'show_intersection_labels': False, 'max_historical_fans': 3, 'resolution': '4', 'symbol': '^NSEI'}
2026-03-19 20:40:36,896 [INFO] [Study] Evaluating AngularPriceCoverageStudy (config: {'resolution': '4', 'symbol': '^NSEI', 'scale_ratio': 3.6603, 'left_bars': 5, 'right_bars': 5, 'show_intersection_labels': False})
2026-03-19 20:40:36,896 [INFO] [IntDet] Bar 14 | 2026-03-10 10:11 | H=24160.95 L=24131.10 C=24151.05 | Fans=0 Lines=0
2026-03-19 20:40:36,897 [INFO] DEBUG CORS: Origin header received: 'http://localhost:5173'
2026-03-19 20:40:38,139 [INFO] DEBUG CORS: Origin header received: 'http://localhost:5173'
2026-03-19 20:40:38,143 [INFO] Initialized AngularPriceCoverageStudy v4.0. Config: {'left_bars': 5, 'right_bars': 5, 'line_extension_bars': 100, 'fraction_colors': {0.125: '#FF5252', 0.25: '#FF5252', 0.375: '#FF5252', 0.5: '#2196F3', 0.625: '#4CAF50', 0.75: '#4CAF50', 0.875: '#4CAF50', 1.0: '#FFFFFF'}, 'main_color': '#FFFFFF', 'main_line_width': 1, 'fraction_line_width': 2, 'scale_ratio': 3.6603, 'breach_mode': 'wick', 'show_intersection_labels': False, 'max_historical_fans': 3, 'resolution': '4', 'symbol': '^NSEI'}
2026-03-19 20:40:38,144 [INFO] [Study] Evaluating AngularPriceCoverageStudy (config: {'resolution': '4', 'symbol': '^NSEI', 'scale_ratio': 3.6603, 'left_bars': 5, 'right_bars': 5, 'show_intersection_labels': False})
2026-03-19 20:40:38,145 [INFO] [IntDet] Bar 15 | 2026-03-10 10:15 | H=24213.70 L=24149.30 C=24203.75 | Fans=0 Lines=0
2026-03-19 20:40:38,146 [INFO] DEBUG CORS: Origin header received: 'http://localhost:5173'
2026-03-19 20:40:47,827 [INFO] DEBUG CORS: Origin header received: 'http://localhost:5173'
2026-03-19 20:40:47,835 [INFO] Initialized AngularPriceCoverageStudy v4.0. Config: {'left_bars': 5, 'right_bars': 5, 'line_extension_bars': 100, 'fraction_colors': {0.125: '#FF5252', 0.25: '#FF5252', 0.375: '#FF5252', 0.5: '#2196F3', 0.625: '#4CAF50', 0.75: '#4CAF50', 0.875: '#4CAF50', 1.0: '#FFFFFF'}, 'main_color': '#FFFFFF', 'main_line_width': 1, 'fraction_line_width': 2, 'scale_ratio': 3.6603, 'breach_mode': 'wick', 'show_intersection_labels': False, 'max_historical_fans': 3, 'resolution': '4', 'symbol': '^NSEI'}
2026-03-19 20:40:47,836 [INFO] [Study] Evaluating AngularPriceCoverageStudy (config: {'resolution': '4', 'symbol': '^NSEI', 'scale_ratio': 3.6603, 'left_bars': 5, 'right_bars': 5, 'show_intersection_labels': False})
2026-03-19 20:40:47,838 [INFO] [IntDet] Bar 16 | 2026-03-10 10:19 | H=24208.20 L=24159.70 C=24164.00 | Fans=0 Lines=0
2026-03-19 20:40:47,839 [INFO] DEBUG CORS: Origin header received: 'http://localhost:5173'
2026-03-19 20:40:48,773 [INFO] Initialized AngularPriceCoverageStudy v4.0. Config: {'left_bars': 5, 'right_bars': 5, 'line_extension_bars': 100, 'fraction_colors': {0.125: '#FF5252', 0.25: '#FF5252', 0.375: '#FF5252', 0.5: '#2196F3', 0.625: '#4CAF50', 0.75: '#4CAF50', 0.875: '#4CAF50', 1.0: '#FFFFFF'}, 'main_color': '#FFFFFF', 'main_line_width': 1, 'fraction_line_width': 2, 'scale_ratio': 3.6603, 'breach_mode': 'wick', 'show_intersection_labels': False, 'max_historical_fans': 3, 'resolution': '4', 'symbol': '^NSEI'}
2026-03-19 20:40:48,774 [INFO] [Study] Evaluating AngularPriceCoverageStudy (config: {'resolution': '4', 'symbol': '^NSEI', 'scale_ratio': 3.6603, 'left_bars': 5, 'right_bars': 5, 'show_intersection_labels': False})
2026-03-19 20:40:48,774 [INFO] [IntDet] Bar 17 | 2026-03-10 10:23 | H=24175.95 L=24151.90 C=24160.00 | Fans=0 Lines=0
2026-03-19 20:40:48,775 [INFO] DEBUG CORS: Origin header received: 'http://localhost:5173'
2026-03-19 20:40:49,787 [INFO] Initialized AngularPriceCoverageStudy v4.0. Config: {'left_bars': 5, 'right_bars': 5, 'line_extension_bars': 100, 'fraction_colors': {0.125: '#FF5252', 0.25: '#FF5252', 0.375: '#FF5252', 0.5: '#2196F3', 0.625: '#4CAF50', 0.75: '#4CAF50', 0.875: '#4CAF50', 1.0: '#FFFFFF'}, 'main_color': '#FFFFFF', 'main_line_width': 1, 'fraction_line_width': 2, 'scale_ratio': 3.6603, 'breach_mode': 'wick', 'show_intersection_labels': False, 'max_historical_fans': 3, 'resolution': '4', 'symbol': '^NSEI'}
2026-03-19 20:40:49,787 [INFO] [Study] Evaluating AngularPriceCoverageStudy (config: {'resolution': '4', 'symbol': '^NSEI', 'scale_ratio': 3.6603, 'left_bars': 5, 'right_bars': 5, 'show_intersection_labels': False})
2026-03-19 20:40:49,788 [INFO] [IntDet] Bar 18 | 2026-03-10 10:27 | H=24175.95 L=24153.20 C=24166.25 | Fans=0 Lines=0
2026-03-19 20:40:49,789 [INFO] DEBUG CORS: Origin header received: 'http://localhost:5173'
2026-03-19 20:40:50,440 [INFO] Initialized AngularPriceCoverageStudy v4.0. Config: {'left_bars': 5, 'right_bars': 5, 'line_extension_bars': 100, 'fraction_colors': {0.125: '#FF5252', 0.25: '#FF5252', 0.375: '#FF5252', 0.5: '#2196F3', 0.625: '#4CAF50', 0.75: '#4CAF50', 0.875: '#4CAF50', 1.0: '#FFFFFF'}, 'main_color': '#FFFFFF', 'main_line_width': 1, 'fraction_line_width': 2, 'scale_ratio': 3.6603, 'breach_mode': 'wick', 'show_intersection_labels': False, 'max_historical_fans': 3, 'resolution': '4', 'symbol': '^NSEI'}
2026-03-19 20:40:50,441 [INFO] [Study] Evaluating AngularPriceCoverageStudy (config: {'resolution': '4', 'symbol': '^NSEI', 'scale_ratio': 3.6603, 'left_bars': 5, 'right_bars': 5, 'show_intersection_labels': False})
2026-03-19 20:40:50,441 [INFO] [IntDet] Bar 19 | 2026-03-10 10:31 | H=24207.30 L=24163.00 C=24200.30 | Fans=0 Lines=0
2026-03-19 20:40:50,442 [INFO] DEBUG CORS: Origin header received: 'http://localhost:5173'
2026-03-19 20:40:51,309 [INFO] Initialized AngularPriceCoverageStudy v4.0. Config: {'left_bars': 5, 'right_bars': 5, 'line_extension_bars': 100, 'fraction_colors': {0.125: '#FF5252', 0.25: '#FF5252', 0.375: '#FF5252', 0.5: '#2196F3', 0.625: '#4CAF50', 0.75: '#4CAF50', 0.875: '#4CAF50', 1.0: '#FFFFFF'}, 'main_color': '#FFFFFF', 'main_line_width': 1, 'fraction_line_width': 2, 'scale_ratio': 3.6603, 'breach_mode': 'wick', 'show_intersection_labels': False, 'max_historical_fans': 3, 'resolution': '4', 'symbol': '^NSEI'}
2026-03-19 20:40:51,310 [INFO] [Study] Evaluating AngularPriceCoverageStudy (config: {'resolution': '4', 'symbol': '^NSEI', 'scale_ratio': 3.6603, 'left_bars': 5, 'right_bars': 5, 'show_intersection_labels': False})
2026-03-19 20:40:51,310 [INFO] [Study] Creating new fan: Fan_H1_L1 (P1 (H1-L1))
2026-03-19 20:40:51,311 [INFO] [AngleEngine] scale_ratio=3.6603, slope_per_bar=33.4375, visual_slope=9.1352, theta=83.75 deg
2026-03-19 20:40:51,311 [INFO] --- [AngleEngine] Fan Created: Fan_H1_L1 ---
2026-03-19 20:40:51,312 [INFO]   Origin: Bar 11, Time 1773116940, Price 24079.94921875
2026-03-19 20:40:51,312 [INFO]   Target: Bar 15, Time 1773117900, Price 24213.69921875
2026-03-19 20:40:51,312 [INFO]   Delta: db=4, dp_origin=133.75
2026-03-19 20:40:51,312 [INFO]   Scale Params: Ratio=3.6603, Radius=36.76 bars, Slope/Bar=33.4375
2026-03-19 20:40:51,312 [INFO]   Line 0.875: EndBar=1773117900 (approx), EndPrice=24128.70
2026-03-19 20:40:51,313 [INFO]   Line 0.75: EndBar=1773117900 (approx), EndPrice=24108.46
2026-03-19 20:40:51,313 [INFO]   Line 0.5: EndBar=1773117900 (approx), EndPrice=24093.08
2026-03-19 20:40:51,314 [INFO]   Line 0.25: EndBar=1773117900 (approx), EndPrice=24085.55
2026-03-19 20:40:51,314 [INFO]   Line 0.125: EndBar=1773117900 (approx), EndPrice=24082.65
2026-03-19 20:40:51,315 [INFO] [IntDet] Bar 20 | 2026-03-10 10:35 | H=24209.15 L=24185.45 C=24193.00 | Fans=1 Lines=7
2026-03-19 20:40:51,316 [INFO]   [P1 (H1-L1)] main: lineP=24380.89 | bars_from_origin=9.0 slope=33.4375 | ABOVE gap=171.74
2026-03-19 20:40:51,316 [INFO]   [P1 (H1-L1)] 0.875: lineP=24189.64 | bars_from_origin=9.0 slope=12.1879 | HIT gap=0.00
2026-03-19 20:40:51,317 [INFO]     >>> HIT RECORDED: P1 (H1-L1) frac=0.875 @ 24189.64
2026-03-19 20:40:51,317 [INFO]   [P1 (H1-L1)] 0.75: lineP=24144.09 | bars_from_origin=9.0 slope=7.1267 | BELOW gap=41.36
2026-03-19 20:40:51,317 [INFO]   [P1 (H1-L1)] 0.5: lineP=24109.48 | bars_from_origin=9.0 slope=3.2815 | BELOW gap=75.97
2026-03-19 20:40:51,318 [INFO]   [P1 (H1-L1)] 0.25: lineP=24092.55 | bars_from_origin=9.0 slope=1.4005 | BELOW gap=92.90
2026-03-19 20:40:51,318 [INFO]   [P1 (H1-L1)] 0.125: lineP=24086.04 | bars_from_origin=9.0 slope=0.6764 | BELOW gap=99.41
2026-03-19 20:40:51,318 [INFO]   [P1 (H1-L1)] main: lineP=24093.08 | bars_from_origin=5.0 slope=0.0000 | BELOW gap=92.37
2026-03-19 20:40:51,319 [INFO]   [IntDet] Total hits this bar: 1
2026-03-19 20:40:51,320 [INFO] [Study] Emitting intersection event (DIRECT): {'time': 1773119100, 'fan': 'P1 (H1-L1)', 'fanIdentity': 'H1-L1', 'fraction': '7/8', 'price': 24189.640066583815, 'type': 'SUPPORT_TEST', 'details': 'Resting / Throwback'}
2026-03-19 20:40:51,324 [INFO] [Tracking] Fan validated: Fan_H1_L1 via reversal at bar 20
2026-03-19 20:40:51,325 [INFO] DEBUG CORS: Origin header received: 'http://localhost:5173'
2026-03-19 20:41:03,688 [INFO] DEBUG CORS: Origin header received: 'http://localhost:5173'
2026-03-19 20:41:03,691 [INFO] Initialized AngularPriceCoverageStudy v4.0. Config: {'left_bars': 5, 'right_bars': 5, 'line_extension_bars': 100, 'fraction_colors': {0.125: '#FF5252', 0.25: '#FF5252', 0.375: '#FF5252', 0.5: '#2196F3', 0.625: '#4CAF50', 0.75: '#4CAF50', 0.875: '#4CAF50', 1.0: '#FFFFFF'}, 'main_color': '#FFFFFF', 'main_line_width': 1, 'fraction_line_width': 2, 'scale_ratio': 3.6603, 'breach_mode': 'wick', 'show_intersection_labels': False, 'max_historical_fans': 3, 'resolution': '4', 'symbol': '^NSEI'}
2026-03-19 20:41:03,692 [INFO] [Study] Evaluating AngularPriceCoverageStudy (config: {'resolution': '4', 'symbol': '^NSEI', 'scale_ratio': 3.6603, 'left_bars': 5, 'right_bars': 5, 'show_intersection_labels': False})
2026-03-19 20:41:03,692 [INFO] [Study] Removing invalidated/excess fan: Fan_H1_L1
2026-03-19 20:41:03,692 [INFO] [IntDet] Bar 21 | 2026-03-10 10:39 | H=24221.45 L=24189.05 C=24216.50 | Fans=0 Lines=0
2026-03-19 20:41:03,694 [INFO] DEBUG CORS: Origin header received: 'http://localhost:5173'
2026-03-19 20:41:04,933 [INFO] Initialized AngularPriceCoverageStudy v4.0. Config: {'left_bars': 5, 'right_bars': 5, 'line_extension_bars': 100, 'fraction_colors': {0.125: '#FF5252', 0.25: '#FF5252', 0.375: '#FF5252', 0.5: '#2196F3', 0.625: '#4CAF50', 0.75: '#4CAF50', 0.875: '#4CAF50', 1.0: '#FFFFFF'}, 'main_color': '#FFFFFF', 'main_line_width': 1, 'fraction_line_width': 2, 'scale_ratio': 3.6603, 'breach_mode': 'wick', 'show_intersection_labels': False, 'max_historical_fans': 3, 'resolution': '4', 'symbol': '^NSEI'}
2026-03-19 20:41:04,933 [INFO] [Study] Evaluating AngularPriceCoverageStudy (config: {'resolution': '4', 'symbol': '^NSEI', 'scale_ratio': 3.6603, 'left_bars': 5, 'right_bars': 5, 'show_intersection_labels': False})
2026-03-19 20:41:04,934 [INFO] [IntDet] Bar 22 | 2026-03-10 10:43 | H=24229.05 L=24210.80 C=24218.80 | Fans=0 Lines=0
2026-03-19 20:41:04,935 [INFO] DEBUG CORS: Origin header received: 'http://localhost:5173'
2026-03-19 20:41:05,759 [INFO] Initialized AngularPriceCoverageStudy v4.0. Config: {'left_bars': 5, 'right_bars': 5, 'line_extension_bars': 100, 'fraction_colors': {0.125: '#FF5252', 0.25: '#FF5252', 0.375: '#FF5252', 0.5: '#2196F3', 0.625: '#4CAF50', 0.75: '#4CAF50', 0.875: '#4CAF50', 1.0: '#FFFFFF'}, 'main_color': '#FFFFFF', 'main_line_width': 1, 'fraction_line_width': 2, 'scale_ratio': 3.6603, 'breach_mode': 'wick', 'show_intersection_labels': False, 'max_historical_fans': 3, 'resolution': '4', 'symbol': '^NSEI'}
2026-03-19 20:41:05,759 [INFO] [Study] Evaluating AngularPriceCoverageStudy (config: {'resolution': '4', 'symbol': '^NSEI', 'scale_ratio': 3.6603, 'left_bars': 5, 'right_bars': 5, 'show_intersection_labels': False})
2026-03-19 20:41:05,760 [INFO] [IntDet] Bar 23 | 2026-03-10 10:47 | H=24233.20 L=24216.00 C=24224.10 | Fans=0 Lines=0
2026-03-19 20:41:05,761 [INFO] DEBUG CORS: Origin header received: 'http://localhost:5173'
2026-03-19 20:41:06,604 [INFO] Initialized AngularPriceCoverageStudy v4.0. Config: {'left_bars': 5, 'right_bars': 5, 'line_extension_bars': 100, 'fraction_colors': {0.125: '#FF5252', 0.25: '#FF5252', 0.375: '#FF5252', 0.5: '#2196F3', 0.625: '#4CAF50', 0.75: '#4CAF50', 0.875: '#4CAF50', 1.0: '#FFFFFF'}, 'main_color': '#FFFFFF', 'main_line_width': 1, 'fraction_line_width': 2, 'scale_ratio': 3.6603, 'breach_mode': 'wick', 'show_intersection_labels': False, 'max_historical_fans': 3, 'resolution': '4', 'symbol': '^NSEI'}
2026-03-19 20:41:06,605 [INFO] [Study] Evaluating AngularPriceCoverageStudy (config: {'resolution': '4', 'symbol': '^NSEI', 'scale_ratio': 3.6603, 'left_bars': 5, 'right_bars': 5, 'show_intersection_labels': False})
2026-03-19 20:41:06,606 [INFO] [IntDet] Bar 24 | 2026-03-10 10:51 | H=24225.80 L=24184.95 C=24192.05 | Fans=0 Lines=0
2026-03-19 20:41:06,606 [INFO] DEBUG CORS: Origin header received: 'http://localhost:5173'
2026-03-19 20:41:07,469 [INFO] Initialized AngularPriceCoverageStudy v4.0. Config: {'left_bars': 5, 'right_bars': 5, 'line_extension_bars': 100, 'fraction_colors': {0.125: '#FF5252', 0.25: '#FF5252', 0.375: '#FF5252', 0.5: '#2196F3', 0.625: '#4CAF50', 0.75: '#4CAF50', 0.875: '#4CAF50', 1.0: '#FFFFFF'}, 'main_color': '#FFFFFF', 'main_line_width': 1, 'fraction_line_width': 2, 'scale_ratio': 3.6603, 'breach_mode': 'wick', 'show_intersection_labels': False, 'max_historical_fans': 3, 'resolution': '4', 'symbol': '^NSEI'}
2026-03-19 20:41:07,470 [INFO] [Study] Evaluating AngularPriceCoverageStudy (config: {'resolution': '4', 'symbol': '^NSEI', 'scale_ratio': 3.6603, 'left_bars': 5, 'right_bars': 5, 'show_intersection_labels': False})
2026-03-19 20:41:07,471 [INFO] [IntDet] Bar 25 | 2026-03-10 10:55 | H=24197.25 L=24173.95 C=24197.15 | Fans=0 Lines=0
2026-03-19 20:41:07,472 [INFO] DEBUG CORS: Origin header received: 'http://localhost:5173'
2026-03-19 20:41:08,470 [INFO] Initialized AngularPriceCoverageStudy v4.0. Config: {'left_bars': 5, 'right_bars': 5, 'line_extension_bars': 100, 'fraction_colors': {0.125: '#FF5252', 0.25: '#FF5252', 0.375: '#FF5252', 0.5: '#2196F3', 0.625: '#4CAF50', 0.75: '#4CAF50', 0.875: '#4CAF50', 1.0: '#FFFFFF'}, 'main_color': '#FFFFFF', 'main_line_width': 1, 'fraction_line_width': 2, 'scale_ratio': 3.6603, 'breach_mode': 'wick', 'show_intersection_labels': False, 'max_historical_fans': 3, 'resolution': '4', 'symbol': '^NSEI'}
2026-03-19 20:41:08,471 [INFO] [Study] Evaluating AngularPriceCoverageStudy (config: {'resolution': '4', 'symbol': '^NSEI', 'scale_ratio': 3.6603, 'left_bars': 5, 'right_bars': 5, 'show_intersection_labels': False})
2026-03-19 20:41:08,472 [INFO] [IntDet] Bar 26 | 2026-03-10 10:59 | H=24207.30 L=24189.45 C=24189.45 | Fans=0 Lines=0
2026-03-19 20:41:08,472 [INFO] DEBUG CORS: Origin header received: 'http://localhost:5173'
2026-03-19 20:41:09,461 [INFO] DEBUG CORS: Origin header received: 'http://localhost:5173'
2026-03-19 20:41:09,466 [INFO] Initialized AngularPriceCoverageStudy v4.0. Config: {'left_bars': 5, 'right_bars': 5, 'line_extension_bars': 100, 'fraction_colors': {0.125: '#FF5252', 0.25: '#FF5252', 0.375: '#FF5252', 0.5: '#2196F3', 0.625: '#4CAF50', 0.75: '#4CAF50', 0.875: '#4CAF50', 1.0: '#FFFFFF'}, 'main_color': '#FFFFFF', 'main_line_width': 1, 'fraction_line_width': 2, 'scale_ratio': 3.6603, 'breach_mode': 'wick', 'show_intersection_labels': False, 'max_historical_fans': 3, 'resolution': '4', 'symbol': '^NSEI'}
2026-03-19 20:41:09,467 [INFO] [Study] Evaluating AngularPriceCoverageStudy (config: {'resolution': '4', 'symbol': '^NSEI', 'scale_ratio': 3.6603, 'left_bars': 5, 'right_bars': 5, 'show_intersection_labels': False})
2026-03-19 20:41:09,467 [INFO] [IntDet] Bar 27 | 2026-03-10 11:03 | H=24215.75 L=24186.60 C=24210.65 | Fans=0 Lines=0
2026-03-19 20:41:09,468 [INFO] DEBUG CORS: Origin header received: 'http://localhost:5173'
2026-03-19 20:41:10,567 [INFO] Initialized AngularPriceCoverageStudy v4.0. Config: {'left_bars': 5, 'right_bars': 5, 'line_extension_bars': 100, 'fraction_colors': {0.125: '#FF5252', 0.25: '#FF5252', 0.375: '#FF5252', 0.5: '#2196F3', 0.625: '#4CAF50', 0.75: '#4CAF50', 0.875: '#4CAF50', 1.0: '#FFFFFF'}, 'main_color': '#FFFFFF', 'main_line_width': 1, 'fraction_line_width': 2, 'scale_ratio': 3.6603, 'breach_mode': 'wick', 'show_intersection_labels': False, 'max_historical_fans': 3, 'resolution': '4', 'symbol': '^NSEI'}
2026-03-19 20:41:10,568 [INFO] [Study] Evaluating AngularPriceCoverageStudy (config: {'resolution': '4', 'symbol': '^NSEI', 'scale_ratio': 3.6603, 'left_bars': 5, 'right_bars': 5, 'show_intersection_labels': False})
2026-03-19 20:41:10,568 [INFO] [Study] Creating new fan: Fan_H1_L1 (P1 (H1-L1))
2026-03-19 20:41:10,569 [INFO] [AngleEngine] scale_ratio=3.6603, slope_per_bar=12.7708, visual_slope=3.4890, theta=74.01 deg
2026-03-19 20:41:10,569 [INFO] --- [AngleEngine] Fan Created: Fan_H1_L1 ---
2026-03-19 20:41:10,570 [INFO]   Origin: Bar 11, Time 1773116940, Price 24079.94921875
2026-03-19 20:41:10,570 [INFO]   Target: Bar 23, Time 1773119820, Price 24233.19921875
2026-03-19 20:41:10,570 [INFO]   Delta: db=12, dp_origin=153.25
2026-03-19 20:41:10,570 [INFO]   Scale Params: Ratio=3.6603, Radius=43.55 bars, Slope/Bar=12.7708
2026-03-19 20:41:10,571 [INFO]   Line 0.875: EndBar=1773119820 (approx), EndPrice=24173.11
2026-03-19 20:41:10,571 [INFO]   Line 0.75: EndBar=1773119820 (approx), EndPrice=24143.87
2026-03-19 20:41:10,571 [INFO]   Line 0.5: EndBar=1773119820 (approx), EndPrice=24113.05
2026-03-19 20:41:10,571 [INFO]   Line 0.25: EndBar=1773119820 (approx), EndPrice=24094.65
2026-03-19 20:41:10,571 [INFO]   Line 0.125: EndBar=1773119820 (approx), EndPrice=24087.10
2026-03-19 20:41:10,572 [INFO] [IntDet] Bar 28 | 2026-03-10 11:07 | H=24222.00 L=24196.75 C=24219.70 | Fans=1 Lines=7
2026-03-19 20:41:10,572 [INFO]   [P1 (H1-L1)] main: lineP=24297.05 | bars_from_origin=17.0 slope=12.7708 | ABOVE gap=75.05
2026-03-19 20:41:10,572 [INFO]   [P1 (H1-L1)] 0.875: lineP=24211.92 | bars_from_origin=17.0 slope=7.7631 | HIT gap=0.00
2026-03-19 20:41:10,573 [INFO]     >>> HIT RECORDED: P1 (H1-L1) frac=0.875 @ 24211.92
2026-03-19 20:41:10,573 [INFO]   [P1 (H1-L1)] 0.75: lineP=24170.50 | bars_from_origin=17.0 slope=5.3268 | BELOW gap=26.25
2026-03-19 20:41:10,574 [INFO]   [P1 (H1-L1)] 0.5: lineP=24126.85 | bars_from_origin=17.0 slope=2.7586 | BELOW gap=69.90
2026-03-19 20:41:10,574 [INFO]   [P1 (H1-L1)] 0.25: lineP=24100.77 | bars_from_origin=17.0 slope=1.2248 | BELOW gap=95.98
2026-03-19 20:41:10,574 [INFO]   [P1 (H1-L1)] 0.125: lineP=24090.08 | bars_from_origin=17.0 slope=0.5962 | BELOW gap=106.67
2026-03-19 20:41:10,574 [INFO]   [P1 (H1-L1)] main: lineP=24113.05 | bars_from_origin=5.0 slope=0.0000 | BELOW gap=83.70
2026-03-19 20:41:10,575 [INFO]   [IntDet] Total hits this bar: 1
2026-03-19 20:41:10,575 [INFO] [Study] Emitting intersection event (DIRECT): {'time': 1773121020, 'fan': 'P1 (H1-L1)', 'fanIdentity': 'H1-L1', 'fraction': '7/8', 'price': 24211.92163737691, 'type': 'CROSS_UP', 'details': 'Breakout Attempt'}
2026-03-19 20:41:10,578 [INFO] [Tracking] Fan validated: Fan_H1_L1 via breach at bar 28
2026-03-19 20:41:10,580 [INFO] DEBUG CORS: Origin header received: 'http://localhost:5173'
