2026-03-19 15:48:24,019 [INFO] Logging initialized. Output writing to C:\Dev\GannTesting\gann-visualizer\backend\logs\backend_session_20260319_154824.log
2026-03-19 15:48:24,020 [INFO] Successfully loaded ticker configuration from C:\Dev\GannTesting\gann-visualizer\backend\ticker_config.json
2026-03-19 15:48:24,020 [INFO] --- BACKEND RESTART v4 - PNL TRACKING ---
2026-03-19 15:48:24,020 [INFO] Middleware Stack: [Middleware(BaseHTTPMiddleware, dispatch=<function cors_middleware at 0x0000023836726340>)]
2026-03-19 15:48:25,500 [INFO] DEBUG CORS: Origin header received: 'http://localhost:5173'
2026-03-19 15:48:25,506 [INFO] DEBUG CORS: Origin header received: 'http://localhost:5173'
2026-03-19 15:48:25,618 [INFO] [YFinance] Client initialized
2026-03-19 15:48:25,619 [INFO] DEBUG CORS: Origin header received: 'http://localhost:5173'
2026-03-19 15:48:25,844 [INFO] 
2026-03-19 15:48:25,845 [INFO] ============================================================
2026-03-19 15:48:25,845 [INFO] [UDF_HISTORY] === NEW REQUEST ===
2026-03-19 15:48:25,845 [INFO] [UDF_HISTORY] symbol=^NSEI:YF, resolution=1
2026-03-19 15:48:25,845 [INFO] [UDF_HISTORY] from_=1773846445, to=1773915565, data_source=yfinance
2026-03-19 15:48:25,846 [INFO] ============================================================
2026-03-19 15:48:25,846 [INFO] [YFinance] Client initialized
2026-03-19 15:48:25,848 [INFO] 
2026-03-19 15:48:25,848 [INFO] ============================================================
2026-03-19 15:48:25,848 [INFO] [UDF_HISTORY] INCOMING REQUEST
2026-03-19 15:48:25,848 [INFO]   Symbol: ^NSEI
2026-03-19 15:48:25,849 [INFO]   Data Source: yfinance
2026-03-19 15:48:25,849 [INFO]   Resolution: 1
2026-03-19 15:48:25,849 [INFO]   From (Unix): 1773846445 -> 2026-03-18 20:37:25
2026-03-19 15:48:25,850 [INFO]   To (Unix): 1773915565 -> 2026-03-19 15:49:25
2026-03-19 15:48:25,850 [INFO] ============================================================
2026-03-19 15:48:25,850 [INFO] [UDF_HISTORY] Calling client.fetch_data(^NSEI, 2026-03-18 20:37:25, 2026-03-19 15:49:25, interval=1)
2026-03-19 15:48:25,850 [INFO] Cache MISS: ^NSEI:1:2026-03-18 20:37:25:2026-03-19 15:49:25
2026-03-19 15:48:25,851 [INFO] [YFinance] Fetching ^NSEI | interval=1 -> 1m | 2026-03-18 20:37:25 to 2026-03-19 15:49:25
2026-03-19 15:48:25,852 [INFO] [YFinance] Requesting dates: start=2026-03-18, end=2026-03-20 for ^NSEI
2026-03-19 15:48:27,933 [INFO] [YFinance] Received 750 bars
2026-03-19 15:48:27,944 [INFO] [YFinance] Returning 750 bars, range: 2026-03-18 09:15:00 to 2026-03-19 15:29:00
2026-03-19 15:48:27,946 [INFO] Cache PUT: ^NSEI:1:2026-03-18 20:37:25:2026-03-19 15:49:25 (TTL: 300.0s, 750 rows)
2026-03-19 15:48:27,948 [INFO] [UDF_HISTORY] fetch_data returned: type=<class 'pandas.core.frame.DataFrame'>, empty=False
2026-03-19 15:48:27,949 [INFO] [UDF_HISTORY] Raw data shape: (750, 6), columns: ['timestamp', 'open', 'high', 'low', 'close', 'volume']
2026-03-19 15:48:27,953 [INFO] [UDF_HISTORY] Raw timestamp range: 1773805500 - 1773914340
2026-03-19 15:48:27,958 [INFO] [UDF_HISTORY] Raw date range: 2026-03-18 09:15:00 - 2026-03-19 15:29:00
2026-03-19 15:48:27,965 [INFO] DEBUG: fetch_data result type: <class 'pandas.core.frame.DataFrame'>
2026-03-19 15:48:27,972 [INFO] DEBUG: fetch_data result shape: (750, 6)
2026-03-19 15:48:28,006 [INFO] DEBUG: Data Head:
2026-03-19 15:48:28,014 [INFO]     timestamp          open  ...         close  volume
2026-03-19 15:48:28,015 [INFO] 0  1773805500  23634.300781  ...  23671.699219       0
2026-03-19 15:48:28,016 [INFO] 1  1773805560  23669.300781  ...  23701.699219       0
2026-03-19 15:48:28,017 [INFO] 
2026-03-19 15:48:28,017 [INFO] [2 rows x 6 columns]
2026-03-19 15:48:28,018 [INFO] DEBUG: from_=1773846445 (2026-03-18 20:37:25)
2026-03-19 15:48:28,018 [INFO] DEBUG: to=1773915565 (2026-03-19 15:49:25)
2026-03-19 15:48:28,019 [INFO] DEBUG: df['timestamp'] dtype=int64
2026-03-19 15:48:28,019 [INFO] DEBUG: df timestamp range: 1773805500 - 1773914340
2026-03-19 15:48:28,020 [INFO] DEBUG: df timestamp as dates: 2026-03-18T09:15:00 - 2026-03-19T15:29:00
2026-03-19 15:48:28,022 [INFO] Filtered data from 750 to 375 bars (filter_from=1773846445, to=1773915565)
2026-03-19 15:48:28,022 [INFO] PAGINATION: Returning 375 bars for ^NSEI (1)
2026-03-19 15:48:28,029 [INFO] DEBUG CORS: Origin header received: 'http://localhost:5173'
2026-03-19 15:48:28,060 [INFO] DEBUG CORS: Origin header received: 'http://localhost:5173'
2026-03-19 15:48:28,966 [INFO] 
2026-03-19 15:48:28,967 [INFO] ============================================================
2026-03-19 15:48:28,967 [INFO] [UDF_HISTORY] === NEW REQUEST ===
2026-03-19 15:48:28,967 [INFO] [UDF_HISTORY] symbol=^NSEI:YF, resolution=4
2026-03-19 15:48:28,967 [INFO] [UDF_HISTORY] from_=1773639088, to=1773915568, data_source=yfinance
2026-03-19 15:48:28,968 [INFO] ============================================================
2026-03-19 15:48:28,968 [INFO] [YFinance] Client initialized
2026-03-19 15:48:28,968 [INFO] 
2026-03-19 15:48:28,969 [INFO] ============================================================
2026-03-19 15:48:28,969 [INFO] [UDF_HISTORY] INCOMING REQUEST
2026-03-19 15:48:28,969 [INFO]   Symbol: ^NSEI
2026-03-19 15:48:28,969 [INFO]   Data Source: yfinance
2026-03-19 15:48:28,969 [INFO]   Resolution: 4
2026-03-19 15:48:28,970 [INFO]   From (Unix): 1773639088 -> 2026-03-16 11:01:28
2026-03-19 15:48:28,970 [INFO]   To (Unix): 1773915568 -> 2026-03-19 15:49:28
2026-03-19 15:48:28,970 [INFO] ============================================================
2026-03-19 15:48:28,970 [INFO] [UDF_HISTORY] Calling client.fetch_data(^NSEI, 2026-03-16 11:01:28, 2026-03-19 15:49:28, interval=4)
2026-03-19 15:48:28,971 [INFO] Cache MISS: ^NSEI:4:2026-03-16 11:01:28:2026-03-19 15:49:28
2026-03-19 15:48:28,971 [INFO] [YFinance] Fetching ^NSEI | interval=4 -> 1m | 2026-03-16 11:01:28 to 2026-03-19 15:49:28
2026-03-19 15:48:28,971 [INFO] [YFinance] Requesting dates: start=2026-03-16, end=2026-03-20 for ^NSEI
2026-03-19 15:48:29,227 [INFO] [YFinance] fetch_data error: 'NoneType' object is not subscriptable
2026-03-19 15:48:29,299 [ERROR] Traceback (most recent call last):
2026-03-19 15:48:29,303 [ERROR]   File "C:\Dev\GannTesting\gann-visualizer\backend\yfinance_client.py", line 307, in fetch_data
2026-03-19 15:48:29,304 [ERROR]     df = ticker.history(
2026-03-19 15:48:29,304 [ERROR]         start=start_str,
2026-03-19 15:48:29,304 [ERROR]     ...<3 lines>...
2026-03-19 15:48:29,304 [ERROR]         prepost=False
2026-03-19 15:48:29,305 [ERROR]     )
2026-03-19 15:48:29,305 [ERROR]   File "C:\Users\kitsh\AppData\Local\miniconda3\Lib\site-packages\yfinance\utils.py", line 95, in wrapper
2026-03-19 15:48:29,305 [ERROR]     result = func(*args, **kwargs)
2026-03-19 15:48:29,306 [ERROR]   File "C:\Users\kitsh\AppData\Local\miniconda3\Lib\site-packages\yfinance\base.py", line 129, in history
2026-03-19 15:48:29,306 [ERROR]     return self._lazy_load_price_history().history(*args, **kwargs)
2026-03-19 15:48:29,306 [ERROR]            ~~~~~~~~~~~~~~~~~~~~~~~~~~~~~~~~~~~~~~~^^^^^^^^^^^^^^^^^
2026-03-19 15:48:29,307 [ERROR]   File "C:\Users\kitsh\AppData\Local\miniconda3\Lib\site-packages\yfinance\utils.py", line 95, in wrapper
2026-03-19 15:48:29,307 [ERROR]     result = func(*args, **kwargs)
2026-03-19 15:48:29,307 [ERROR]   File "C:\Users\kitsh\AppData\Local\miniconda3\Lib\site-packages\yfinance\scrapers\history.py", line 224, in history
2026-03-19 15:48:29,307 [ERROR]     if data['chart']['result'] is None:
2026-03-19 15:48:29,308 [ERROR]        ~~~~^^^^^^^^^
2026-03-19 15:48:29,311 [ERROR] TypeError: 'NoneType' object is not subscriptable
2026-03-19 15:48:29,313 [INFO] [UDF_HISTORY] fetch_data returned: type=<class 'pandas.core.frame.DataFrame'>, empty=True
2026-03-19 15:48:29,313 [INFO] DEBUG: fetch_data result type: <class 'pandas.core.frame.DataFrame'>
2026-03-19 15:48:29,314 [INFO] DEBUG: fetch_data result shape: (0, 0)
2026-03-19 15:48:29,314 [INFO] Data fetch returned empty for ^NSEI. Checking for fallback...
2026-03-19 15:48:29,314 [INFO] [Retry] CHECK: Original from=2026-03-16 11:01:28, New from=2026-02-17 15:49:28
2026-03-19 15:48:29,315 [INFO] [Retry] Fetch returned empty. Attempting retry with -30d lookback: 2026-02-17 15:49:28
2026-03-19 15:48:29,315 [INFO] Cache MISS: ^NSEI:4:2026-02-17 15:49:28:2026-03-19 15:49:28
2026-03-19 15:48:29,315 [INFO] [YFinance] Fetching ^NSEI | interval=4 -> 1m | 2026-02-17 15:49:28 to 2026-03-19 15:49:28
2026-03-19 15:48:29,316 [INFO] [YFinance] Requested data (4m) starts 29 days ago, but YFinance limit is 7 days.
2026-03-19 15:48:29,316 [INFO] [YFinance] STRICT CLAMPING: Auto-adjusting start date from 2026-02-17 to 2026-03-13 to preserve 1m base resolution.
2026-03-19 15:48:29,317 [INFO] [YFinance] Requesting dates: start=2026-03-13, end=2026-03-20 for ^NSEI
2026-03-19 15:48:29,707 [INFO] [YFinance] Received 1875 bars
2026-03-19 15:48:29,714 [INFO] [YFinance] Aggregating 1875 1m bars into 4m candles...
2026-03-19 15:48:29,836 [INFO] [YFinance] Aggregated to 470 4m candles
2026-03-19 15:48:29,837 [INFO] [YFinance] Returning 470 bars, range: 2026-03-13 09:15:00 to 2026-03-19 15:27:00
2026-03-19 15:48:29,838 [INFO] Cache PUT: ^NSEI:4:2026-02-17 15:49:28:2026-03-19 15:49:28 (TTL: 300.0s, 470 rows)
2026-03-19 15:48:29,839 [INFO] [Retry] SUCCESS: Fetched 470 bars with extended lookback.
2026-03-19 15:48:29,839 [INFO] DEBUG: from_=1773639088 (2026-03-16 11:01:28)
2026-03-19 15:48:29,839 [INFO] DEBUG: to=1773915568 (2026-03-19 15:49:28)
2026-03-19 15:48:29,840 [INFO] DEBUG: df['timestamp'] dtype=int64
2026-03-19 15:48:29,842 [INFO] DEBUG: df timestamp range: 1773373500 - 1773914220
2026-03-19 15:48:29,843 [INFO] DEBUG: df timestamp as dates: 2026-03-13T09:15:00 - 2026-03-19T15:27:00
2026-03-19 15:48:29,844 [INFO] Filtered data from 470 to 349 bars (filter_from=1773639088, to=1773915568)
2026-03-19 15:48:29,845 [INFO] PAGINATION: Returning 349 bars for ^NSEI (4)
2026-03-19 15:48:29,848 [INFO] DEBUG CORS: Origin header received: 'http://localhost:5173'
2026-03-19 15:48:35,496 [INFO] 
2026-03-19 15:48:35,496 [INFO] 
2026-03-19 15:48:35,497 [INFO] ============================================================
2026-03-19 15:48:35,498 [INFO] ============================================================
2026-03-19 15:48:35,499 [INFO] [UDF_HISTORY] === NEW REQUEST ===
2026-03-19 15:48:35,500 [INFO] [UDF_HISTORY] === NEW REQUEST ===
2026-03-19 15:48:35,500 [INFO] [UDF_HISTORY] symbol=^NSEI:YF, resolution=4
2026-03-19 15:48:35,501 [INFO] [UDF_HISTORY] symbol=^NSEI:YF, resolution=1
2026-03-19 15:48:35,502 [INFO] [UDF_HISTORY] from_=1773913115, to=1773915515, data_source=dhan
2026-03-19 15:48:35,502 [INFO] [UDF_HISTORY] from_=1773914915, to=1773915515, data_source=dhan
2026-03-19 15:48:35,503 [INFO] ============================================================
2026-03-19 15:48:35,504 [INFO] ============================================================
2026-03-19 15:48:35,504 [INFO] [YFinance] Client initialized
2026-03-19 15:48:35,504 [INFO] [YFinance] Client initialized
2026-03-19 15:48:35,505 [INFO] 
2026-03-19 15:48:35,506 [INFO] 
2026-03-19 15:48:35,507 [INFO] ============================================================
2026-03-19 15:48:35,507 [INFO] ============================================================
2026-03-19 15:48:35,507 [INFO] [UDF_HISTORY] INCOMING REQUEST
2026-03-19 15:48:35,508 [INFO] [UDF_HISTORY] INCOMING REQUEST
2026-03-19 15:48:35,508 [INFO]   Symbol: ^NSEI
2026-03-19 15:48:35,508 [INFO]   Symbol: ^NSEI
2026-03-19 15:48:35,508 [INFO]   Data Source: yfinance
2026-03-19 15:48:35,509 [INFO]   Data Source: yfinance
2026-03-19 15:48:35,509 [INFO]   Resolution: 4
2026-03-19 15:48:35,510 [INFO]   Resolution: 1
2026-03-19 15:48:35,511 [INFO]   From (Unix): 1773913115 -> 2026-03-19 15:08:35
2026-03-19 15:48:35,511 [INFO]   From (Unix): 1773914915 -> 2026-03-19 15:38:35
2026-03-19 15:48:35,511 [INFO]   To (Unix): 1773915515 -> 2026-03-19 15:48:35
2026-03-19 15:48:35,512 [INFO]   To (Unix): 1773915515 -> 2026-03-19 15:48:35
2026-03-19 15:48:35,512 [INFO] ============================================================
2026-03-19 15:48:35,513 [INFO] ============================================================
2026-03-19 15:48:35,513 [INFO] [UDF_HISTORY] Calling client.fetch_data(^NSEI, 2026-03-19 15:08:35, 2026-03-19 15:48:35, interval=4)
2026-03-19 15:48:35,514 [INFO] [UDF_HISTORY] Calling client.fetch_data(^NSEI, 2026-03-19 15:38:35, 2026-03-19 15:48:35, interval=1)
2026-03-19 15:48:35,514 [INFO] Cache MISS: ^NSEI:4:2026-03-19 15:08:35:2026-03-19 15:48:35
2026-03-19 15:48:35,514 [INFO] Cache MISS: ^NSEI:1:2026-03-19 15:38:35:2026-03-19 15:48:35
2026-03-19 15:48:35,515 [INFO] [YFinance] Fetching ^NSEI | interval=4 -> 1m | 2026-03-19 15:08:35 to 2026-03-19 15:48:35
2026-03-19 15:48:35,515 [INFO] [YFinance] Fetching ^NSEI | interval=1 -> 1m | 2026-03-19 15:38:35 to 2026-03-19 15:48:35
2026-03-19 15:48:35,516 [INFO] [YFinance] Requesting dates: start=2026-03-19, end=2026-03-20 for ^NSEI
2026-03-19 15:48:35,516 [INFO] [YFinance] Requesting dates: start=2026-03-19, end=2026-03-20 for ^NSEI
2026-03-19 15:48:35,649 [INFO] [YFinance] Received 375 bars
2026-03-19 15:48:35,651 [INFO] [YFinance] Aggregating 375 1m bars into 4m candles...
2026-03-19 15:48:35,689 [INFO] [YFinance] Aggregated to 94 4m candles
2026-03-19 15:48:35,690 [INFO] [YFinance] Returning 94 bars, range: 2026-03-19 09:15:00 to 2026-03-19 15:27:00
2026-03-19 15:48:35,691 [INFO] Cache PUT: ^NSEI:4:2026-03-19 15:08:35:2026-03-19 15:48:35 (TTL: 300.0s, 94 rows)
2026-03-19 15:48:35,692 [INFO] [UDF_HISTORY] fetch_data returned: type=<class 'pandas.core.frame.DataFrame'>, empty=False
2026-03-19 15:48:35,693 [INFO] [UDF_HISTORY] Raw data shape: (94, 6), columns: ['timestamp', 'open', 'high', 'low', 'close', 'volume']
2026-03-19 15:48:35,694 [INFO] [UDF_HISTORY] Raw timestamp range: 1773891900 - 1773914220
2026-03-19 15:48:35,695 [INFO] [UDF_HISTORY] Raw date range: 2026-03-19 09:15:00 - 2026-03-19 15:27:00
2026-03-19 15:48:35,695 [INFO] DEBUG: fetch_data result type: <class 'pandas.core.frame.DataFrame'>
2026-03-19 15:48:35,696 [INFO] DEBUG: fetch_data result shape: (94, 6)
2026-03-19 15:48:35,701 [INFO] DEBUG: Data Head:
2026-03-19 15:48:35,701 [INFO]     timestamp          open  ...         close  volume
2026-03-19 15:48:35,702 [INFO] 0  1773891900  23209.099609  ...  23290.699219       0
2026-03-19 15:48:35,702 [INFO] 1  1773892140  23291.400391  ...  23312.250000       0
2026-03-19 15:48:35,702 [INFO] 
2026-03-19 15:48:35,702 [INFO] [2 rows x 6 columns]
2026-03-19 15:48:35,703 [INFO] DEBUG: from_=1773913115 (2026-03-19 15:08:35)
2026-03-19 15:48:35,703 [INFO] DEBUG: to=1773915515 (2026-03-19 15:48:35)
2026-03-19 15:48:35,703 [INFO] DEBUG: df['timestamp'] dtype=int64
2026-03-19 15:48:35,704 [INFO] DEBUG: df timestamp range: 1773891900 - 1773914220
2026-03-19 15:48:35,704 [INFO] DEBUG: df timestamp as dates: 2026-03-19T09:15:00 - 2026-03-19T15:27:00
2026-03-19 15:48:35,704 [INFO] Filtered data from 94 to 5 bars (filter_from=1773913115, to=1773915515)
2026-03-19 15:48:35,705 [INFO] PAGINATION: Returning 5 bars for ^NSEI (4)
2026-03-19 15:48:35,706 [INFO] DEBUG CORS: Origin header received: 'http://localhost:5173'
2026-03-19 15:48:35,740 [INFO] [YFinance] Received 375 bars
2026-03-19 15:48:35,744 [INFO] [YFinance] Returning 375 bars, range: 2026-03-19 09:15:00 to 2026-03-19 15:29:00
2026-03-19 15:48:35,744 [INFO] Cache PUT: ^NSEI:1:2026-03-19 15:38:35:2026-03-19 15:48:35 (TTL: 300.0s, 375 rows)
2026-03-19 15:48:35,745 [INFO] [UDF_HISTORY] fetch_data returned: type=<class 'pandas.core.frame.DataFrame'>, empty=False
2026-03-19 15:48:35,745 [INFO] [UDF_HISTORY] Raw data shape: (375, 6), columns: ['timestamp', 'open', 'high', 'low', 'close', 'volume']
2026-03-19 15:48:35,745 [INFO] [UDF_HISTORY] Raw timestamp range: 1773891900 - 1773914340
2026-03-19 15:48:35,746 [INFO] [UDF_HISTORY] Raw date range: 2026-03-19 09:15:00 - 2026-03-19 15:29:00
2026-03-19 15:48:35,746 [INFO] DEBUG: fetch_data result type: <class 'pandas.core.frame.DataFrame'>
2026-03-19 15:48:35,746 [INFO] DEBUG: fetch_data result shape: (375, 6)
2026-03-19 15:48:35,751 [INFO] DEBUG: Data Head:
2026-03-19 15:48:35,751 [INFO]     timestamp          open  ...         close  volume
2026-03-19 15:48:35,752 [INFO] 0  1773891900  23209.099609  ...  23334.699219       0
2026-03-19 15:48:35,752 [INFO] 1  1773891960  23332.250000  ...  23303.849609       0
2026-03-19 15:48:35,752 [INFO] 
2026-03-19 15:48:35,753 [INFO] [2 rows x 6 columns]
2026-03-19 15:48:35,753 [INFO] DEBUG: from_=1773914915 (2026-03-19 15:38:35)
2026-03-19 15:48:35,753 [INFO] DEBUG: to=1773915515 (2026-03-19 15:48:35)
2026-03-19 15:48:35,753 [INFO] DEBUG: df['timestamp'] dtype=int64
2026-03-19 15:48:35,754 [INFO] DEBUG: df timestamp range: 1773891900 - 1773914340
2026-03-19 15:48:35,754 [INFO] DEBUG: df timestamp as dates: 2026-03-19T09:15:00 - 2026-03-19T15:29:00
2026-03-19 15:48:35,755 [INFO] Filtered data from 375 to 0 bars (filter_from=1773914915, to=1773915515)
2026-03-19 15:48:35,755 [INFO]   [DEBUG] Data was filtered out! Data range: 1773891900 - 1773914340
2026-03-19 15:48:35,755 [INFO]   [DEBUG] Filter range: 1773914915 - 1773915515
2026-03-19 15:48:35,755 [INFO] [SmartFilter] Request 'from' (1773914915) is after all available data (max: 1773914340)
2026-03-19 15:48:35,756 [INFO] [SmartFilter] Returning all 375 bars since they fall before 'from' but are the best available data
2026-03-19 15:48:35,756 [INFO] [SmartFilter] Recovered 375 bars by relaxing 'from' filter
2026-03-19 15:48:35,756 [INFO] PAGINATION: Returning 375 bars for ^NSEI (1)
2026-03-19 15:48:35,762 [INFO] DEBUG CORS: Origin header received: 'http://localhost:5173'
2026-03-19 15:48:36,911 [INFO] DEBUG CORS: Origin header received: 'http://localhost:5173'
2026-03-19 15:48:36,918 [INFO] [Step-by-Step] Fetching candles: ^NSEI [yfinance] from 2026-03-13 to 2026-03-19, resolution: 4
2026-03-19 15:48:36,918 [INFO] [Step-by-Step] Lookback bars requested: 5000
2026-03-19 15:48:36,918 [INFO] [YFinance] Client initialized
2026-03-19 15:48:36,919 [INFO] [Step-by-Step] Adjusted from_date: 2026-03-13 -> 2026-01-12 (expanded lookback: 60 days)
2026-03-19 15:48:36,919 [INFO] Cache MISS: ^NSEI:4:2026-01-12:2026-03-19
2026-03-19 15:48:36,920 [INFO] [YFinance] Fetching ^NSEI | interval=4 -> 1m | 2026-01-12 to 2026-03-19
2026-03-19 15:48:36,920 [INFO] [YFinance] Requested data (4m) starts 66 days ago, but YFinance limit is 7 days.
2026-03-19 15:48:36,920 [INFO] [YFinance] STRICT CLAMPING: Auto-adjusting start date from 2026-01-12 to 2026-03-13 to preserve 1m base resolution.
2026-03-19 15:48:36,921 [INFO] [YFinance] Requesting dates: start=2026-03-13, end=2026-03-20 for ^NSEI
2026-03-19 15:48:37,223 [INFO] [YFinance] Received 1875 bars
2026-03-19 15:48:37,228 [INFO] [YFinance] Aggregating 1875 1m bars into 4m candles...
2026-03-19 15:48:37,334 [INFO] [YFinance] Aggregated to 470 4m candles
2026-03-19 15:48:37,334 [INFO] [YFinance] Returning 470 bars, range: 2026-03-13 09:15:00 to 2026-03-19 15:27:00
2026-03-19 15:48:37,335 [INFO] Cache PUT: ^NSEI:4:2026-01-12:2026-03-19 (TTL: 300.0s, 470 rows)
2026-03-19 15:48:37,337 [INFO] [FetchCandles] Pre-calculating historical state for angular_coverage
2026-03-19 15:48:37,357 [INFO] Initialized AngularPriceCoverageStudy v4.0. Config: {'left_bars': 5, 'right_bars': 5, 'line_extension_bars': 100, 'fraction_colors': {0.125: '#FF5252', 0.25: '#FF5252', 0.375: '#FF5252', 0.5: '#2196F3', 0.625: '#4CAF50', 0.75: '#4CAF50', 0.875: '#4CAF50', 1.0: '#FFFFFF'}, 'main_color': '#FFFFFF', 'main_line_width': 1, 'fraction_line_width': 2, 'scale_ratio': 1.0, 'breach_mode': 'wick', 'show_intersection_labels': False, 'max_historical_fans': 3, 'resolution': '4'}
2026-03-19 15:48:37,358 [INFO] [FetchCandles] Initializing study state on 470 bars...
2026-03-19 15:48:37,358 [INFO] [FetchCandles] Replay Start: 2026-03-13 (1773340200). Cutoff Index: -1 (Last Lookback Bar)
2026-03-19 15:48:37,359 [INFO] [FetchCandles] No lookback context found (cutoff_index=-1). Starting with empty state.
2026-03-19 15:48:37,359 [INFO] [Replay] Returning 470 candles, option_cache_ready: False, Initial Markers: 0
2026-03-19 15:48:37,369 [INFO] DEBUG CORS: Origin header received: 'http://localhost:5173'
2026-03-19 15:48:37,381 [INFO] DEBUG CORS: Origin header received: 'http://localhost:5173'
2026-03-19 15:48:37,384 [INFO] DEBUG CORS: Origin header received: 'http://localhost:5173'
2026-03-19 15:48:37,741 [INFO] DEBUG CORS: Origin header received: 'http://localhost:5173'
2026-03-19 15:48:37,747 [INFO] Initialized AngularPriceCoverageStudy v4.0. Config: {'left_bars': 5, 'right_bars': 5, 'line_extension_bars': 100, 'fraction_colors': {0.125: '#FF5252', 0.25: '#FF5252', 0.375: '#FF5252', 0.5: '#2196F3', 0.625: '#4CAF50', 0.75: '#4CAF50', 0.875: '#4CAF50', 1.0: '#FFFFFF'}, 'main_color': '#FFFFFF', 'main_line_width': 1, 'fraction_line_width': 2, 'scale_ratio': 3.6603, 'breach_mode': 'wick', 'show_intersection_labels': False, 'max_historical_fans': 3, 'resolution': '4', 'symbol': '^NSEI'}
2026-03-19 15:48:37,750 [INFO] [Study] Evaluating AngularPriceCoverageStudy (config: {'resolution': '4', 'symbol': '^NSEI', 'scale_ratio': 3.6603, 'left_bars': 5, 'right_bars': 5, 'show_intersection_labels': False})
2026-03-19 15:48:37,751 [INFO] [Study] Slow path: Rebuilding from 0 to 0
2026-03-19 15:48:37,752 [INFO] [IntDet] Bar 0 | 2026-03-13 09:15 | H=23485.05 L=23421.55 C=23455.70 | Fans=0 Lines=0
2026-03-19 15:48:37,752 [INFO] [Study] Index 0: Added 0 pivot markers from study
2026-03-19 15:48:37,753 [INFO] DEBUG CORS: Origin header received: 'http://localhost:5173'
2026-03-19 15:48:41,461 [INFO] Initialized AngularPriceCoverageStudy v4.0. Config: {'left_bars': 5, 'right_bars': 5, 'line_extension_bars': 100, 'fraction_colors': {0.125: '#FF5252', 0.25: '#FF5252', 0.375: '#FF5252', 0.5: '#2196F3', 0.625: '#4CAF50', 0.75: '#4CAF50', 0.875: '#4CAF50', 1.0: '#FFFFFF'}, 'main_color': '#FFFFFF', 'main_line_width': 1, 'fraction_line_width': 2, 'scale_ratio': 3.6603, 'breach_mode': 'wick', 'show_intersection_labels': False, 'max_historical_fans': 3, 'resolution': '4', 'symbol': '^NSEI'}
2026-03-19 15:48:41,462 [INFO] [Study] Evaluating AngularPriceCoverageStudy (config: {'resolution': '4', 'symbol': '^NSEI', 'scale_ratio': 3.6603, 'left_bars': 5, 'right_bars': 5, 'show_intersection_labels': False})
2026-03-19 15:48:41,463 [INFO] [IntDet] Bar 1 | 2026-03-13 09:19 | H=23461.95 L=23418.05 C=23428.95 | Fans=0 Lines=0
2026-03-19 15:48:41,464 [INFO] DEBUG CORS: Origin header received: 'http://localhost:5173'
2026-03-19 15:48:42,146 [INFO] Initialized AngularPriceCoverageStudy v4.0. Config: {'left_bars': 5, 'right_bars': 5, 'line_extension_bars': 100, 'fraction_colors': {0.125: '#FF5252', 0.25: '#FF5252', 0.375: '#FF5252', 0.5: '#2196F3', 0.625: '#4CAF50', 0.75: '#4CAF50', 0.875: '#4CAF50', 1.0: '#FFFFFF'}, 'main_color': '#FFFFFF', 'main_line_width': 1, 'fraction_line_width': 2, 'scale_ratio': 3.6603, 'breach_mode': 'wick', 'show_intersection_labels': False, 'max_historical_fans': 3, 'resolution': '4', 'symbol': '^NSEI'}
2026-03-19 15:48:42,147 [INFO] [Study] Evaluating AngularPriceCoverageStudy (config: {'resolution': '4', 'symbol': '^NSEI', 'scale_ratio': 3.6603, 'left_bars': 5, 'right_bars': 5, 'show_intersection_labels': False})
2026-03-19 15:48:42,148 [INFO] [IntDet] Bar 2 | 2026-03-13 09:23 | H=23443.05 L=23416.05 C=23443.05 | Fans=0 Lines=0
2026-03-19 15:48:42,149 [INFO] DEBUG CORS: Origin header received: 'http://localhost:5173'
2026-03-19 15:48:42,883 [INFO] DEBUG CORS: Origin header received: 'http://localhost:5173'
2026-03-19 15:48:42,886 [INFO] Initialized AngularPriceCoverageStudy v4.0. Config: {'left_bars': 5, 'right_bars': 5, 'line_extension_bars': 100, 'fraction_colors': {0.125: '#FF5252', 0.25: '#FF5252', 0.375: '#FF5252', 0.5: '#2196F3', 0.625: '#4CAF50', 0.75: '#4CAF50', 0.875: '#4CAF50', 1.0: '#FFFFFF'}, 'main_color': '#FFFFFF', 'main_line_width': 1, 'fraction_line_width': 2, 'scale_ratio': 3.6603, 'breach_mode': 'wick', 'show_intersection_labels': False, 'max_historical_fans': 3, 'resolution': '4', 'symbol': '^NSEI'}
2026-03-19 15:48:42,887 [INFO] [Study] Evaluating AngularPriceCoverageStudy (config: {'resolution': '4', 'symbol': '^NSEI', 'scale_ratio': 3.6603, 'left_bars': 5, 'right_bars': 5, 'show_intersection_labels': False})
2026-03-19 15:48:42,887 [INFO] [IntDet] Bar 3 | 2026-03-13 09:27 | H=23475.55 L=23443.15 C=23472.70 | Fans=0 Lines=0
2026-03-19 15:48:42,888 [INFO] DEBUG CORS: Origin header received: 'http://localhost:5173'
2026-03-19 15:48:43,575 [INFO] Initialized AngularPriceCoverageStudy v4.0. Config: {'left_bars': 5, 'right_bars': 5, 'line_extension_bars': 100, 'fraction_colors': {0.125: '#FF5252', 0.25: '#FF5252', 0.375: '#FF5252', 0.5: '#2196F3', 0.625: '#4CAF50', 0.75: '#4CAF50', 0.875: '#4CAF50', 1.0: '#FFFFFF'}, 'main_color': '#FFFFFF', 'main_line_width': 1, 'fraction_line_width': 2, 'scale_ratio': 3.6603, 'breach_mode': 'wick', 'show_intersection_labels': False, 'max_historical_fans': 3, 'resolution': '4', 'symbol': '^NSEI'}
2026-03-19 15:48:43,576 [INFO] [Study] Evaluating AngularPriceCoverageStudy (config: {'resolution': '4', 'symbol': '^NSEI', 'scale_ratio': 3.6603, 'left_bars': 5, 'right_bars': 5, 'show_intersection_labels': False})
2026-03-19 15:48:43,576 [INFO] [IntDet] Bar 4 | 2026-03-13 09:31 | H=23491.90 L=23452.60 C=23453.90 | Fans=0 Lines=0
2026-03-19 15:48:43,577 [INFO] DEBUG CORS: Origin header received: 'http://localhost:5173'
2026-03-19 15:48:44,231 [INFO] Initialized AngularPriceCoverageStudy v4.0. Config: {'left_bars': 5, 'right_bars': 5, 'line_extension_bars': 100, 'fraction_colors': {0.125: '#FF5252', 0.25: '#FF5252', 0.375: '#FF5252', 0.5: '#2196F3', 0.625: '#4CAF50', 0.75: '#4CAF50', 0.875: '#4CAF50', 1.0: '#FFFFFF'}, 'main_color': '#FFFFFF', 'main_line_width': 1, 'fraction_line_width': 2, 'scale_ratio': 3.6603, 'breach_mode': 'wick', 'show_intersection_labels': False, 'max_historical_fans': 3, 'resolution': '4', 'symbol': '^NSEI'}
2026-03-19 15:48:44,231 [INFO] [Study] Evaluating AngularPriceCoverageStudy (config: {'resolution': '4', 'symbol': '^NSEI', 'scale_ratio': 3.6603, 'left_bars': 5, 'right_bars': 5, 'show_intersection_labels': False})
2026-03-19 15:48:44,232 [INFO] [IntDet] Bar 5 | 2026-03-13 09:35 | H=23474.45 L=23433.60 C=23459.85 | Fans=0 Lines=0
2026-03-19 15:48:44,232 [INFO] DEBUG CORS: Origin header received: 'http://localhost:5173'
2026-03-19 15:48:45,165 [INFO] Initialized AngularPriceCoverageStudy v4.0. Config: {'left_bars': 5, 'right_bars': 5, 'line_extension_bars': 100, 'fraction_colors': {0.125: '#FF5252', 0.25: '#FF5252', 0.375: '#FF5252', 0.5: '#2196F3', 0.625: '#4CAF50', 0.75: '#4CAF50', 0.875: '#4CAF50', 1.0: '#FFFFFF'}, 'main_color': '#FFFFFF', 'main_line_width': 1, 'fraction_line_width': 2, 'scale_ratio': 3.6603, 'breach_mode': 'wick', 'show_intersection_labels': False, 'max_historical_fans': 3, 'resolution': '4', 'symbol': '^NSEI'}
2026-03-19 15:48:45,167 [INFO] [Study] Evaluating AngularPriceCoverageStudy (config: {'resolution': '4', 'symbol': '^NSEI', 'scale_ratio': 3.6603, 'left_bars': 5, 'right_bars': 5, 'show_intersection_labels': False})
2026-03-19 15:48:45,168 [INFO] [IntDet] Bar 6 | 2026-03-13 09:39 | H=23463.55 L=23442.55 C=23442.55 | Fans=0 Lines=0
2026-03-19 15:48:45,168 [INFO] DEBUG CORS: Origin header received: 'http://localhost:5173'
2026-03-19 15:48:45,913 [INFO] Initialized AngularPriceCoverageStudy v4.0. Config: {'left_bars': 5, 'right_bars': 5, 'line_extension_bars': 100, 'fraction_colors': {0.125: '#FF5252', 0.25: '#FF5252', 0.375: '#FF5252', 0.5: '#2196F3', 0.625: '#4CAF50', 0.75: '#4CAF50', 0.875: '#4CAF50', 1.0: '#FFFFFF'}, 'main_color': '#FFFFFF', 'main_line_width': 1, 'fraction_line_width': 2, 'scale_ratio': 3.6603, 'breach_mode': 'wick', 'show_intersection_labels': False, 'max_historical_fans': 3, 'resolution': '4', 'symbol': '^NSEI'}
2026-03-19 15:48:45,914 [INFO] [Study] Evaluating AngularPriceCoverageStudy (config: {'resolution': '4', 'symbol': '^NSEI', 'scale_ratio': 3.6603, 'left_bars': 5, 'right_bars': 5, 'show_intersection_labels': False})
2026-03-19 15:48:45,915 [INFO] [IntDet] Bar 7 | 2026-03-13 09:43 | H=23443.80 L=23403.85 C=23404.20 | Fans=0 Lines=0
2026-03-19 15:48:45,916 [INFO] DEBUG CORS: Origin header received: 'http://localhost:5173'
2026-03-19 15:48:46,614 [INFO] Initialized AngularPriceCoverageStudy v4.0. Config: {'left_bars': 5, 'right_bars': 5, 'line_extension_bars': 100, 'fraction_colors': {0.125: '#FF5252', 0.25: '#FF5252', 0.375: '#FF5252', 0.5: '#2196F3', 0.625: '#4CAF50', 0.75: '#4CAF50', 0.875: '#4CAF50', 1.0: '#FFFFFF'}, 'main_color': '#FFFFFF', 'main_line_width': 1, 'fraction_line_width': 2, 'scale_ratio': 3.6603, 'breach_mode': 'wick', 'show_intersection_labels': False, 'max_historical_fans': 3, 'resolution': '4', 'symbol': '^NSEI'}
2026-03-19 15:48:46,614 [INFO] [Study] Evaluating AngularPriceCoverageStudy (config: {'resolution': '4', 'symbol': '^NSEI', 'scale_ratio': 3.6603, 'left_bars': 5, 'right_bars': 5, 'show_intersection_labels': False})
2026-03-19 15:48:46,615 [INFO] [IntDet] Bar 8 | 2026-03-13 09:47 | H=23411.10 L=23388.85 C=23395.85 | Fans=0 Lines=0
2026-03-19 15:48:46,616 [INFO] DEBUG CORS: Origin header received: 'http://localhost:5173'
2026-03-19 15:48:47,452 [INFO] Initialized AngularPriceCoverageStudy v4.0. Config: {'left_bars': 5, 'right_bars': 5, 'line_extension_bars': 100, 'fraction_colors': {0.125: '#FF5252', 0.25: '#FF5252', 0.375: '#FF5252', 0.5: '#2196F3', 0.625: '#4CAF50', 0.75: '#4CAF50', 0.875: '#4CAF50', 1.0: '#FFFFFF'}, 'main_color': '#FFFFFF', 'main_line_width': 1, 'fraction_line_width': 2, 'scale_ratio': 3.6603, 'breach_mode': 'wick', 'show_intersection_labels': False, 'max_historical_fans': 3, 'resolution': '4', 'symbol': '^NSEI'}
2026-03-19 15:48:47,453 [INFO] [Study] Evaluating AngularPriceCoverageStudy (config: {'resolution': '4', 'symbol': '^NSEI', 'scale_ratio': 3.6603, 'left_bars': 5, 'right_bars': 5, 'show_intersection_labels': False})
2026-03-19 15:48:47,453 [INFO] [IntDet] Bar 9 | 2026-03-13 09:51 | H=23399.60 L=23363.10 C=23363.10 | Fans=0 Lines=0
2026-03-19 15:48:47,454 [INFO] DEBUG CORS: Origin header received: 'http://localhost:5173'
2026-03-19 15:48:48,178 [INFO] DEBUG CORS: Origin header received: 'http://localhost:5173'
2026-03-19 15:48:48,183 [INFO] Initialized AngularPriceCoverageStudy v4.0. Config: {'left_bars': 5, 'right_bars': 5, 'line_extension_bars': 100, 'fraction_colors': {0.125: '#FF5252', 0.25: '#FF5252', 0.375: '#FF5252', 0.5: '#2196F3', 0.625: '#4CAF50', 0.75: '#4CAF50', 0.875: '#4CAF50', 1.0: '#FFFFFF'}, 'main_color': '#FFFFFF', 'main_line_width': 1, 'fraction_line_width': 2, 'scale_ratio': 3.6603, 'breach_mode': 'wick', 'show_intersection_labels': False, 'max_historical_fans': 3, 'resolution': '4', 'symbol': '^NSEI'}
2026-03-19 15:48:48,184 [INFO] [Study] Evaluating AngularPriceCoverageStudy (config: {'resolution': '4', 'symbol': '^NSEI', 'scale_ratio': 3.6603, 'left_bars': 5, 'right_bars': 5, 'show_intersection_labels': False})
2026-03-19 15:48:48,184 [INFO] [Study] First process_bar at index 10. Running initialize_history.
2026-03-19 15:48:48,185 [INFO] [Study] initialize_history called with 10 candles
2026-03-19 15:48:48,186 [INFO] [Study] Not enough candles for pivot detection
2026-03-19 15:48:48,186 [INFO] [IntDet] Bar 10 | 2026-03-13 09:55 | H=23372.55 L=23347.35 C=23347.80 | Fans=0 Lines=0
2026-03-19 15:48:48,188 [INFO] DEBUG CORS: Origin header received: 'http://localhost:5173'
2026-03-19 15:48:48,975 [INFO] Initialized AngularPriceCoverageStudy v4.0. Config: {'left_bars': 5, 'right_bars': 5, 'line_extension_bars': 100, 'fraction_colors': {0.125: '#FF5252', 0.25: '#FF5252', 0.375: '#FF5252', 0.5: '#2196F3', 0.625: '#4CAF50', 0.75: '#4CAF50', 0.875: '#4CAF50', 1.0: '#FFFFFF'}, 'main_color': '#FFFFFF', 'main_line_width': 1, 'fraction_line_width': 2, 'scale_ratio': 3.6603, 'breach_mode': 'wick', 'show_intersection_labels': False, 'max_historical_fans': 3, 'resolution': '4', 'symbol': '^NSEI'}
2026-03-19 15:48:48,976 [INFO] [Study] Evaluating AngularPriceCoverageStudy (config: {'resolution': '4', 'symbol': '^NSEI', 'scale_ratio': 3.6603, 'left_bars': 5, 'right_bars': 5, 'show_intersection_labels': False})
2026-03-19 15:48:48,977 [INFO] [IntDet] Bar 11 | 2026-03-13 09:59 | H=23367.55 L=23333.50 C=23367.55 | Fans=0 Lines=0
2026-03-19 15:48:48,977 [INFO] DEBUG CORS: Origin header received: 'http://localhost:5173'
2026-03-19 15:48:49,723 [INFO] Initialized AngularPriceCoverageStudy v4.0. Config: {'left_bars': 5, 'right_bars': 5, 'line_extension_bars': 100, 'fraction_colors': {0.125: '#FF5252', 0.25: '#FF5252', 0.375: '#FF5252', 0.5: '#2196F3', 0.625: '#4CAF50', 0.75: '#4CAF50', 0.875: '#4CAF50', 1.0: '#FFFFFF'}, 'main_color': '#FFFFFF', 'main_line_width': 1, 'fraction_line_width': 2, 'scale_ratio': 3.6603, 'breach_mode': 'wick', 'show_intersection_labels': False, 'max_historical_fans': 3, 'resolution': '4', 'symbol': '^NSEI'}
2026-03-19 15:48:49,724 [INFO] [Study] Evaluating AngularPriceCoverageStudy (config: {'resolution': '4', 'symbol': '^NSEI', 'scale_ratio': 3.6603, 'left_bars': 5, 'right_bars': 5, 'show_intersection_labels': False})
2026-03-19 15:48:49,724 [INFO] [IntDet] Bar 12 | 2026-03-13 10:03 | H=23369.95 L=23326.95 C=23327.50 | Fans=0 Lines=0
2026-03-19 15:48:49,725 [INFO] DEBUG CORS: Origin header received: 'http://localhost:5173'
2026-03-19 15:48:50,424 [INFO] Initialized AngularPriceCoverageStudy v4.0. Config: {'left_bars': 5, 'right_bars': 5, 'line_extension_bars': 100, 'fraction_colors': {0.125: '#FF5252', 0.25: '#FF5252', 0.375: '#FF5252', 0.5: '#2196F3', 0.625: '#4CAF50', 0.75: '#4CAF50', 0.875: '#4CAF50', 1.0: '#FFFFFF'}, 'main_color': '#FFFFFF', 'main_line_width': 1, 'fraction_line_width': 2, 'scale_ratio': 3.6603, 'breach_mode': 'wick', 'show_intersection_labels': False, 'max_historical_fans': 3, 'resolution': '4', 'symbol': '^NSEI'}
2026-03-19 15:48:50,424 [INFO] [Study] Evaluating AngularPriceCoverageStudy (config: {'resolution': '4', 'symbol': '^NSEI', 'scale_ratio': 3.6603, 'left_bars': 5, 'right_bars': 5, 'show_intersection_labels': False})
2026-03-19 15:48:50,425 [INFO] [IntDet] Bar 13 | 2026-03-13 10:07 | H=23343.60 L=23328.70 C=23339.70 | Fans=0 Lines=0
2026-03-19 15:48:50,426 [INFO] DEBUG CORS: Origin header received: 'http://localhost:5173'
2026-03-19 15:48:51,173 [INFO] Initialized AngularPriceCoverageStudy v4.0. Config: {'left_bars': 5, 'right_bars': 5, 'line_extension_bars': 100, 'fraction_colors': {0.125: '#FF5252', 0.25: '#FF5252', 0.375: '#FF5252', 0.5: '#2196F3', 0.625: '#4CAF50', 0.75: '#4CAF50', 0.875: '#4CAF50', 1.0: '#FFFFFF'}, 'main_color': '#FFFFFF', 'main_line_width': 1, 'fraction_line_width': 2, 'scale_ratio': 3.6603, 'breach_mode': 'wick', 'show_intersection_labels': False, 'max_historical_fans': 3, 'resolution': '4', 'symbol': '^NSEI'}
2026-03-19 15:48:51,174 [INFO] [Study] Evaluating AngularPriceCoverageStudy (config: {'resolution': '4', 'symbol': '^NSEI', 'scale_ratio': 3.6603, 'left_bars': 5, 'right_bars': 5, 'show_intersection_labels': False})
2026-03-19 15:48:51,174 [INFO] [IntDet] Bar 14 | 2026-03-13 10:11 | H=23344.10 L=23311.85 C=23329.80 | Fans=0 Lines=0
2026-03-19 15:48:51,175 [INFO] DEBUG CORS: Origin header received: 'http://localhost:5173'
2026-03-19 15:48:51,908 [INFO] Initialized AngularPriceCoverageStudy v4.0. Config: {'left_bars': 5, 'right_bars': 5, 'line_extension_bars': 100, 'fraction_colors': {0.125: '#FF5252', 0.25: '#FF5252', 0.375: '#FF5252', 0.5: '#2196F3', 0.625: '#4CAF50', 0.75: '#4CAF50', 0.875: '#4CAF50', 1.0: '#FFFFFF'}, 'main_color': '#FFFFFF', 'main_line_width': 1, 'fraction_line_width': 2, 'scale_ratio': 3.6603, 'breach_mode': 'wick', 'show_intersection_labels': False, 'max_historical_fans': 3, 'resolution': '4', 'symbol': '^NSEI'}
2026-03-19 15:48:51,909 [INFO] [Study] Evaluating AngularPriceCoverageStudy (config: {'resolution': '4', 'symbol': '^NSEI', 'scale_ratio': 3.6603, 'left_bars': 5, 'right_bars': 5, 'show_intersection_labels': False})
2026-03-19 15:48:51,909 [INFO] [IntDet] Bar 15 | 2026-03-13 10:15 | H=23340.70 L=23318.95 C=23329.90 | Fans=0 Lines=0
2026-03-19 15:48:51,910 [INFO] DEBUG CORS: Origin header received: 'http://localhost:5173'
2026-03-19 15:48:52,676 [INFO] Initialized AngularPriceCoverageStudy v4.0. Config: {'left_bars': 5, 'right_bars': 5, 'line_extension_bars': 100, 'fraction_colors': {0.125: '#FF5252', 0.25: '#FF5252', 0.375: '#FF5252', 0.5: '#2196F3', 0.625: '#4CAF50', 0.75: '#4CAF50', 0.875: '#4CAF50', 1.0: '#FFFFFF'}, 'main_color': '#FFFFFF', 'main_line_width': 1, 'fraction_line_width': 2, 'scale_ratio': 3.6603, 'breach_mode': 'wick', 'show_intersection_labels': False, 'max_historical_fans': 3, 'resolution': '4', 'symbol': '^NSEI'}
2026-03-19 15:48:52,677 [INFO] [Study] Evaluating AngularPriceCoverageStudy (config: {'resolution': '4', 'symbol': '^NSEI', 'scale_ratio': 3.6603, 'left_bars': 5, 'right_bars': 5, 'show_intersection_labels': False})
2026-03-19 15:48:52,678 [INFO] [IntDet] Bar 16 | 2026-03-13 10:19 | H=23334.85 L=23313.85 C=23321.20 | Fans=0 Lines=0
2026-03-19 15:48:52,679 [INFO] DEBUG CORS: Origin header received: 'http://localhost:5173'
2026-03-19 15:48:53,380 [INFO] DEBUG CORS: Origin header received: 'http://localhost:5173'
2026-03-19 15:48:53,383 [INFO] Initialized AngularPriceCoverageStudy v4.0. Config: {'left_bars': 5, 'right_bars': 5, 'line_extension_bars': 100, 'fraction_colors': {0.125: '#FF5252', 0.25: '#FF5252', 0.375: '#FF5252', 0.5: '#2196F3', 0.625: '#4CAF50', 0.75: '#4CAF50', 0.875: '#4CAF50', 1.0: '#FFFFFF'}, 'main_color': '#FFFFFF', 'main_line_width': 1, 'fraction_line_width': 2, 'scale_ratio': 3.6603, 'breach_mode': 'wick', 'show_intersection_labels': False, 'max_historical_fans': 3, 'resolution': '4', 'symbol': '^NSEI'}
2026-03-19 15:48:53,384 [INFO] [Study] Evaluating AngularPriceCoverageStudy (config: {'resolution': '4', 'symbol': '^NSEI', 'scale_ratio': 3.6603, 'left_bars': 5, 'right_bars': 5, 'show_intersection_labels': False})
2026-03-19 15:48:53,384 [INFO] [IntDet] Bar 17 | 2026-03-13 10:23 | H=23325.40 L=23306.50 C=23318.25 | Fans=0 Lines=0
2026-03-19 15:48:53,384 [INFO] DEBUG CORS: Origin header received: 'http://localhost:5173'
2026-03-19 15:48:54,170 [INFO] Initialized AngularPriceCoverageStudy v4.0. Config: {'left_bars': 5, 'right_bars': 5, 'line_extension_bars': 100, 'fraction_colors': {0.125: '#FF5252', 0.25: '#FF5252', 0.375: '#FF5252', 0.5: '#2196F3', 0.625: '#4CAF50', 0.75: '#4CAF50', 0.875: '#4CAF50', 1.0: '#FFFFFF'}, 'main_color': '#FFFFFF', 'main_line_width': 1, 'fraction_line_width': 2, 'scale_ratio': 3.6603, 'breach_mode': 'wick', 'show_intersection_labels': False, 'max_historical_fans': 3, 'resolution': '4', 'symbol': '^NSEI'}
2026-03-19 15:48:54,171 [INFO] [Study] Evaluating AngularPriceCoverageStudy (config: {'resolution': '4', 'symbol': '^NSEI', 'scale_ratio': 3.6603, 'left_bars': 5, 'right_bars': 5, 'show_intersection_labels': False})
2026-03-19 15:48:54,172 [INFO] [IntDet] Bar 18 | 2026-03-13 10:27 | H=23360.00 L=23318.25 C=23347.95 | Fans=0 Lines=0
2026-03-19 15:48:54,172 [INFO] DEBUG CORS: Origin header received: 'http://localhost:5173'
2026-03-19 15:48:54,924 [INFO] Initialized AngularPriceCoverageStudy v4.0. Config: {'left_bars': 5, 'right_bars': 5, 'line_extension_bars': 100, 'fraction_colors': {0.125: '#FF5252', 0.25: '#FF5252', 0.375: '#FF5252', 0.5: '#2196F3', 0.625: '#4CAF50', 0.75: '#4CAF50', 0.875: '#4CAF50', 1.0: '#FFFFFF'}, 'main_color': '#FFFFFF', 'main_line_width': 1, 'fraction_line_width': 2, 'scale_ratio': 3.6603, 'breach_mode': 'wick', 'show_intersection_labels': False, 'max_historical_fans': 3, 'resolution': '4', 'symbol': '^NSEI'}
2026-03-19 15:48:54,925 [INFO] [Study] Evaluating AngularPriceCoverageStudy (config: {'resolution': '4', 'symbol': '^NSEI', 'scale_ratio': 3.6603, 'left_bars': 5, 'right_bars': 5, 'show_intersection_labels': False})
2026-03-19 15:48:54,925 [INFO] [IntDet] Bar 19 | 2026-03-13 10:31 | H=23357.55 L=23325.70 C=23326.75 | Fans=0 Lines=0
2026-03-19 15:48:54,926 [INFO] DEBUG CORS: Origin header received: 'http://localhost:5173'
2026-03-19 15:48:55,641 [INFO] Initialized AngularPriceCoverageStudy v4.0. Config: {'left_bars': 5, 'right_bars': 5, 'line_extension_bars': 100, 'fraction_colors': {0.125: '#FF5252', 0.25: '#FF5252', 0.375: '#FF5252', 0.5: '#2196F3', 0.625: '#4CAF50', 0.75: '#4CAF50', 0.875: '#4CAF50', 1.0: '#FFFFFF'}, 'main_color': '#FFFFFF', 'main_line_width': 1, 'fraction_line_width': 2, 'scale_ratio': 3.6603, 'breach_mode': 'wick', 'show_intersection_labels': False, 'max_historical_fans': 3, 'resolution': '4', 'symbol': '^NSEI'}
2026-03-19 15:48:55,642 [INFO] [Study] Evaluating AngularPriceCoverageStudy (config: {'resolution': '4', 'symbol': '^NSEI', 'scale_ratio': 3.6603, 'left_bars': 5, 'right_bars': 5, 'show_intersection_labels': False})
2026-03-19 15:48:55,643 [INFO] [IntDet] Bar 20 | 2026-03-13 10:35 | H=23333.20 L=23320.30 C=23331.55 | Fans=0 Lines=0
2026-03-19 15:48:55,644 [INFO] DEBUG CORS: Origin header received: 'http://localhost:5173'
2026-03-19 15:48:56,336 [INFO] Initialized AngularPriceCoverageStudy v4.0. Config: {'left_bars': 5, 'right_bars': 5, 'line_extension_bars': 100, 'fraction_colors': {0.125: '#FF5252', 0.25: '#FF5252', 0.375: '#FF5252', 0.5: '#2196F3', 0.625: '#4CAF50', 0.75: '#4CAF50', 0.875: '#4CAF50', 1.0: '#FFFFFF'}, 'main_color': '#FFFFFF', 'main_line_width': 1, 'fraction_line_width': 2, 'scale_ratio': 3.6603, 'breach_mode': 'wick', 'show_intersection_labels': False, 'max_historical_fans': 3, 'resolution': '4', 'symbol': '^NSEI'}
2026-03-19 15:48:56,337 [INFO] [Study] Evaluating AngularPriceCoverageStudy (config: {'resolution': '4', 'symbol': '^NSEI', 'scale_ratio': 3.6603, 'left_bars': 5, 'right_bars': 5, 'show_intersection_labels': False})
2026-03-19 15:48:56,338 [INFO] [IntDet] Bar 21 | 2026-03-13 10:39 | H=23342.00 L=23324.95 C=23329.45 | Fans=0 Lines=0
2026-03-19 15:48:56,339 [INFO] DEBUG CORS: Origin header received: 'http://localhost:5173'
2026-03-19 15:48:57,084 [INFO] Initialized AngularPriceCoverageStudy v4.0. Config: {'left_bars': 5, 'right_bars': 5, 'line_extension_bars': 100, 'fraction_colors': {0.125: '#FF5252', 0.25: '#FF5252', 0.375: '#FF5252', 0.5: '#2196F3', 0.625: '#4CAF50', 0.75: '#4CAF50', 0.875: '#4CAF50', 1.0: '#FFFFFF'}, 'main_color': '#FFFFFF', 'main_line_width': 1, 'fraction_line_width': 2, 'scale_ratio': 3.6603, 'breach_mode': 'wick', 'show_intersection_labels': False, 'max_historical_fans': 3, 'resolution': '4', 'symbol': '^NSEI'}
2026-03-19 15:48:57,085 [INFO] [Study] Evaluating AngularPriceCoverageStudy (config: {'resolution': '4', 'symbol': '^NSEI', 'scale_ratio': 3.6603, 'left_bars': 5, 'right_bars': 5, 'show_intersection_labels': False})
2026-03-19 15:48:57,085 [INFO] [IntDet] Bar 22 | 2026-03-13 10:43 | H=23329.45 L=23313.05 C=23322.00 | Fans=0 Lines=0
2026-03-19 15:48:57,086 [INFO] DEBUG CORS: Origin header received: 'http://localhost:5173'
2026-03-19 15:48:57,780 [INFO] Initialized AngularPriceCoverageStudy v4.0. Config: {'left_bars': 5, 'right_bars': 5, 'line_extension_bars': 100, 'fraction_colors': {0.125: '#FF5252', 0.25: '#FF5252', 0.375: '#FF5252', 0.5: '#2196F3', 0.625: '#4CAF50', 0.75: '#4CAF50', 0.875: '#4CAF50', 1.0: '#FFFFFF'}, 'main_color': '#FFFFFF', 'main_line_width': 1, 'fraction_line_width': 2, 'scale_ratio': 3.6603, 'breach_mode': 'wick', 'show_intersection_labels': False, 'max_historical_fans': 3, 'resolution': '4', 'symbol': '^NSEI'}
2026-03-19 15:48:57,781 [INFO] [Study] Evaluating AngularPriceCoverageStudy (config: {'resolution': '4', 'symbol': '^NSEI', 'scale_ratio': 3.6603, 'left_bars': 5, 'right_bars': 5, 'show_intersection_labels': False})
2026-03-19 15:48:57,781 [INFO] [Study] Creating new fan: Fan_H1_L1 (P1 (H1-L1))
2026-03-19 15:48:57,782 [INFO] [AngleEngine] scale_ratio=3.6603, slope_per_bar=53.5000, visual_slope=14.6163, theta=86.09 deg
2026-03-19 15:48:57,783 [INFO] --- [AngleEngine] Fan Created: Fan_H1_L1 ---
2026-03-19 15:48:57,783 [INFO]   Origin: Bar 17, Time 1773377580, Price 23306.5
2026-03-19 15:48:57,784 [INFO]   Target: Bar 18, Time 1773377820, Price 23360.0
2026-03-19 15:48:57,784 [INFO]   Delta: db=1, dp_origin=53.50
2026-03-19 15:48:57,785 [INFO]   Scale Params: Ratio=3.6603, Radius=14.65 bars, Slope/Bar=53.5000
2026-03-19 15:48:57,785 [INFO]   Line 0.875: EndBar=1773377820 (approx), EndPrice=23320.48
2026-03-19 15:48:57,785 [INFO]   Line 0.75: EndBar=1773377820 (approx), EndPrice=23314.20
2026-03-19 15:48:57,786 [INFO]   Line 0.5: EndBar=1773377820 (approx), EndPrice=23309.92
2026-03-19 15:48:57,786 [INFO]   Line 0.25: EndBar=1773377820 (approx), EndPrice=23307.94
2026-03-19 15:48:57,786 [INFO]   Line 0.125: EndBar=1773377820 (approx), EndPrice=23307.20
2026-03-19 15:48:57,787 [INFO] [IntDet] Bar 23 | 2026-03-13 10:47 | H=23343.20 L=23309.30 C=23343.20 | Fans=1 Lines=7
2026-03-19 15:48:57,787 [INFO]   [P1 (H1-L1)] main: lineP=23627.50 | bars_from_origin=6.0 slope=53.5000 | ABOVE gap=284.30
2026-03-19 15:48:57,787 [INFO]   [P1 (H1-L1)] 0.875: lineP=23390.36 | bars_from_origin=6.0 slope=13.9774 | ABOVE gap=47.17
2026-03-19 15:48:57,787 [INFO]   [P1 (H1-L1)] 0.75: lineP=23352.68 | bars_from_origin=6.0 slope=7.6963 | ABOVE gap=9.48
2026-03-19 15:48:57,788 [INFO]   [P1 (H1-L1)] 0.5: lineP=23327.01 | bars_from_origin=6.0 slope=3.4184 | HIT gap=0.00
2026-03-19 15:48:57,788 [INFO]     >>> HIT RECORDED: P1 (H1-L1) frac=0.5 @ 23327.01
2026-03-19 15:48:57,789 [INFO]   [P1 (H1-L1)] 0.25: lineP=23315.16 | bars_from_origin=6.0 slope=1.4434 | HIT gap=0.00
2026-03-19 15:48:57,789 [INFO]     >>> HIT RECORDED: P1 (H1-L1) frac=0.25 @ 23315.16
2026-03-19 15:48:57,790 [INFO]   [P1 (H1-L1)] 0.125: lineP=23310.67 | bars_from_origin=6.0 slope=0.6956 | HIT gap=0.00
2026-03-19 15:48:57,790 [INFO]     >>> HIT RECORDED: P1 (H1-L1) frac=0.125 @ 23310.67
2026-03-19 15:48:57,790 [INFO]   [P1 (H1-L1)] main: lineP=23309.92 | bars_from_origin=5.0 slope=0.0000 | HIT gap=0.00
2026-03-19 15:48:57,791 [INFO]     >>> HIT RECORDED: P1 (H1-L1) frac=main @ 23309.92
2026-03-19 15:48:57,791 [INFO]   [IntDet] Total hits this bar: 4
2026-03-19 15:48:57,791 [INFO] [Study] Emitting intersection event (DIRECT): {'time': 1773379020, 'fan': 'P1 (H1-L1)', 'fanIdentity': 'H1-L1', 'fraction': '1/2', 'price': 23327.010583493407, 'type': 'CROSS_UP', 'details': 'Breakout Attempt'}
2026-03-19 15:48:57,795 [INFO] [Study] Emitting intersection event (DIRECT): {'time': 1773379020, 'fan': 'P1 (H1-L1)', 'fanIdentity': 'H1-L1', 'fraction': '1/4', 'price': 23315.160515812517, 'type': 'SUPPORT_TEST', 'details': 'Resting / Throwback'}
2026-03-19 15:48:57,797 [INFO] [Study] Emitting intersection event (DIRECT): {'time': 1773379020, 'fan': 'P1 (H1-L1)', 'fanIdentity': 'H1-L1', 'fraction': '1/8', 'price': 23310.673852388398, 'type': 'SUPPORT_TEST', 'details': 'Resting / Throwback'}
2026-03-19 15:48:57,800 [INFO] [Study] Emitting intersection event (DIRECT): {'time': 1773379020, 'fan': 'P1 (H1-L1)', 'fanIdentity': 'H1-L1', 'fraction': 'Horizontal', 'price': 23309.918430582235, 'type': 'SUPPORT_TEST', 'details': 'Resting / Throwback'}
2026-03-19 15:48:57,802 [INFO] DEBUG CORS: Origin header received: 'http://localhost:5173'
