2026-04-27 12:58:58,377 - Initialized AngularPriceCoverageStudy v4.0. Config: {'left_bars': 5, 'right_bars': 5, 'line_extension_bars': 100, 'fraction_colors': {0.125: '#FF5252', 0.25: '#FF5252', 0.375: '#FF5252', 0.5: '#2196F3', 0.625: '#4CAF50', 0.75: '#4CAF50', 0.875: '#4CAF50', 1.0: '#FFFFFF'}, 'main_color': '#FFFFFF', 'main_line_width': 1, 'fraction_line_width': 2, 'scale_ratio': 1.0, 'breach_mode': 'wick', 'show_intersection_labels': False, 'max_historical_fans': 3, 'bounce_threshold_percent': 0.3, 'rejection_lookback_bars': 5, 'rest_required_bars': 3, 'resolution': '4'}
2026-04-27 12:58:58,763 - Initialized AngularPriceCoverageStudy v4.0. Config: {'left_bars': 5, 'right_bars': 5, 'line_extension_bars': 100, 'fraction_colors': {0.125: '#FF5252', 0.25: '#FF5252', 0.375: '#FF5252', 0.5: '#2196F3', 0.625: '#4CAF50', 0.75: '#4CAF50', 0.875: '#4CAF50', 1.0: '#FFFFFF'}, 'main_color': '#FFFFFF', 'main_line_width': 1, 'fraction_line_width': 2, 'scale_ratio': 3.6603, 'breach_mode': 'wick', 'show_intersection_labels': False, 'max_historical_fans': 3, 'bounce_threshold_percent': 0.3, 'rejection_lookback_bars': 5, 'rest_required_bars': 3, 'resolution': '4', 'symbol': '^NSEI', 'run_mode': 'replay', 'is_new_replay': True}
2026-04-27 12:59:02,837 - Initialized AngularPriceCoverageStudy v4.0. Config: {'left_bars': 5, 'right_bars': 5, 'line_extension_bars': 100, 'fraction_colors': {0.125: '#FF5252', 0.25: '#FF5252', 0.375: '#FF5252', 0.5: '#2196F3', 0.625: '#4CAF50', 0.75: '#4CAF50', 0.875: '#4CAF50', 1.0: '#FFFFFF'}, 'main_color': '#FFFFFF', 'main_line_width': 1, 'fraction_line_width': 2, 'scale_ratio': 3.6603, 'breach_mode': 'wick', 'show_intersection_labels': False, 'max_historical_fans': 3, 'bounce_threshold_percent': 0.3, 'rejection_lookback_bars': 5, 'rest_required_bars': 3, 'resolution': '4', 'symbol': '^NSEI', 'run_mode': 'replay', 'is_new_replay': False}
2026-04-27 12:59:03,389 - Initialized AngularPriceCoverageStudy v4.0. Config: {'left_bars': 5, 'right_bars': 5, 'line_extension_bars': 100, 'fraction_colors': {0.125: '#FF5252', 0.25: '#FF5252', 0.375: '#FF5252', 0.5: '#2196F3', 0.625: '#4CAF50', 0.75: '#4CAF50', 0.875: '#4CAF50', 1.0: '#FFFFFF'}, 'main_color': '#FFFFFF', 'main_line_width': 1, 'fraction_line_width': 2, 'scale_ratio': 3.6603, 'breach_mode': 'wick', 'show_intersection_labels': False, 'max_historical_fans': 3, 'bounce_threshold_percent': 0.3, 'rejection_lookback_bars': 5, 'rest_required_bars': 3, 'resolution': '4', 'symbol': '^NSEI', 'run_mode': 'replay', 'is_new_replay': False}
2026-04-27 12:59:03,904 - Initialized AngularPriceCoverageStudy v4.0. Config: {'left_bars': 5, 'right_bars': 5, 'line_extension_bars': 100, 'fraction_colors': {0.125: '#FF5252', 0.25: '#FF5252', 0.375: '#FF5252', 0.5: '#2196F3', 0.625: '#4CAF50', 0.75: '#4CAF50', 0.875: '#4CAF50', 1.0: '#FFFFFF'}, 'main_color': '#FFFFFF', 'main_line_width': 1, 'fraction_line_width': 2, 'scale_ratio': 3.6603, 'breach_mode': 'wick', 'show_intersection_labels': False, 'max_historical_fans': 3, 'bounce_threshold_percent': 0.3, 'rejection_lookback_bars': 5, 'rest_required_bars': 3, 'resolution': '4', 'symbol': '^NSEI', 'run_mode': 'replay', 'is_new_replay': False}
2026-04-27 12:59:04,422 - Initialized AngularPriceCoverageStudy v4.0. Config: {'left_bars': 5, 'right_bars': 5, 'line_extension_bars': 100, 'fraction_colors': {0.125: '#FF5252', 0.25: '#FF5252', 0.375: '#FF5252', 0.5: '#2196F3', 0.625: '#4CAF50', 0.75: '#4CAF50', 0.875: '#4CAF50', 1.0: '#FFFFFF'}, 'main_color': '#FFFFFF', 'main_line_width': 1, 'fraction_line_width': 2, 'scale_ratio': 3.6603, 'breach_mode': 'wick', 'show_intersection_labels': False, 'max_historical_fans': 3, 'bounce_threshold_percent': 0.3, 'rejection_lookback_bars': 5, 'rest_required_bars': 3, 'resolution': '4', 'symbol': '^NSEI', 'run_mode': 'replay', 'is_new_replay': False}
2026-04-27 12:59:05,029 - Initialized AngularPriceCoverageStudy v4.0. Config: {'left_bars': 5, 'right_bars': 5, 'line_extension_bars': 100, 'fraction_colors': {0.125: '#FF5252', 0.25: '#FF5252', 0.375: '#FF5252', 0.5: '#2196F3', 0.625: '#4CAF50', 0.75: '#4CAF50', 0.875: '#4CAF50', 1.0: '#FFFFFF'}, 'main_color': '#FFFFFF', 'main_line_width': 1, 'fraction_line_width': 2, 'scale_ratio': 3.6603, 'breach_mode': 'wick', 'show_intersection_labels': False, 'max_historical_fans': 3, 'bounce_threshold_percent': 0.3, 'rejection_lookback_bars': 5, 'rest_required_bars': 3, 'resolution': '4', 'symbol': '^NSEI', 'run_mode': 'replay', 'is_new_replay': False}
2026-04-27 12:59:05,571 - Initialized AngularPriceCoverageStudy v4.0. Config: {'left_bars': 5, 'right_bars': 5, 'line_extension_bars': 100, 'fraction_colors': {0.125: '#FF5252', 0.25: '#FF5252', 0.375: '#FF5252', 0.5: '#2196F3', 0.625: '#4CAF50', 0.75: '#4CAF50', 0.875: '#4CAF50', 1.0: '#FFFFFF'}, 'main_color': '#FFFFFF', 'main_line_width': 1, 'fraction_line_width': 2, 'scale_ratio': 3.6603, 'breach_mode': 'wick', 'show_intersection_labels': False, 'max_historical_fans': 3, 'bounce_threshold_percent': 0.3, 'rejection_lookback_bars': 5, 'rest_required_bars': 3, 'resolution': '4', 'symbol': '^NSEI', 'run_mode': 'replay', 'is_new_replay': False}
2026-04-27 12:59:06,144 - Initialized AngularPriceCoverageStudy v4.0. Config: {'left_bars': 5, 'right_bars': 5, 'line_extension_bars': 100, 'fraction_colors': {0.125: '#FF5252', 0.25: '#FF5252', 0.375: '#FF5252', 0.5: '#2196F3', 0.625: '#4CAF50', 0.75: '#4CAF50', 0.875: '#4CAF50', 1.0: '#FFFFFF'}, 'main_color': '#FFFFFF', 'main_line_width': 1, 'fraction_line_width': 2, 'scale_ratio': 3.6603, 'breach_mode': 'wick', 'show_intersection_labels': False, 'max_historical_fans': 3, 'bounce_threshold_percent': 0.3, 'rejection_lookback_bars': 5, 'rest_required_bars': 3, 'resolution': '4', 'symbol': '^NSEI', 'run_mode': 'replay', 'is_new_replay': False}
2026-04-27 12:59:06,704 - Initialized AngularPriceCoverageStudy v4.0. Config: {'left_bars': 5, 'right_bars': 5, 'line_extension_bars': 100, 'fraction_colors': {0.125: '#FF5252', 0.25: '#FF5252', 0.375: '#FF5252', 0.5: '#2196F3', 0.625: '#4CAF50', 0.75: '#4CAF50', 0.875: '#4CAF50', 1.0: '#FFFFFF'}, 'main_color': '#FFFFFF', 'main_line_width': 1, 'fraction_line_width': 2, 'scale_ratio': 3.6603, 'breach_mode': 'wick', 'show_intersection_labels': False, 'max_historical_fans': 3, 'bounce_threshold_percent': 0.3, 'rejection_lookback_bars': 5, 'rest_required_bars': 3, 'resolution': '4', 'symbol': '^NSEI', 'run_mode': 'replay', 'is_new_replay': False}
2026-04-27 12:59:07,294 - Initialized AngularPriceCoverageStudy v4.0. Config: {'left_bars': 5, 'right_bars': 5, 'line_extension_bars': 100, 'fraction_colors': {0.125: '#FF5252', 0.25: '#FF5252', 0.375: '#FF5252', 0.5: '#2196F3', 0.625: '#4CAF50', 0.75: '#4CAF50', 0.875: '#4CAF50', 1.0: '#FFFFFF'}, 'main_color': '#FFFFFF', 'main_line_width': 1, 'fraction_line_width': 2, 'scale_ratio': 3.6603, 'breach_mode': 'wick', 'show_intersection_labels': False, 'max_historical_fans': 3, 'bounce_threshold_percent': 0.3, 'rejection_lookback_bars': 5, 'rest_required_bars': 3, 'resolution': '4', 'symbol': '^NSEI', 'run_mode': 'replay', 'is_new_replay': False}
2026-04-27 12:59:07,846 - Initialized AngularPriceCoverageStudy v4.0. Config: {'left_bars': 5, 'right_bars': 5, 'line_extension_bars': 100, 'fraction_colors': {0.125: '#FF5252', 0.25: '#FF5252', 0.375: '#FF5252', 0.5: '#2196F3', 0.625: '#4CAF50', 0.75: '#4CAF50', 0.875: '#4CAF50', 1.0: '#FFFFFF'}, 'main_color': '#FFFFFF', 'main_line_width': 1, 'fraction_line_width': 2, 'scale_ratio': 3.6603, 'breach_mode': 'wick', 'show_intersection_labels': False, 'max_historical_fans': 3, 'bounce_threshold_percent': 0.3, 'rejection_lookback_bars': 5, 'rest_required_bars': 3, 'resolution': '4', 'symbol': '^NSEI', 'run_mode': 'replay', 'is_new_replay': False}
2026-04-27 12:59:07,848 - [Study] First process_bar at index 10. Running initialize_history.
2026-04-27 12:59:07,848 - [Study] initialize_history called with 10 candles
2026-04-27 12:59:07,849 - [Study] Not enough candles for pivot detection
2026-04-27 12:59:08,398 - Initialized AngularPriceCoverageStudy v4.0. Config: {'left_bars': 5, 'right_bars': 5, 'line_extension_bars': 100, 'fraction_colors': {0.125: '#FF5252', 0.25: '#FF5252', 0.375: '#FF5252', 0.5: '#2196F3', 0.625: '#4CAF50', 0.75: '#4CAF50', 0.875: '#4CAF50', 1.0: '#FFFFFF'}, 'main_color': '#FFFFFF', 'main_line_width': 1, 'fraction_line_width': 2, 'scale_ratio': 3.6603, 'breach_mode': 'wick', 'show_intersection_labels': False, 'max_historical_fans': 3, 'bounce_threshold_percent': 0.3, 'rejection_lookback_bars': 5, 'rest_required_bars': 3, 'resolution': '4', 'symbol': '^NSEI', 'run_mode': 'replay', 'is_new_replay': False}
2026-04-27 12:59:08,982 - Initialized AngularPriceCoverageStudy v4.0. Config: {'left_bars': 5, 'right_bars': 5, 'line_extension_bars': 100, 'fraction_colors': {0.125: '#FF5252', 0.25: '#FF5252', 0.375: '#FF5252', 0.5: '#2196F3', 0.625: '#4CAF50', 0.75: '#4CAF50', 0.875: '#4CAF50', 1.0: '#FFFFFF'}, 'main_color': '#FFFFFF', 'main_line_width': 1, 'fraction_line_width': 2, 'scale_ratio': 3.6603, 'breach_mode': 'wick', 'show_intersection_labels': False, 'max_historical_fans': 3, 'bounce_threshold_percent': 0.3, 'rejection_lookback_bars': 5, 'rest_required_bars': 3, 'resolution': '4', 'symbol': '^NSEI', 'run_mode': 'replay', 'is_new_replay': False}
2026-04-27 12:59:09,549 - Initialized AngularPriceCoverageStudy v4.0. Config: {'left_bars': 5, 'right_bars': 5, 'line_extension_bars': 100, 'fraction_colors': {0.125: '#FF5252', 0.25: '#FF5252', 0.375: '#FF5252', 0.5: '#2196F3', 0.625: '#4CAF50', 0.75: '#4CAF50', 0.875: '#4CAF50', 1.0: '#FFFFFF'}, 'main_color': '#FFFFFF', 'main_line_width': 1, 'fraction_line_width': 2, 'scale_ratio': 3.6603, 'breach_mode': 'wick', 'show_intersection_labels': False, 'max_historical_fans': 3, 'bounce_threshold_percent': 0.3, 'rejection_lookback_bars': 5, 'rest_required_bars': 3, 'resolution': '4', 'symbol': '^NSEI', 'run_mode': 'replay', 'is_new_replay': False}
2026-04-27 12:59:10,138 - Initialized AngularPriceCoverageStudy v4.0. Config: {'left_bars': 5, 'right_bars': 5, 'line_extension_bars': 100, 'fraction_colors': {0.125: '#FF5252', 0.25: '#FF5252', 0.375: '#FF5252', 0.5: '#2196F3', 0.625: '#4CAF50', 0.75: '#4CAF50', 0.875: '#4CAF50', 1.0: '#FFFFFF'}, 'main_color': '#FFFFFF', 'main_line_width': 1, 'fraction_line_width': 2, 'scale_ratio': 3.6603, 'breach_mode': 'wick', 'show_intersection_labels': False, 'max_historical_fans': 3, 'bounce_threshold_percent': 0.3, 'rejection_lookback_bars': 5, 'rest_required_bars': 3, 'resolution': '4', 'symbol': '^NSEI', 'run_mode': 'replay', 'is_new_replay': False}
2026-04-27 12:59:10,682 - Initialized AngularPriceCoverageStudy v4.0. Config: {'left_bars': 5, 'right_bars': 5, 'line_extension_bars': 100, 'fraction_colors': {0.125: '#FF5252', 0.25: '#FF5252', 0.375: '#FF5252', 0.5: '#2196F3', 0.625: '#4CAF50', 0.75: '#4CAF50', 0.875: '#4CAF50', 1.0: '#FFFFFF'}, 'main_color': '#FFFFFF', 'main_line_width': 1, 'fraction_line_width': 2, 'scale_ratio': 3.6603, 'breach_mode': 'wick', 'show_intersection_labels': False, 'max_historical_fans': 3, 'bounce_threshold_percent': 0.3, 'rejection_lookback_bars': 5, 'rest_required_bars': 3, 'resolution': '4', 'symbol': '^NSEI', 'run_mode': 'replay', 'is_new_replay': False}
2026-04-27 12:59:11,197 - Initialized AngularPriceCoverageStudy v4.0. Config: {'left_bars': 5, 'right_bars': 5, 'line_extension_bars': 100, 'fraction_colors': {0.125: '#FF5252', 0.25: '#FF5252', 0.375: '#FF5252', 0.5: '#2196F3', 0.625: '#4CAF50', 0.75: '#4CAF50', 0.875: '#4CAF50', 1.0: '#FFFFFF'}, 'main_color': '#FFFFFF', 'main_line_width': 1, 'fraction_line_width': 2, 'scale_ratio': 3.6603, 'breach_mode': 'wick', 'show_intersection_labels': False, 'max_historical_fans': 3, 'bounce_threshold_percent': 0.3, 'rejection_lookback_bars': 5, 'rest_required_bars': 3, 'resolution': '4', 'symbol': '^NSEI', 'run_mode': 'replay', 'is_new_replay': False}
2026-04-27 12:59:11,678 - Initialized AngularPriceCoverageStudy v4.0. Config: {'left_bars': 5, 'right_bars': 5, 'line_extension_bars': 100, 'fraction_colors': {0.125: '#FF5252', 0.25: '#FF5252', 0.375: '#FF5252', 0.5: '#2196F3', 0.625: '#4CAF50', 0.75: '#4CAF50', 0.875: '#4CAF50', 1.0: '#FFFFFF'}, 'main_color': '#FFFFFF', 'main_line_width': 1, 'fraction_line_width': 2, 'scale_ratio': 3.6603, 'breach_mode': 'wick', 'show_intersection_labels': False, 'max_historical_fans': 3, 'bounce_threshold_percent': 0.3, 'rejection_lookback_bars': 5, 'rest_required_bars': 3, 'resolution': '4', 'symbol': '^NSEI', 'run_mode': 'replay', 'is_new_replay': False}
2026-04-27 12:59:12,149 - Initialized AngularPriceCoverageStudy v4.0. Config: {'left_bars': 5, 'right_bars': 5, 'line_extension_bars': 100, 'fraction_colors': {0.125: '#FF5252', 0.25: '#FF5252', 0.375: '#FF5252', 0.5: '#2196F3', 0.625: '#4CAF50', 0.75: '#4CAF50', 0.875: '#4CAF50', 1.0: '#FFFFFF'}, 'main_color': '#FFFFFF', 'main_line_width': 1, 'fraction_line_width': 2, 'scale_ratio': 3.6603, 'breach_mode': 'wick', 'show_intersection_labels': False, 'max_historical_fans': 3, 'bounce_threshold_percent': 0.3, 'rejection_lookback_bars': 5, 'rest_required_bars': 3, 'resolution': '4', 'symbol': '^NSEI', 'run_mode': 'replay', 'is_new_replay': False}
2026-04-27 12:59:12,621 - Initialized AngularPriceCoverageStudy v4.0. Config: {'left_bars': 5, 'right_bars': 5, 'line_extension_bars': 100, 'fraction_colors': {0.125: '#FF5252', 0.25: '#FF5252', 0.375: '#FF5252', 0.5: '#2196F3', 0.625: '#4CAF50', 0.75: '#4CAF50', 0.875: '#4CAF50', 1.0: '#FFFFFF'}, 'main_color': '#FFFFFF', 'main_line_width': 1, 'fraction_line_width': 2, 'scale_ratio': 3.6603, 'breach_mode': 'wick', 'show_intersection_labels': False, 'max_historical_fans': 3, 'bounce_threshold_percent': 0.3, 'rejection_lookback_bars': 5, 'rest_required_bars': 3, 'resolution': '4', 'symbol': '^NSEI', 'run_mode': 'replay', 'is_new_replay': False}
2026-04-27 12:59:13,084 - Initialized AngularPriceCoverageStudy v4.0. Config: {'left_bars': 5, 'right_bars': 5, 'line_extension_bars': 100, 'fraction_colors': {0.125: '#FF5252', 0.25: '#FF5252', 0.375: '#FF5252', 0.5: '#2196F3', 0.625: '#4CAF50', 0.75: '#4CAF50', 0.875: '#4CAF50', 1.0: '#FFFFFF'}, 'main_color': '#FFFFFF', 'main_line_width': 1, 'fraction_line_width': 2, 'scale_ratio': 3.6603, 'breach_mode': 'wick', 'show_intersection_labels': False, 'max_historical_fans': 3, 'bounce_threshold_percent': 0.3, 'rejection_lookback_bars': 5, 'rest_required_bars': 3, 'resolution': '4', 'symbol': '^NSEI', 'run_mode': 'replay', 'is_new_replay': False}
2026-04-27 12:59:13,583 - Initialized AngularPriceCoverageStudy v4.0. Config: {'left_bars': 5, 'right_bars': 5, 'line_extension_bars': 100, 'fraction_colors': {0.125: '#FF5252', 0.25: '#FF5252', 0.375: '#FF5252', 0.5: '#2196F3', 0.625: '#4CAF50', 0.75: '#4CAF50', 0.875: '#4CAF50', 1.0: '#FFFFFF'}, 'main_color': '#FFFFFF', 'main_line_width': 1, 'fraction_line_width': 2, 'scale_ratio': 3.6603, 'breach_mode': 'wick', 'show_intersection_labels': False, 'max_historical_fans': 3, 'bounce_threshold_percent': 0.3, 'rejection_lookback_bars': 5, 'rest_required_bars': 3, 'resolution': '4', 'symbol': '^NSEI', 'run_mode': 'replay', 'is_new_replay': False}
2026-04-27 12:59:13,585 - [Study] Creating new fan: Fan_H1_L1 (P1 (H1-L1))
2026-04-27 12:59:13,593 - [Tracking] Fan validated: Fan_H1_L1 via touch at bar 16
2026-04-27 12:59:13,595 - [Tracking] Target HIT: Fan_H1_L1 0.875
2026-04-27 12:59:13,595 - [Tracking] BREACH_CONFIRMED_NO_ALPHA: no pending found for fan=Fan_H1_L1 prev_line=0.5
2026-04-27 12:59:13,599 - [Tracking] Target HIT: Fan_H1_L1 0.75
2026-04-27 12:59:13,599 - [Tracking] BREACH_CONFIRMED_NO_ALPHA: found pending on Fan_H1_L1_Fan_H1_L1_f0 fraction=0.875 bar=18 (cross-bar)
2026-04-27 12:59:13,599 - [Tracking] BREACH_CONFIRMED_NO_ALPHA (via target progression): Fan_H1_L1 0.875
2026-04-27 12:59:13,609 - [Tracking] Target HIT: Fan_H1_L1 0.5
2026-04-27 12:59:13,609 - [Tracking] BREACH_CONFIRMED_NO_ALPHA: found pending on Fan_H1_L1_Fan_H1_L1_f1 fraction=0.75 bar=21 (cross-bar)
2026-04-27 12:59:13,610 - [Tracking] BREACH_CONFIRMED_NO_ALPHA (via target progression): Fan_H1_L1 0.75
2026-04-27 13:02:26,043 - Initialized AngularPriceCoverageStudy v4.0. Config: {'left_bars': 5, 'right_bars': 5, 'line_extension_bars': 100, 'fraction_colors': {0.125: '#FF5252', 0.25: '#FF5252', 0.375: '#FF5252', 0.5: '#2196F3', 0.625: '#4CAF50', 0.75: '#4CAF50', 0.875: '#4CAF50', 1.0: '#FFFFFF'}, 'main_color': '#FFFFFF', 'main_line_width': 1, 'fraction_line_width': 2, 'scale_ratio': 3.6603, 'breach_mode': 'wick', 'show_intersection_labels': False, 'max_historical_fans': 3, 'bounce_threshold_percent': 0.3, 'rejection_lookback_bars': 5, 'rest_required_bars': 3, 'resolution': '4', 'symbol': '^NSEI', 'run_mode': 'replay', 'is_new_replay': False}
2026-04-27 13:02:26,045 - [Study] Failed to restore event: Event.__init__() missing 2 required positional arguments: 'timestamp' and 'event_type'
2026-04-27 13:02:26,045 - [Study] Failed to restore event: Event.__init__() missing 2 required positional arguments: 'timestamp' and 'event_type'
2026-04-27 13:02:26,045 - [Study] Failed to restore event: Event.__init__() missing 2 required positional arguments: 'timestamp' and 'event_type'
2026-04-27 13:02:26,046 - [Study] Failed to restore event: Event.__init__() missing 2 required positional arguments: 'timestamp' and 'event_type'
2026-04-27 13:02:26,046 - [Study] Failed to restore event: Event.__init__() missing 2 required positional arguments: 'timestamp' and 'event_type'
2026-04-27 13:02:26,046 - [Study] Failed to restore event: Event.__init__() missing 2 required positional arguments: 'timestamp' and 'event_type'
2026-04-27 13:02:26,046 - [Study] Failed to restore event: Event.__init__() missing 2 required positional arguments: 'timestamp' and 'event_type'
2026-04-27 13:02:26,047 - [Study] Failed to restore event: Event.__init__() missing 2 required positional arguments: 'timestamp' and 'event_type'
2026-04-27 13:02:26,047 - [Study] Failed to restore event: Event.__init__() missing 2 required positional arguments: 'timestamp' and 'event_type'
2026-04-27 13:02:26,047 - [Study] Failed to restore event: Event.__init__() missing 2 required positional arguments: 'timestamp' and 'event_type'
2026-04-27 13:02:26,047 - [Study] Failed to restore event: Event.__init__() missing 2 required positional arguments: 'timestamp' and 'event_type'
2026-04-27 13:02:26,048 - [Study] Failed to restore event: Event.__init__() missing 2 required positional arguments: 'timestamp' and 'event_type'
2026-04-27 13:02:26,048 - [Study] Failed to restore event: Event.__init__() missing 2 required positional arguments: 'timestamp' and 'event_type'
2026-04-27 13:02:28,529 - Initialized AngularPriceCoverageStudy v4.0. Config: {'left_bars': 5, 'right_bars': 5, 'line_extension_bars': 100, 'fraction_colors': {0.125: '#FF5252', 0.25: '#FF5252', 0.375: '#FF5252', 0.5: '#2196F3', 0.625: '#4CAF50', 0.75: '#4CAF50', 0.875: '#4CAF50', 1.0: '#FFFFFF'}, 'main_color': '#FFFFFF', 'main_line_width': 1, 'fraction_line_width': 2, 'scale_ratio': 3.6603, 'breach_mode': 'wick', 'show_intersection_labels': False, 'max_historical_fans': 3, 'bounce_threshold_percent': 0.3, 'rejection_lookback_bars': 5, 'rest_required_bars': 3, 'resolution': '4', 'symbol': '^NSEI', 'run_mode': 'replay', 'is_new_replay': False}
2026-04-27 13:02:30,172 - Initialized AngularPriceCoverageStudy v4.0. Config: {'left_bars': 5, 'right_bars': 5, 'line_extension_bars': 100, 'fraction_colors': {0.125: '#FF5252', 0.25: '#FF5252', 0.375: '#FF5252', 0.5: '#2196F3', 0.625: '#4CAF50', 0.75: '#4CAF50', 0.875: '#4CAF50', 1.0: '#FFFFFF'}, 'main_color': '#FFFFFF', 'main_line_width': 1, 'fraction_line_width': 2, 'scale_ratio': 3.6603, 'breach_mode': 'wick', 'show_intersection_labels': False, 'max_historical_fans': 3, 'bounce_threshold_percent': 0.3, 'rejection_lookback_bars': 5, 'rest_required_bars': 3, 'resolution': '4', 'symbol': '^NSEI', 'run_mode': 'replay', 'is_new_replay': False}
2026-04-27 13:02:30,871 - Initialized AngularPriceCoverageStudy v4.0. Config: {'left_bars': 5, 'right_bars': 5, 'line_extension_bars': 100, 'fraction_colors': {0.125: '#FF5252', 0.25: '#FF5252', 0.375: '#FF5252', 0.5: '#2196F3', 0.625: '#4CAF50', 0.75: '#4CAF50', 0.875: '#4CAF50', 1.0: '#FFFFFF'}, 'main_color': '#FFFFFF', 'main_line_width': 1, 'fraction_line_width': 2, 'scale_ratio': 3.6603, 'breach_mode': 'wick', 'show_intersection_labels': False, 'max_historical_fans': 3, 'bounce_threshold_percent': 0.3, 'rejection_lookback_bars': 5, 'rest_required_bars': 3, 'resolution': '4', 'symbol': '^NSEI', 'run_mode': 'replay', 'is_new_replay': False}
2026-04-27 13:02:31,634 - Initialized AngularPriceCoverageStudy v4.0. Config: {'left_bars': 5, 'right_bars': 5, 'line_extension_bars': 100, 'fraction_colors': {0.125: '#FF5252', 0.25: '#FF5252', 0.375: '#FF5252', 0.5: '#2196F3', 0.625: '#4CAF50', 0.75: '#4CAF50', 0.875: '#4CAF50', 1.0: '#FFFFFF'}, 'main_color': '#FFFFFF', 'main_line_width': 1, 'fraction_line_width': 2, 'scale_ratio': 3.6603, 'breach_mode': 'wick', 'show_intersection_labels': False, 'max_historical_fans': 3, 'bounce_threshold_percent': 0.3, 'rejection_lookback_bars': 5, 'rest_required_bars': 3, 'resolution': '4', 'symbol': '^NSEI', 'run_mode': 'replay', 'is_new_replay': False}
2026-04-27 13:02:31,636 - [Study] Failed to restore event: Event.__init__() missing 2 required positional arguments: 'timestamp' and 'event_type'
2026-04-27 13:02:31,638 - [Study] Updating fan priority: Fan_H1_L1 -> P2 (H1-L1)
2026-04-27 13:02:31,638 - [Study] Creating new fan: Fan_L2_H1 (P1 (L2-H1))
2026-04-27 13:02:31,644 - [Tracking] Fan validated: Fan_L2_H1 via reversal at bar 21
2026-04-27 13:02:31,645 - [Tracking] Target HIT: Fan_L2_H1 0.875
2026-04-27 13:02:31,646 - [Tracking] BREACH_CONFIRMED_NO_ALPHA: no pending found for fan=Fan_L2_H1 prev_line=0.5
2026-04-27 13:02:37,274 - Initialized AngularPriceCoverageStudy v4.0. Config: {'left_bars': 5, 'right_bars': 5, 'line_extension_bars': 100, 'fraction_colors': {0.125: '#FF5252', 0.25: '#FF5252', 0.375: '#FF5252', 0.5: '#2196F3', 0.625: '#4CAF50', 0.75: '#4CAF50', 0.875: '#4CAF50', 1.0: '#FFFFFF'}, 'main_color': '#FFFFFF', 'main_line_width': 1, 'fraction_line_width': 2, 'scale_ratio': 3.6603, 'breach_mode': 'wick', 'show_intersection_labels': False, 'max_historical_fans': 3, 'bounce_threshold_percent': 0.3, 'rejection_lookback_bars': 5, 'rest_required_bars': 3, 'resolution': '4', 'symbol': '^NSEI', 'run_mode': 'replay', 'is_new_replay': False}
2026-04-27 13:02:37,275 - [Study] Failed to restore event: Event.__init__() missing 2 required positional arguments: 'timestamp' and 'event_type'
2026-04-27 13:02:37,276 - [Study] Failed to restore event: Event.__init__() missing 2 required positional arguments: 'timestamp' and 'event_type'
2026-04-27 13:02:37,276 - [Study] Failed to restore event: Event.__init__() missing 2 required positional arguments: 'timestamp' and 'event_type'
2026-04-27 13:02:37,276 - [Study] Failed to restore event: Event.__init__() missing 2 required positional arguments: 'timestamp' and 'event_type'
2026-04-27 13:02:37,277 - [Study] Failed to restore event: Event.__init__() missing 2 required positional arguments: 'timestamp' and 'event_type'
2026-04-27 13:02:37,277 - [Study] Failed to restore event: Event.__init__() missing 2 required positional arguments: 'timestamp' and 'event_type'
2026-04-27 13:02:37,277 - [Study] Failed to restore event: Event.__init__() missing 2 required positional arguments: 'timestamp' and 'event_type'
2026-04-27 13:02:37,277 - [Study] Failed to restore event: Event.__init__() missing 2 required positional arguments: 'timestamp' and 'event_type'
2026-04-27 13:02:37,278 - [Study] Failed to restore event: Event.__init__() missing 2 required positional arguments: 'timestamp' and 'event_type'
2026-04-27 13:02:37,278 - [Study] Failed to restore event: Event.__init__() missing 2 required positional arguments: 'timestamp' and 'event_type'
2026-04-27 13:02:37,278 - [Study] Failed to restore event: Event.__init__() missing 2 required positional arguments: 'timestamp' and 'event_type'
2026-04-27 13:02:37,279 - [Study] Failed to restore event: Event.__init__() missing 2 required positional arguments: 'timestamp' and 'event_type'
2026-04-27 13:02:37,279 - [Study] Failed to restore event: Event.__init__() missing 2 required positional arguments: 'timestamp' and 'event_type'
2026-04-27 13:02:37,279 - [Study] Failed to restore event: Event.__init__() missing 2 required positional arguments: 'timestamp' and 'event_type'
2026-04-27 13:02:37,279 - [Study] Failed to restore event: Event.__init__() missing 2 required positional arguments: 'timestamp' and 'event_type'
2026-04-27 13:02:37,279 - [Study] Failed to restore event: Event.__init__() missing 2 required positional arguments: 'timestamp' and 'event_type'
2026-04-27 13:02:37,280 - [Study] Failed to restore event: Event.__init__() missing 2 required positional arguments: 'timestamp' and 'event_type'
2026-04-27 13:02:37,280 - [Study] Failed to restore event: Event.__init__() missing 2 required positional arguments: 'timestamp' and 'event_type'
2026-04-27 13:02:37,280 - [Study] Failed to restore event: Event.__init__() missing 2 required positional arguments: 'timestamp' and 'event_type'
2026-04-27 13:02:37,282 - [Study] Removing invalidated/excess fan: Fan_H1_L1
2026-04-27 13:02:37,282 - [Tracking] Target FAILED: Fan_H1_L1 (0.5) - fan invalidated with pending progression
2026-04-27 13:02:37,283 - [Study] Removing invalidated/excess fan: Fan_L2_H1
2026-04-27 13:02:37,283 - [Tracking] Target FAILED: Fan_L2_H1 (0.875) - fan invalidated with pending progression
2026-04-27 13:02:39,145 - Initialized AngularPriceCoverageStudy v4.0. Config: {'left_bars': 5, 'right_bars': 5, 'line_extension_bars': 100, 'fraction_colors': {0.125: '#FF5252', 0.25: '#FF5252', 0.375: '#FF5252', 0.5: '#2196F3', 0.625: '#4CAF50', 0.75: '#4CAF50', 0.875: '#4CAF50', 1.0: '#FFFFFF'}, 'main_color': '#FFFFFF', 'main_line_width': 1, 'fraction_line_width': 2, 'scale_ratio': 3.6603, 'breach_mode': 'wick', 'show_intersection_labels': False, 'max_historical_fans': 3, 'bounce_threshold_percent': 0.3, 'rejection_lookback_bars': 5, 'rest_required_bars': 3, 'resolution': '4', 'symbol': '^NSEI', 'run_mode': 'replay', 'is_new_replay': False}
2026-04-27 13:02:39,146 - [Study] Failed to restore event: Event.__init__() missing 2 required positional arguments: 'timestamp' and 'event_type'
2026-04-27 13:02:39,147 - [Study] Failed to restore event: Event.__init__() missing 2 required positional arguments: 'timestamp' and 'event_type'
2026-04-27 13:02:39,147 - [Study] Failed to restore event: Event.__init__() missing 2 required positional arguments: 'timestamp' and 'event_type'
2026-04-27 13:02:39,147 - [Study] Failed to restore event: Event.__init__() missing 2 required positional arguments: 'timestamp' and 'event_type'
2026-04-27 13:02:39,971 - Initialized AngularPriceCoverageStudy v4.0. Config: {'left_bars': 5, 'right_bars': 5, 'line_extension_bars': 100, 'fraction_colors': {0.125: '#FF5252', 0.25: '#FF5252', 0.375: '#FF5252', 0.5: '#2196F3', 0.625: '#4CAF50', 0.75: '#4CAF50', 0.875: '#4CAF50', 1.0: '#FFFFFF'}, 'main_color': '#FFFFFF', 'main_line_width': 1, 'fraction_line_width': 2, 'scale_ratio': 3.6603, 'breach_mode': 'wick', 'show_intersection_labels': False, 'max_historical_fans': 3, 'bounce_threshold_percent': 0.3, 'rejection_lookback_bars': 5, 'rest_required_bars': 3, 'resolution': '4', 'symbol': '^NSEI', 'run_mode': 'replay', 'is_new_replay': False}
2026-04-27 13:02:40,614 - Initialized AngularPriceCoverageStudy v4.0. Config: {'left_bars': 5, 'right_bars': 5, 'line_extension_bars': 100, 'fraction_colors': {0.125: '#FF5252', 0.25: '#FF5252', 0.375: '#FF5252', 0.5: '#2196F3', 0.625: '#4CAF50', 0.75: '#4CAF50', 0.875: '#4CAF50', 1.0: '#FFFFFF'}, 'main_color': '#FFFFFF', 'main_line_width': 1, 'fraction_line_width': 2, 'scale_ratio': 3.6603, 'breach_mode': 'wick', 'show_intersection_labels': False, 'max_historical_fans': 3, 'bounce_threshold_percent': 0.3, 'rejection_lookback_bars': 5, 'rest_required_bars': 3, 'resolution': '4', 'symbol': '^NSEI', 'run_mode': 'replay', 'is_new_replay': False}
2026-04-27 13:02:41,309 - Initialized AngularPriceCoverageStudy v4.0. Config: {'left_bars': 5, 'right_bars': 5, 'line_extension_bars': 100, 'fraction_colors': {0.125: '#FF5252', 0.25: '#FF5252', 0.375: '#FF5252', 0.5: '#2196F3', 0.625: '#4CAF50', 0.75: '#4CAF50', 0.875: '#4CAF50', 1.0: '#FFFFFF'}, 'main_color': '#FFFFFF', 'main_line_width': 1, 'fraction_line_width': 2, 'scale_ratio': 3.6603, 'breach_mode': 'wick', 'show_intersection_labels': False, 'max_historical_fans': 3, 'bounce_threshold_percent': 0.3, 'rejection_lookback_bars': 5, 'rest_required_bars': 3, 'resolution': '4', 'symbol': '^NSEI', 'run_mode': 'replay', 'is_new_replay': False}
2026-04-27 13:02:42,263 - Initialized AngularPriceCoverageStudy v4.0. Config: {'left_bars': 5, 'right_bars': 5, 'line_extension_bars': 100, 'fraction_colors': {0.125: '#FF5252', 0.25: '#FF5252', 0.375: '#FF5252', 0.5: '#2196F3', 0.625: '#4CAF50', 0.75: '#4CAF50', 0.875: '#4CAF50', 1.0: '#FFFFFF'}, 'main_color': '#FFFFFF', 'main_line_width': 1, 'fraction_line_width': 2, 'scale_ratio': 3.6603, 'breach_mode': 'wick', 'show_intersection_labels': False, 'max_historical_fans': 3, 'bounce_threshold_percent': 0.3, 'rejection_lookback_bars': 5, 'rest_required_bars': 3, 'resolution': '4', 'symbol': '^NSEI', 'run_mode': 'replay', 'is_new_replay': False}
2026-04-27 13:02:43,054 - Initialized AngularPriceCoverageStudy v4.0. Config: {'left_bars': 5, 'right_bars': 5, 'line_extension_bars': 100, 'fraction_colors': {0.125: '#FF5252', 0.25: '#FF5252', 0.375: '#FF5252', 0.5: '#2196F3', 0.625: '#4CAF50', 0.75: '#4CAF50', 0.875: '#4CAF50', 1.0: '#FFFFFF'}, 'main_color': '#FFFFFF', 'main_line_width': 1, 'fraction_line_width': 2, 'scale_ratio': 3.6603, 'breach_mode': 'wick', 'show_intersection_labels': False, 'max_historical_fans': 3, 'bounce_threshold_percent': 0.3, 'rejection_lookback_bars': 5, 'rest_required_bars': 3, 'resolution': '4', 'symbol': '^NSEI', 'run_mode': 'replay', 'is_new_replay': False}
2026-04-27 13:02:43,056 - [Study] Creating new fan: Fan_H2_L1 (P1 (H2-L1))
2026-04-27 13:02:43,064 - [Tracking] Fan validated: Fan_H2_L1 via breach at bar 28
2026-04-27 13:02:43,065 - [Tracking] Target HIT: Fan_H2_L1 0.875
2026-04-27 13:02:43,066 - [Tracking] BREACH_CONFIRMED_NO_ALPHA: no pending found for fan=Fan_H2_L1 prev_line=0.5
2026-04-27 13:02:43,066 - [Tracking] Target HIT: Fan_H2_L1 0.75
2026-04-27 13:02:43,066 - [Tracking] BREACH_CONFIRMED_NO_ALPHA: found pending on Fan_H2_L1_Fan_H2_L1_f0 fraction=0.875 bar=28 (cross-bar)
2026-04-27 13:02:43,067 - [Tracking] BREACH_CONFIRMED_NO_ALPHA (via target progression): Fan_H2_L1 0.875
2026-04-27 13:02:43,072 - [Tracking] Target HIT: Fan_H2_L1 0.5
2026-04-27 13:02:43,073 - [Tracking] BREACH_CONFIRMED_NO_ALPHA: found pending on Fan_H2_L1_Fan_H2_L1_f1 fraction=0.75 bar=30 (cross-bar)
2026-04-27 13:02:43,074 - [Tracking] BREACH_CONFIRMED_NO_ALPHA (via target progression): Fan_H2_L1 0.75
2026-04-27 13:02:43,079 - [Tracking] Target HIT: Fan_H2_L1 horizontal
2026-04-27 13:02:43,079 - [Tracking] BREACH_CONFIRMED_NO_ALPHA: no pending found for fan=Fan_H2_L1 prev_line=0.5
2026-04-27 13:02:45,128 - Initialized AngularPriceCoverageStudy v4.0. Config: {'left_bars': 5, 'right_bars': 5, 'line_extension_bars': 100, 'fraction_colors': {0.125: '#FF5252', 0.25: '#FF5252', 0.375: '#FF5252', 0.5: '#2196F3', 0.625: '#4CAF50', 0.75: '#4CAF50', 0.875: '#4CAF50', 1.0: '#FFFFFF'}, 'main_color': '#FFFFFF', 'main_line_width': 1, 'fraction_line_width': 2, 'scale_ratio': 3.6603, 'breach_mode': 'wick', 'show_intersection_labels': False, 'max_historical_fans': 3, 'bounce_threshold_percent': 0.3, 'rejection_lookback_bars': 5, 'rest_required_bars': 3, 'resolution': '4', 'symbol': '^NSEI', 'run_mode': 'replay', 'is_new_replay': False}
2026-04-27 13:02:45,130 - [Study] Failed to restore event: Event.__init__() missing 2 required positional arguments: 'timestamp' and 'event_type'
2026-04-27 13:02:45,130 - [Study] Failed to restore event: Event.__init__() missing 2 required positional arguments: 'timestamp' and 'event_type'
2026-04-27 13:02:45,131 - [Study] Failed to restore event: Event.__init__() missing 2 required positional arguments: 'timestamp' and 'event_type'
2026-04-27 13:02:45,131 - [Study] Failed to restore event: Event.__init__() missing 2 required positional arguments: 'timestamp' and 'event_type'
2026-04-27 13:02:45,131 - [Study] Failed to restore event: Event.__init__() missing 2 required positional arguments: 'timestamp' and 'event_type'
2026-04-27 13:02:45,132 - [Study] Failed to restore event: Event.__init__() missing 2 required positional arguments: 'timestamp' and 'event_type'
2026-04-27 13:02:45,132 - [Study] Failed to restore event: Event.__init__() missing 2 required positional arguments: 'timestamp' and 'event_type'
2026-04-27 13:02:45,132 - [Study] Failed to restore event: Event.__init__() missing 2 required positional arguments: 'timestamp' and 'event_type'
2026-04-27 13:02:45,133 - [Study] Failed to restore event: Event.__init__() missing 2 required positional arguments: 'timestamp' and 'event_type'
2026-04-27 13:02:45,133 - [Study] Failed to restore event: Event.__init__() missing 2 required positional arguments: 'timestamp' and 'event_type'
2026-04-27 13:02:45,133 - [Study] Failed to restore event: Event.__init__() missing 2 required positional arguments: 'timestamp' and 'event_type'
2026-04-27 13:02:45,133 - [Study] Failed to restore event: Event.__init__() missing 2 required positional arguments: 'timestamp' and 'event_type'
2026-04-27 13:02:45,134 - [Study] Failed to restore event: Event.__init__() missing 2 required positional arguments: 'timestamp' and 'event_type'
2026-04-27 13:02:45,134 - [Study] Failed to restore event: Event.__init__() missing 2 required positional arguments: 'timestamp' and 'event_type'
2026-04-27 13:02:45,134 - [Study] Failed to restore event: Event.__init__() missing 2 required positional arguments: 'timestamp' and 'event_type'
2026-04-27 13:02:45,135 - [Study] Failed to restore event: Event.__init__() missing 2 required positional arguments: 'timestamp' and 'event_type'
2026-04-27 13:02:45,135 - [Study] Failed to restore event: Event.__init__() missing 2 required positional arguments: 'timestamp' and 'event_type'
2026-04-27 13:02:45,135 - [Study] Failed to restore event: Event.__init__() missing 2 required positional arguments: 'timestamp' and 'event_type'
2026-04-27 13:02:45,136 - [Study] Failed to restore event: Event.__init__() missing 2 required positional arguments: 'timestamp' and 'event_type'
2026-04-27 13:02:46,100 - Initialized AngularPriceCoverageStudy v4.0. Config: {'left_bars': 5, 'right_bars': 5, 'line_extension_bars': 100, 'fraction_colors': {0.125: '#FF5252', 0.25: '#FF5252', 0.375: '#FF5252', 0.5: '#2196F3', 0.625: '#4CAF50', 0.75: '#4CAF50', 0.875: '#4CAF50', 1.0: '#FFFFFF'}, 'main_color': '#FFFFFF', 'main_line_width': 1, 'fraction_line_width': 2, 'scale_ratio': 3.6603, 'breach_mode': 'wick', 'show_intersection_labels': False, 'max_historical_fans': 3, 'bounce_threshold_percent': 0.3, 'rejection_lookback_bars': 5, 'rest_required_bars': 3, 'resolution': '4', 'symbol': '^NSEI', 'run_mode': 'replay', 'is_new_replay': False}
2026-04-27 13:02:46,101 - [Study] Failed to restore event: Event.__init__() missing 2 required positional arguments: 'timestamp' and 'event_type'
2026-04-27 13:02:46,102 - [Study] Failed to restore event: Event.__init__() missing 2 required positional arguments: 'timestamp' and 'event_type'
2026-04-27 13:02:46,102 - [Study] Failed to restore event: Event.__init__() missing 2 required positional arguments: 'timestamp' and 'event_type'
2026-04-27 13:02:46,102 - [Study] Failed to restore event: Event.__init__() missing 2 required positional arguments: 'timestamp' and 'event_type'
2026-04-27 13:02:46,111 - [Tracking] Target HIT: Fan_H2_L1 0.25
2026-04-27 13:02:46,111 - [Tracking] BREACH_CONFIRMED_NO_ALPHA: no pending found for fan=Fan_H2_L1 prev_line=0.5
2026-04-27 13:02:47,171 - Initialized AngularPriceCoverageStudy v4.0. Config: {'left_bars': 5, 'right_bars': 5, 'line_extension_bars': 100, 'fraction_colors': {0.125: '#FF5252', 0.25: '#FF5252', 0.375: '#FF5252', 0.5: '#2196F3', 0.625: '#4CAF50', 0.75: '#4CAF50', 0.875: '#4CAF50', 1.0: '#FFFFFF'}, 'main_color': '#FFFFFF', 'main_line_width': 1, 'fraction_line_width': 2, 'scale_ratio': 3.6603, 'breach_mode': 'wick', 'show_intersection_labels': False, 'max_historical_fans': 3, 'bounce_threshold_percent': 0.3, 'rejection_lookback_bars': 5, 'rest_required_bars': 3, 'resolution': '4', 'symbol': '^NSEI', 'run_mode': 'replay', 'is_new_replay': False}
2026-04-27 13:02:47,173 - [Study] Failed to restore event: Event.__init__() missing 2 required positional arguments: 'timestamp' and 'event_type'
2026-04-27 13:02:47,174 - [Study] Failed to restore event: Event.__init__() missing 2 required positional arguments: 'timestamp' and 'event_type'
2026-04-27 13:02:47,174 - [Study] Failed to restore event: Event.__init__() missing 2 required positional arguments: 'timestamp' and 'event_type'
2026-04-27 13:02:47,174 - [Study] Failed to restore event: Event.__init__() missing 2 required positional arguments: 'timestamp' and 'event_type'
2026-04-27 13:02:47,175 - [Study] Failed to restore event: Event.__init__() missing 2 required positional arguments: 'timestamp' and 'event_type'
2026-04-27 13:02:47,176 - [Study] Removing invalidated/excess fan: Fan_H2_L1
2026-04-27 13:02:47,176 - [Tracking] Target FAILED: Fan_H2_L1 (0.25) - fan invalidated with pending progression
2026-04-27 13:02:59,354 - Initialized AngularPriceCoverageStudy v4.0. Config: {'left_bars': 5, 'right_bars': 5, 'line_extension_bars': 100, 'fraction_colors': {0.125: '#FF5252', 0.25: '#FF5252', 0.375: '#FF5252', 0.5: '#2196F3', 0.625: '#4CAF50', 0.75: '#4CAF50', 0.875: '#4CAF50', 1.0: '#FFFFFF'}, 'main_color': '#FFFFFF', 'main_line_width': 1, 'fraction_line_width': 2, 'scale_ratio': 3.6603, 'breach_mode': 'wick', 'show_intersection_labels': False, 'max_historical_fans': 3, 'bounce_threshold_percent': 0.3, 'rejection_lookback_bars': 5, 'rest_required_bars': 3, 'resolution': '4', 'symbol': '^NSEI', 'run_mode': 'replay', 'is_new_replay': False}
2026-04-27 13:02:59,355 - [Study] Failed to restore event: Event.__init__() missing 2 required positional arguments: 'timestamp' and 'event_type'
2026-04-27 13:02:59,355 - [Study] Failed to restore event: Event.__init__() missing 2 required positional arguments: 'timestamp' and 'event_type'
2026-04-27 13:02:59,724 - Initialized AngularPriceCoverageStudy v4.0. Config: {'left_bars': 5, 'right_bars': 5, 'line_extension_bars': 100, 'fraction_colors': {0.125: '#FF5252', 0.25: '#FF5252', 0.375: '#FF5252', 0.5: '#2196F3', 0.625: '#4CAF50', 0.75: '#4CAF50', 0.875: '#4CAF50', 1.0: '#FFFFFF'}, 'main_color': '#FFFFFF', 'main_line_width': 1, 'fraction_line_width': 2, 'scale_ratio': 3.6603, 'breach_mode': 'wick', 'show_intersection_labels': False, 'max_historical_fans': 3, 'bounce_threshold_percent': 0.3, 'rejection_lookback_bars': 5, 'rest_required_bars': 3, 'resolution': '4', 'symbol': '^NSEI', 'run_mode': 'replay', 'is_new_replay': False}
2026-04-27 13:03:00,413 - Initialized AngularPriceCoverageStudy v4.0. Config: {'left_bars': 5, 'right_bars': 5, 'line_extension_bars': 100, 'fraction_colors': {0.125: '#FF5252', 0.25: '#FF5252', 0.375: '#FF5252', 0.5: '#2196F3', 0.625: '#4CAF50', 0.75: '#4CAF50', 0.875: '#4CAF50', 1.0: '#FFFFFF'}, 'main_color': '#FFFFFF', 'main_line_width': 1, 'fraction_line_width': 2, 'scale_ratio': 3.6603, 'breach_mode': 'wick', 'show_intersection_labels': False, 'max_historical_fans': 3, 'bounce_threshold_percent': 0.3, 'rejection_lookback_bars': 5, 'rest_required_bars': 3, 'resolution': '4', 'symbol': '^NSEI', 'run_mode': 'replay', 'is_new_replay': False}
2026-04-27 13:03:07,636 - Initialized AngularPriceCoverageStudy v4.0. Config: {'left_bars': 5, 'right_bars': 5, 'line_extension_bars': 100, 'fraction_colors': {0.125: '#FF5252', 0.25: '#FF5252', 0.375: '#FF5252', 0.5: '#2196F3', 0.625: '#4CAF50', 0.75: '#4CAF50', 0.875: '#4CAF50', 1.0: '#FFFFFF'}, 'main_color': '#FFFFFF', 'main_line_width': 1, 'fraction_line_width': 2, 'scale_ratio': 3.6603, 'breach_mode': 'wick', 'show_intersection_labels': False, 'max_historical_fans': 3, 'bounce_threshold_percent': 0.3, 'rejection_lookback_bars': 5, 'rest_required_bars': 3, 'resolution': '4', 'symbol': '^NSEI', 'run_mode': 'replay', 'is_new_replay': False}
2026-04-27 13:03:08,438 - Initialized AngularPriceCoverageStudy v4.0. Config: {'left_bars': 5, 'right_bars': 5, 'line_extension_bars': 100, 'fraction_colors': {0.125: '#FF5252', 0.25: '#FF5252', 0.375: '#FF5252', 0.5: '#2196F3', 0.625: '#4CAF50', 0.75: '#4CAF50', 0.875: '#4CAF50', 1.0: '#FFFFFF'}, 'main_color': '#FFFFFF', 'main_line_width': 1, 'fraction_line_width': 2, 'scale_ratio': 3.6603, 'breach_mode': 'wick', 'show_intersection_labels': False, 'max_historical_fans': 3, 'bounce_threshold_percent': 0.3, 'rejection_lookback_bars': 5, 'rest_required_bars': 3, 'resolution': '4', 'symbol': '^NSEI', 'run_mode': 'replay', 'is_new_replay': False}
2026-04-27 13:03:09,075 - Initialized AngularPriceCoverageStudy v4.0. Config: {'left_bars': 5, 'right_bars': 5, 'line_extension_bars': 100, 'fraction_colors': {0.125: '#FF5252', 0.25: '#FF5252', 0.375: '#FF5252', 0.5: '#2196F3', 0.625: '#4CAF50', 0.75: '#4CAF50', 0.875: '#4CAF50', 1.0: '#FFFFFF'}, 'main_color': '#FFFFFF', 'main_line_width': 1, 'fraction_line_width': 2, 'scale_ratio': 3.6603, 'breach_mode': 'wick', 'show_intersection_labels': False, 'max_historical_fans': 3, 'bounce_threshold_percent': 0.3, 'rejection_lookback_bars': 5, 'rest_required_bars': 3, 'resolution': '4', 'symbol': '^NSEI', 'run_mode': 'replay', 'is_new_replay': False}
2026-04-27 13:03:09,709 - Initialized AngularPriceCoverageStudy v4.0. Config: {'left_bars': 5, 'right_bars': 5, 'line_extension_bars': 100, 'fraction_colors': {0.125: '#FF5252', 0.25: '#FF5252', 0.375: '#FF5252', 0.5: '#2196F3', 0.625: '#4CAF50', 0.75: '#4CAF50', 0.875: '#4CAF50', 1.0: '#FFFFFF'}, 'main_color': '#FFFFFF', 'main_line_width': 1, 'fraction_line_width': 2, 'scale_ratio': 3.6603, 'breach_mode': 'wick', 'show_intersection_labels': False, 'max_historical_fans': 3, 'bounce_threshold_percent': 0.3, 'rejection_lookback_bars': 5, 'rest_required_bars': 3, 'resolution': '4', 'symbol': '^NSEI', 'run_mode': 'replay', 'is_new_replay': False}
