 Download the React DevTools for a better development experience: https://react.dev/link/react-devtools
 [TVChart] useEffect triggered - dataSource: yfinance symbol: ^NSEI
 [TVChart] TradingView already loaded, initializing directly
 [TVChart] Initializing chart with dataSource: yfinance
 createChartDatafeed called with source: yfinance
 Creating ChartDatafeed wrapper, source: yfinance
 [TVChart] selectedInteraction changed: null
 [TVChart] activeChart not available: 
 [TVChart] activeChart not ready yet, skipping visibility update.
 [TVChart] Pattern dots toggle changed: showPatternDots = false
 [TVChart] activeChart not ready yet, skipping pattern dots visibility update.
 [TVChart] Cleanup - destroying widget
 [TVChart] Widget destroyed for clean re-init
 [TVChart] useEffect triggered - dataSource: yfinance symbol: ^NSEI
 [TVChart] TradingView already loaded, initializing directly
 [TVChart] Initializing chart with dataSource: yfinance
 createChartDatafeed called with source: yfinance
 Creating ChartDatafeed wrapper, source: yfinance
 [TVChart] selectedInteraction changed: null
 [TVChart] activeChart not available: 
 [TVChart] activeChart not ready yet, skipping visibility update.
 [TVChart] Pattern dots toggle changed: showPatternDots = false
 [TVChart] activeChart not ready yet, skipping pattern dots visibility update.
 [ChartDatafeed] onReady called, dataSource: yfinance
 2026-04-19T19:21:39.154Z:Chart.Defaults:Path `paneProperties.priceAxisProperties.log` does not exist.
 2026-04-19T19:21:39.175Z:Property:The state with a data type: unknown does not match a schema
 2026-04-19T19:21:39.227Z:Property:The state with a data type: object does not match a schema
 [ChartDatafeed] resolveSymbol: ^NSEI dataSource: yfinance
 [ChartDatafeed] Appended YFinance suffix: ^NSEI:YF
 2026-04-19T19:21:39.282Z:Chart.Defaults:Path `paneProperties.priceAxisProperties.log` does not exist.
 [getBars] Request: ^NSEI:YF | 1 | from: 2026-04-19T00:10:39.000Z | to: 2026-04-19T19:22:39.000Z | countBack: 300 | firstDataRequest: true | customMode: false | dataSource: yfinance
 [getBars] Making direct HTTP request with data_source=yfinance
 [getBars] HTTP Response: Object
 [getBars] Parsed 2996 bars from UDF response
   Range: 2026-04-07T03:45:00.000Z to 2026-04-17T09:59:00.000Z
 [ChartDatafeed] subscribeBars called for ^NSEI:YF_#_1 customMode: false
 [Chart] Ready
 [Chart] Applied and Locked backend PriceToBarRatio: 0.9151
 [Chart] Interval Changed to: 4
 [TVChart] Interval changed but symbol is undefined, skipping ratio update
 [getBars] Request: ^NSEI:YF | 4 | from: 2026-04-16T14:36:10.000Z | to: 2026-04-19T19:24:10.000Z | countBack: 300 | firstDataRequest: true | customMode: false | dataSource: yfinance
 [getBars] Making direct HTTP request with data_source=yfinance
 [getBars] HTTP Response: Object
 [getBars] Parsed 751 bars from UDF response
   Range: 2026-04-07T03:45:00.000Z to 2026-04-17T09:57:00.000Z
 [ChartDatafeed] subscribeBars called for ^NSEI:YF_#_4 customMode: false
 [Step-by-Step] Simulation start: 2025-11-07 timestamp: 1762453800
 [TVChart] getResolution calls -> Widget reports: 4
 [Step-by-Step] Fetching candles: 2025-11-07 to 2026-04-19, resolution: 4, strategy: angular_coverage
 [Step-by-Step] Fetched 751 candles (includes 5000 lookback bars for context). Initial Markers: 0
 [Progressive Replay] Starting with 751 candles, strategy: angular_coverage instrument: spot pivotSettings: Object
 [Progressive Replay] Replay point at index 0, starting from 0 (with context)
 [Datafeed] Progressive replay mode: 751 candles, strategy: angular_coverage instrument: spot scaleRatio: null pivotSettings: Object
 [ChartDatafeed] Unsubscribing from original UDF datafeed
 [Datafeed] Clearing chart data...
 [Progressive Replay] Chart ready - cleared existing shapes
 [Progressive Replay] dataReady fired - Setting visible range: 4/7/2026, 9:15:00 AM to 4/7/2026, 10:15:00 AM
 [Chart] Symbol Changed to: Object
 Active Symbol Updated: ^NSEI
 [getBars] Request: ^NSEI:YF | 4 | from: 2026-04-16T14:51:34.000Z | to: 2026-04-19T19:24:12.000Z | countBack: 300 | firstDataRequest: true | customMode: true | dataSource: yfinance
 [getBars] CUSTOM MODE: Request 1776351094-1776626652. Serving 0 bars.
 [getBars] Request: ^NSEI:YF | 4 | from: 2026-04-13T10:18:56.000Z | to: 2026-04-16T14:51:34.000Z | countBack: 299 | firstDataRequest: false | customMode: true | dataSource: yfinance
 [getBars] CUSTOM MODE: Request 1776075536-1776351094. Serving 0 bars.
 [getBars] Request: ^NSEI:YF | 4 | from: 2026-04-10T05:46:17.000Z | to: 2026-04-13T10:18:56.000Z | countBack: 299 | firstDataRequest: false | customMode: true | dataSource: yfinance
 [getBars] CUSTOM MODE: Request 1775799977-1776075536. Serving 0 bars.
 [getBars] Request: ^NSEI:YF | 4 | from: 2026-04-07T01:13:39.000Z | to: 2026-04-10T05:46:17.000Z | countBack: 299 | firstDataRequest: false | customMode: true | dataSource: yfinance
 [getBars] CUSTOM MODE: Request 1775524419-1775799977. Serving 1 bars.
 [getBars] Request: ^NSEI:YF | 4 | from: 2026-04-03T20:56:22.000Z | to: 2026-04-07T01:13:39.000Z | countBack: 298 | firstDataRequest: false | customMode: true | dataSource: yfinance
 [getBars] CUSTOM MODE: Request 1775249782-1775524419. Serving 0 bars.
 [getBars] CUSTOM MODE: Requested range is older than available data. NoData = true.
 [ChartDatafeed] subscribeBars called for ^NSEI:YF_#_4 customMode: true
 [ChartDatafeed] Custom mode: Managing subscription internally
 [Progressive Replay] Fetched and locked authoritative Price-to-Bar Ratio to 3.6603
 [Progressive Replay] Waiting for visible range to be applied...
 [Chart] Updated and Locked PriceToBarRatio to 3.6603 for new symbol: ^NSEI
 [Progressive Replay] Visible range set successfully
 [Progressive Replay] Visible range handling complete, now locking scale...
 [Progressive Replay] Explicitly locked price axis scale
 [Progressive Replay] No initial markers/drawings found in pivotSettings
 [Datafeed] Updating replay strategy params: angular_coverage spot 3.6603 Object
 [Datafeed] Replay strategy updated
 [Datafeed] Re-evaluating initial step after chart ready: 0
 === [STUDY DEBUG] ===
 [Study] Step: 0
 [Study] Drawings: 0
 [Study] Pivot Markers: 0
 [Study] Debug Info: Object
 ===================
 [DEBUG] activeDrawingIds: 0 Array(0)
 [DEBUG] fanLabelsRef before: 0
 [DEBUG] fanLabelsRef after: 0
 Moving to bar 1 time: 4/7/2026, 9:19:00 AM
 [playback_step] Notifying 1 subscribers about bar 1
 [playback_step] Pushing bar to subscriber ^NSEI:YF_#_4: time=2026-04-07T03:49:00.000Z
 Moving to bar 2 time: 4/7/2026, 9:23:00 AM
 [playback_step] Notifying 1 subscribers about bar 2
 [playback_step] Pushing bar to subscriber ^NSEI:YF_#_4: time=2026-04-07T03:53:00.000Z
 === [STUDY DEBUG] ===
 [Study] Step: 2
 [Study] Drawings: 0
 [Study] Pivot Markers: 0
 [Study] Debug Info: Object
 ===================
 [DEBUG] activeDrawingIds: 0 Array(0)
 [DEBUG] fanLabelsRef before: 0
 [DEBUG] fanLabelsRef after: 0
 === [STUDY DEBUG] ===
 [Study] Step: 2
 [Study] Drawings: 0
 [Study] Pivot Markers: 0
 [Study] Debug Info: Object
 ===================
 [DEBUG] activeDrawingIds: 0 Array(0)
 [DEBUG] fanLabelsRef before: 0
 [DEBUG] fanLabelsRef after: 0
 Moving to bar 3 time: 4/7/2026, 9:27:00 AM
 [playback_step] Notifying 1 subscribers about bar 3
 [playback_step] Pushing bar to subscriber ^NSEI:YF_#_4: time=2026-04-07T03:57:00.000Z
 === [STUDY DEBUG] ===
 [Study] Step: 3
 [Study] Drawings: 0
 [Study] Pivot Markers: 0
 [Study] Debug Info: Object
 ===================
 [DEBUG] activeDrawingIds: 0 Array(0)
 [DEBUG] fanLabelsRef before: 0
 [DEBUG] fanLabelsRef after: 0
 Moving to bar 4 time: 4/7/2026, 9:31:00 AM
 [playback_step] Notifying 1 subscribers about bar 4
 [playback_step] Pushing bar to subscriber ^NSEI:YF_#_4: time=2026-04-07T04:01:00.000Z
 === [STUDY DEBUG] ===
 [Study] Step: 4
 [Study] Drawings: 0
 [Study] Pivot Markers: 0
 [Study] Debug Info: Object
 ===================
 [Pattern Debug] raw candle.time=1775534460000, stepIndex=4, intervalSeconds=240, toSeconds(candle.time)=1775534460, offset=120
 [plotPatternLabel] candleTime=1775534460, date=4/7/2026, 9:31:00 AM
 [plotPatternLabel] MARUBOZU dot at 4/7/2026, 9:31:00 AM, price=22906.55, color=#E0E0E0
 [DEBUG] activeDrawingIds: 0 Array(0)
 [DEBUG] fanLabelsRef before: 0
 [DEBUG] fanLabelsRef after: 0
 Moving to bar 5 time: 4/7/2026, 9:35:00 AM
 [playback_step] Notifying 1 subscribers about bar 5
 [playback_step] Pushing bar to subscriber ^NSEI:YF_#_4: time=2026-04-07T04:05:00.000Z
 === [STUDY DEBUG] ===
 [Study] Step: 5
 [Study] Drawings: 0
 [Study] Pivot Markers: 0
 [Study] Debug Info: Object
 ===================
 [DEBUG] activeDrawingIds: 0 Array(0)
 [DEBUG] fanLabelsRef before: 0
 [DEBUG] fanLabelsRef after: 0
 Moving to bar 6 time: 4/7/2026, 9:39:00 AM
 [playback_step] Notifying 1 subscribers about bar 6
 [playback_step] Pushing bar to subscriber ^NSEI:YF_#_4: time=2026-04-07T04:09:00.000Z
 === [STUDY DEBUG] ===
 [Study] Step: 6
 [Study] Drawings: 0
 [Study] Pivot Markers: 0
 [Study] Debug Info: Object
 ===================
 [DEBUG] activeDrawingIds: 0 Array(0)
 [DEBUG] fanLabelsRef before: 0
 [DEBUG] fanLabelsRef after: 0
 Moving to bar 7 time: 4/7/2026, 9:43:00 AM
 [playback_step] Notifying 1 subscribers about bar 7
 [playback_step] Pushing bar to subscriber ^NSEI:YF_#_4: time=2026-04-07T04:13:00.000Z
 === [STUDY DEBUG] ===
 [Study] Step: 7
 [Study] Drawings: 0
 [Study] Pivot Markers: 0
 [Study] Debug Info: Object
 ===================
 [Pattern Debug] raw candle.time=1775535180000, stepIndex=7, intervalSeconds=240, toSeconds(candle.time)=1775535180, offset=120
 [plotPatternLabel] candleTime=1775535180, date=4/7/2026, 9:43:00 AM
 [plotPatternLabel] DOJI dot at 4/7/2026, 9:43:00 AM, price=22852.05, color=#FFEB3B
 [DEBUG] activeDrawingIds: 0 Array(0)
 [DEBUG] fanLabelsRef before: 0
 [DEBUG] fanLabelsRef after: 0
 Moving to bar 8 time: 4/7/2026, 9:47:00 AM
 [playback_step] Notifying 1 subscribers about bar 8
 [playback_step] Pushing bar to subscriber ^NSEI:YF_#_4: time=2026-04-07T04:17:00.000Z
 === [STUDY DEBUG] ===
 [Study] Step: 8
 [Study] Drawings: 0
 [Study] Pivot Markers: 0
 [Study] Debug Info: Object
 ===================
 [Pattern Debug] raw candle.time=1775535420000, stepIndex=8, intervalSeconds=240, toSeconds(candle.time)=1775535420, offset=120
 [plotPatternLabel] candleTime=1775535420, date=4/7/2026, 9:47:00 AM
 [plotPatternLabel] DOJI dot at 4/7/2026, 9:47:00 AM, price=22870.76, color=#FFEB3B
 [DEBUG] activeDrawingIds: 0 Array(0)
 [DEBUG] fanLabelsRef before: 0
 [DEBUG] fanLabelsRef after: 0
 Moving to bar 9 time: 4/7/2026, 9:51:00 AM
 [playback_step] Notifying 1 subscribers about bar 9
 [playback_step] Pushing bar to subscriber ^NSEI:YF_#_4: time=2026-04-07T04:21:00.000Z
 === [STUDY DEBUG] ===
 [Study] Step: 9
 [Study] Drawings: 0
 [Study] Pivot Markers: 0
 [Study] Debug Info: Object
 ===================
 [Pattern Debug] raw candle.time=1775535660000, stepIndex=9, intervalSeconds=240, toSeconds(candle.time)=1775535660, offset=120
 [plotPatternLabel] candleTime=1775535660, date=4/7/2026, 9:51:00 AM
 [plotPatternLabel] SPINNING_TOP dot at 4/7/2026, 9:51:00 AM, price=22859.15, color=#F48FB1
 [DEBUG] activeDrawingIds: 0 Array(0)
 [DEBUG] fanLabelsRef before: 0
 [DEBUG] fanLabelsRef after: 0
 Moving to bar 10 time: 4/7/2026, 9:55:00 AM
 [playback_step] Notifying 1 subscribers about bar 10
 [playback_step] Pushing bar to subscriber ^NSEI:YF_#_4: time=2026-04-07T04:25:00.000Z
 === [STUDY DEBUG] ===
 [Study] Step: 10
 [Study] Drawings: 0
 [Study] Pivot Markers: 0
 [Study] Debug Info: Object
 ===================
 [DEBUG] activeDrawingIds: 0 Array(0)
 [DEBUG] fanLabelsRef before: 0
 [DEBUG] fanLabelsRef after: 0
 Moving to bar 11 time: 4/7/2026, 9:59:00 AM
 [playback_step] Notifying 1 subscribers about bar 11
 [playback_step] Pushing bar to subscriber ^NSEI:YF_#_4: time=2026-04-07T04:29:00.000Z
 === [STUDY DEBUG] ===
 [Study] Step: 11
 [Study] Drawings: 0
 [Study] Pivot Markers: 0
 [Study] Debug Info: Object
 ===================
 [DEBUG] activeDrawingIds: 0 Array(0)
 [DEBUG] fanLabelsRef before: 0
 [DEBUG] fanLabelsRef after: 0
 Moving to bar 12 time: 4/7/2026, 10:03:00 AM
 [playback_step] Notifying 1 subscribers about bar 12
 [playback_step] Pushing bar to subscriber ^NSEI:YF_#_4: time=2026-04-07T04:33:00.000Z
 === [STUDY DEBUG] ===
 [Study] Step: 12
 [Study] Drawings: 0
 [Study] Pivot Markers: 0
 [Study] Debug Info: Object
 ===================
 [Pattern Debug] raw candle.time=1775536380000, stepIndex=12, intervalSeconds=240, toSeconds(candle.time)=1775536380, offset=120
 [plotPatternLabel] candleTime=1775536380, date=4/7/2026, 10:03:00 AM
 [plotPatternLabel] SPINNING_TOP dot at 4/7/2026, 10:03:00 AM, price=22934.72, color=#F48FB1
 [DEBUG] activeDrawingIds: 0 Array(0)
 [DEBUG] fanLabelsRef before: 0
 [DEBUG] fanLabelsRef after: 0
 Moving to bar 13 time: 4/7/2026, 10:07:00 AM
 [playback_step] Notifying 1 subscribers about bar 13
 [playback_step] Pushing bar to subscriber ^NSEI:YF_#_4: time=2026-04-07T04:37:00.000Z
 === [STUDY DEBUG] ===
 [Study] Step: 13
 [Study] Drawings: 0
 [Study] Pivot Markers: 0
 [Study] Debug Info: Object
 ===================
 [Pattern Debug] raw candle.time=1775536620000, stepIndex=13, intervalSeconds=240, toSeconds(candle.time)=1775536620, offset=120
 [plotPatternLabel] candleTime=1775536620, date=4/7/2026, 10:07:00 AM
 [plotPatternLabel] SPINNING_TOP dot at 4/7/2026, 10:07:00 AM, price=22916.04, color=#F48FB1
 [DEBUG] activeDrawingIds: 0 Array(0)
 [DEBUG] fanLabelsRef before: 0
 [DEBUG] fanLabelsRef after: 0
 Moving to bar 14 time: 4/7/2026, 10:11:00 AM
 [playback_step] Notifying 1 subscribers about bar 14
 [playback_step] Pushing bar to subscriber ^NSEI:YF_#_4: time=2026-04-07T04:41:00.000Z
 === [STUDY DEBUG] ===
 [Study] Step: 14
 [Study] Drawings: 0
 [Study] Pivot Markers: 0
 [Study] Debug Info: Object
 ===================
 [DEBUG] activeDrawingIds: 0 Array(0)
 [DEBUG] fanLabelsRef before: 0
 [DEBUG] fanLabelsRef after: 0
 Moving to bar 15 time: 4/7/2026, 10:15:00 AM
 [playback_step] Notifying 1 subscribers about bar 15
 [playback_step] Pushing bar to subscriber ^NSEI:YF_#_4: time=2026-04-07T04:45:00.000Z
 === [STUDY DEBUG] ===
 [Study] Step: 15
 [Study] Drawings: 0
 [Study] Pivot Markers: 0
 [Study] Debug Info: Object
 ===================
 [Pattern Debug] raw candle.time=1775537100000, stepIndex=15, intervalSeconds=240, toSeconds(candle.time)=1775537100, offset=120
 [plotPatternLabel] candleTime=1775537100, date=4/7/2026, 10:15:00 AM
 [plotPatternLabel] SHOOTING_STAR dot at 4/7/2026, 10:15:00 AM, price=22955.75, color=#E91E63
 [DEBUG] activeDrawingIds: 0 Array(0)
 [DEBUG] fanLabelsRef before: 0
 [DEBUG] fanLabelsRef after: 0
 Moving to bar 16 time: 4/7/2026, 10:19:00 AM
 [playback_step] Notifying 1 subscribers about bar 16
 [playback_step] Pushing bar to subscriber ^NSEI:YF_#_4: time=2026-04-07T04:49:00.000Z
 === [STUDY DEBUG] ===
 [Study] Step: 16
 [Study] Drawings: 0
 [Study] Pivot Markers: 0
 [Study] Debug Info: Object
 ===================
 [Pattern Debug] raw candle.time=1775537340000, stepIndex=16, intervalSeconds=240, toSeconds(candle.time)=1775537340, offset=120
 [plotPatternLabel] candleTime=1775537340, date=4/7/2026, 10:19:00 AM
 [plotPatternLabel] Skipping duplicate SHOOTING_STAR dot at 4/7/2026, 10:19:00 AM
 [DEBUG] activeDrawingIds: 0 Array(0)
 [DEBUG] fanLabelsRef before: 0
 [DEBUG] fanLabelsRef after: 0
 Moving to bar 17 time: 4/7/2026, 10:23:00 AM
 [playback_step] Notifying 1 subscribers about bar 17
 [playback_step] Pushing bar to subscriber ^NSEI:YF_#_4: time=2026-04-07T04:53:00.000Z
 === [STUDY DEBUG] ===
 [Study] Step: 17
 [Study] Drawings: 0
 [Study] Pivot Markers: 0
 [Study] Debug Info: Object
 ===================
 [DEBUG] activeDrawingIds: 0 Array(0)
 [DEBUG] fanLabelsRef before: 0
 [DEBUG] fanLabelsRef after: 0
 Moving to bar 18 time: 4/7/2026, 10:27:00 AM
 [playback_step] Notifying 1 subscribers about bar 18
 [playback_step] Pushing bar to subscriber ^NSEI:YF_#_4: time=2026-04-07T04:57:00.000Z
 === [STUDY DEBUG] ===
 [Study] Step: 18
 [Study] Drawings: 0
 [Study] Pivot Markers: 0
 [Study] Debug Info: Object
 ===================
 [Pattern Debug] raw candle.time=1775537820000, stepIndex=18, intervalSeconds=240, toSeconds(candle.time)=1775537820, offset=120
 [plotPatternLabel] candleTime=1775537820, date=4/7/2026, 10:27:00 AM
 [plotPatternLabel] SHOOTING_STAR dot at 4/7/2026, 10:27:00 AM, price=22947.51, color=#E91E63
 [DEBUG] activeDrawingIds: 0 Array(0)
 [DEBUG] fanLabelsRef before: 0
 [DEBUG] fanLabelsRef after: 0
 Moving to bar 19 time: 4/7/2026, 10:31:00 AM
ChartDatafeed.js:582 [playback_step] Notifying 1 subscribers about bar 19
ChartDatafeed.js:586 [playback_step] Pushing bar to subscriber ^NSEI:YF_#_4: time=2026-04-07T05:01:00.000Z
ChartDatafeed.js:677 === [STUDY DEBUG] ===
ChartDatafeed.js:678 [Study] Step: 19
ChartDatafeed.js:679 [Study] Drawings: 0
ChartDatafeed.js:680 [Study] Pivot Markers: 0
ChartDatafeed.js:696 [Study] Debug Info: Object
ChartDatafeed.js:698 ===================
TVChartContainer.jsx:1379 [DEBUG] activeDrawingIds: 0 Array(0)
TVChartContainer.jsx:1380 [DEBUG] fanLabelsRef before: 0
TVChartContainer.jsx:1387 [DEBUG] fanLabelsRef after: 0
ChartDatafeed.js:558 Moving to bar 20 time: 4/7/2026, 10:35:00 AM
ChartDatafeed.js:582 [playback_step] Notifying 1 subscribers about bar 20
ChartDatafeed.js:586 [playback_step] Pushing bar to subscriber ^NSEI:YF_#_4: time=2026-04-07T05:05:00.000Z
ChartDatafeed.js:677 === [STUDY DEBUG] ===
ChartDatafeed.js:678 [Study] Step: 20
ChartDatafeed.js:679 [Study] Drawings: 0
ChartDatafeed.js:680 [Study] Pivot Markers: 0
ChartDatafeed.js:696 [Study] Debug Info: Object
ChartDatafeed.js:698 ===================
TVChartContainer.jsx:1345 [Pattern Debug] raw candle.time=1775538300000, stepIndex=20, intervalSeconds=240, toSeconds(candle.time)=1775538300, offset=120
TVChartContainer.jsx:861 [plotPatternLabel] candleTime=1775538300, date=4/7/2026, 10:35:00 AM
TVChartContainer.jsx:883 [plotPatternLabel] PINBAR dot at 4/7/2026, 10:35:00 AM, price=22931.24, color=#00BCD4
TVChartContainer.jsx:1379 [DEBUG] activeDrawingIds: 0 Array(0)
TVChartContainer.jsx:1380 [DEBUG] fanLabelsRef before: 0
TVChartContainer.jsx:1387 [DEBUG] fanLabelsRef after: 0
ChartDatafeed.js:558 Moving to bar 21 time: 4/7/2026, 10:39:00 AM
ChartDatafeed.js:582 [playback_step] Notifying 1 subscribers about bar 21
ChartDatafeed.js:586 [playback_step] Pushing bar to subscriber ^NSEI:YF_#_4: time=2026-04-07T05:09:00.000Z
ChartDatafeed.js:677 === [STUDY DEBUG] ===
ChartDatafeed.js:678 [Study] Step: 21
ChartDatafeed.js:679 [Study] Drawings: 6
ChartDatafeed.js:680 [Study] Pivot Markers: 2
ChartDatafeed.js:684 Array(2)
ChartDatafeed.js:696 [Study] Debug Info: Object
ChartDatafeed.js:698 ===================
TVChartContainer.jsx:1379 [DEBUG] activeDrawingIds: 8 Array(5)
TVChartContainer.jsx:1380 [DEBUG] fanLabelsRef before: 6
TVChartContainer.jsx:1387 [DEBUG] fanLabelsRef after: 6
TVChartContainer.jsx:1431 [TVChart] Emitting 5 price interactions to App.jsx Array(5)
App.jsx:530 [App] Received interaction: Object
App.jsx:530 [App] Received interaction: Object
App.jsx:530 [App] Received interaction: Object
App.jsx:530 [App] Received interaction: Object
App.jsx:530 [App] Received interaction: Object
TVChartContainer.jsx:369 [TVChart] selectedInteraction changed: Object
TVChartContainer.jsx:400 [TVChart] Chart is ready, proceeding to draw marker
TVChartContainer.jsx:414 [TVChart] Drawing marker for interaction time: 1775537340
TVChartContainer.jsx:453 [TVChart] Matched to candle at 1775537340 with high 22966.400390625 -> icon at 22989.15
TVChartContainer.jsx:591 [TVChart] Updating fan visibility: Array(1)
TVChartContainer.jsx:670 [TVChart] Pattern dots toggle changed: showPatternDots = true
TVChartContainer.jsx:692 [TVChart] Pattern markers buckets: 9 Array(9)
TVChartContainer.jsx:700 [TVChart] Bucket 1775534400_pattern_MARUBOZU has 1 markers
TVChartContainer.jsx:702 [TVChart] Processing marker: Object
TVChartContainer.jsx:711 [TVChart] Error toggling shape: There is no such shape
$RefreshSig$ @ TVChartContainer.jsx:711
TVChartContainer.jsx:700 [TVChart] Bucket 1775535000_pattern_DOJI has 1 markers
TVChartContainer.jsx:702 [TVChart] Processing marker: Object
TVChartContainer.jsx:711 [TVChart] Error toggling shape: There is no such shape
$RefreshSig$ @ TVChartContainer.jsx:711
TVChartContainer.jsx:700 [TVChart] Bucket 1775535300_pattern_DOJI has 1 markers
TVChartContainer.jsx:702 [TVChart] Processing marker: Object
TVChartContainer.jsx:711 [TVChart] Error toggling shape: There is no such shape
$RefreshSig$ @ TVChartContainer.jsx:711
TVChartContainer.jsx:700 [TVChart] Bucket 1775535600_pattern_SPINNING_TOP has 1 markers
TVChartContainer.jsx:702 [TVChart] Processing marker: Object
TVChartContainer.jsx:711 [TVChart] Error toggling shape: There is no such shape
$RefreshSig$ @ TVChartContainer.jsx:711
TVChartContainer.jsx:700 [TVChart] Bucket 1775536200_pattern_SPINNING_TOP has 1 markers
TVChartContainer.jsx:702 [TVChart] Processing marker: Object
TVChartContainer.jsx:711 [TVChart] Error toggling shape: There is no such shape
$RefreshSig$ @ TVChartContainer.jsx:711
TVChartContainer.jsx:700 [TVChart] Bucket 1775536500_pattern_SPINNING_TOP has 1 markers
TVChartContainer.jsx:702 [TVChart] Processing marker: Object
TVChartContainer.jsx:711 [TVChart] Error toggling shape: There is no such shape
$RefreshSig$ @ TVChartContainer.jsx:711
TVChartContainer.jsx:700 [TVChart] Bucket 1775537100_pattern_SHOOTING_STAR has 1 markers
TVChartContainer.jsx:702 [TVChart] Processing marker: Object
TVChartContainer.jsx:711 [TVChart] Error toggling shape: There is no such shape
$RefreshSig$ @ TVChartContainer.jsx:711
TVChartContainer.jsx:700 [TVChart] Bucket 1775537700_pattern_SHOOTING_STAR has 1 markers
TVChartContainer.jsx:702 [TVChart] Processing marker: Object
TVChartContainer.jsx:711 [TVChart] Error toggling shape: There is no such shape
$RefreshSig$ @ TVChartContainer.jsx:711
TVChartContainer.jsx:700 [TVChart] Bucket 1775538300_pattern_PINBAR has 1 markers
TVChartContainer.jsx:702 [TVChart] Processing marker: Object
TVChartContainer.jsx:711 [TVChart] Error toggling shape: There is no such shape
$RefreshSig$ @ TVChartContainer.jsx:711
TVChartContainer.jsx:670 [TVChart] Pattern dots toggle changed: showPatternDots = false
TVChartContainer.jsx:692 [TVChart] Pattern markers buckets: 9 Array(9)
TVChartContainer.jsx:700 [TVChart] Bucket 1775534400_pattern_MARUBOZU has 1 markers
TVChartContainer.jsx:702 [TVChart] Processing marker: Object
TVChartContainer.jsx:711 [TVChart] Error toggling shape: There is no such shape
$RefreshSig$ @ TVChartContainer.jsx:711
TVChartContainer.jsx:700 [TVChart] Bucket 1775535000_pattern_DOJI has 1 markers
TVChartContainer.jsx:702 [TVChart] Processing marker: Object
TVChartContainer.jsx:711 [TVChart] Error toggling shape: There is no such shape
$RefreshSig$ @ TVChartContainer.jsx:711
TVChartContainer.jsx:700 [TVChart] Bucket 1775535300_pattern_DOJI has 1 markers
TVChartContainer.jsx:702 [TVChart] Processing marker: Object
TVChartContainer.jsx:711 [TVChart] Error toggling shape: There is no such shape
$RefreshSig$ @ TVChartContainer.jsx:711
TVChartContainer.jsx:700 [TVChart] Bucket 1775535600_pattern_SPINNING_TOP has 1 markers
TVChartContainer.jsx:702 [TVChart] Processing marker: Object
TVChartContainer.jsx:711 [TVChart] Error toggling shape: There is no such shape
$RefreshSig$ @ TVChartContainer.jsx:711
TVChartContainer.jsx:700 [TVChart] Bucket 1775536200_pattern_SPINNING_TOP has 1 markers
TVChartContainer.jsx:702 [TVChart] Processing marker: Object
TVChartContainer.jsx:711 [TVChart] Error toggling shape: There is no such shape
$RefreshSig$ @ TVChartContainer.jsx:711
TVChartContainer.jsx:700 [TVChart] Bucket 1775536500_pattern_SPINNING_TOP has 1 markers
TVChartContainer.jsx:702 [TVChart] Processing marker: Object
TVChartContainer.jsx:711 [TVChart] Error toggling shape: There is no such shape
$RefreshSig$ @ TVChartContainer.jsx:711
TVChartContainer.jsx:700 [TVChart] Bucket 1775537100_pattern_SHOOTING_STAR has 1 markers
TVChartContainer.jsx:702 [TVChart] Processing marker: Object
TVChartContainer.jsx:711 [TVChart] Error toggling shape: There is no such shape
$RefreshSig$ @ TVChartContainer.jsx:711
TVChartContainer.jsx:700 [TVChart] Bucket 1775537700_pattern_SHOOTING_STAR has 1 markers
TVChartContainer.jsx:702 [TVChart] Processing marker: Object
TVChartContainer.jsx:711 [TVChart] Error toggling shape: There is no such shape
$RefreshSig$ @ TVChartContainer.jsx:711
TVChartContainer.jsx:700 [TVChart] Bucket 1775538300_pattern_PINBAR has 1 markers
TVChartContainer.jsx:702 [TVChart] Processing marker: Object
TVChartContainer.jsx:711 [TVChart] Error toggling shape: There is no such shape
$RefreshSig$ @ TVChartContainer.jsx:711
